============================================================================================== 
Warning! Mixing Conda and module environments may lead to corruption of the
user environment. 
We do not recommend users mixing those two environments unless absolutely
necessary. Note that 
SURF does not provide any support for Conda environment.
For more information, please refer to our software policy page:
https://servicedesk.surf.nl/wiki/display/WIKI/Software+policy+Snellius#SoftwarepolicySnellius-UseofAnacondaandMinicondaenvironmentsonSnellius 

Remember that many packages have already been installed on the system and can
be loaded using 
the 'module load <package__name>' command. If you are uncertain if a package is
already available 
on the system, please use 'module avail' or 'module spider' to search for it.
============================================================================================== 
Building consolidated report artifacts...
Results root: results
Output directory: results/report
INFO:__main__:Scanning results for checkpoints and eval results...
INFO:__main__:Loading consolidated CSVs...
INFO:__main__:Loading consolidated CSV: results/evals/stage1_test_consolidated.csv
INFO:__main__:Loading consolidated CSV: results/evals/stage2_test_consolidated.csv
INFO:__main__:Loading consolidated CSV: results/evals/stage2_hf_specific_checkpoints.csv
INFO:__main__:Found 15 metric entries
INFO:__main__:Saved Stage 1 master CSV to results/report/master_metrics_stage1.csv
INFO:__main__:Saved Stage 2 master CSV to results/report/master_metrics_stage2.csv
INFO:__main__:Saved combined master CSV to results/report/master_metrics.csv
/gpfs/scratch1/shared/pnair/Project_AI/scripts/analysis/build_report_artifacts.py:279: FutureWarning: 

Passing `palette` without assigning `hue` is deprecated and will be removed in v0.14.0. Assign the `x` variable to `hue` and set `legend=False` for the same effect.

  sns.barplot(data=df_test, x="variant", y="meta_acc", order=variant_order, ax=ax,
/gpfs/scratch1/shared/pnair/Project_AI/scripts/analysis/build_report_artifacts.py:302: FutureWarning: 

Passing `palette` without assigning `hue` is deprecated and will be removed in v0.14.0. Assign the `x` variable to `hue` and set `legend=False` for the same effect.

  sns.barplot(data=df_test, x="variant", y="parent_acc", order=variant_order, ax=ax,
/gpfs/scratch1/shared/pnair/Project_AI/scripts/analysis/build_report_artifacts.py:326: FutureWarning: 

Passing `palette` without assigning `hue` is deprecated and will be removed in v0.14.0. Assign the `x` variable to `hue` and set `legend=False` for the same effect.

  sns.barplot(data=df_test, x="variant", y="meta_acc_top5", order=variant_order, ax=ax,
/gpfs/scratch1/shared/pnair/Project_AI/scripts/analysis/build_report_artifacts.py:349: FutureWarning: 

Passing `palette` without assigning `hue` is deprecated and will be removed in v0.14.0. Assign the `x` variable to `hue` and set `legend=False` for the same effect.

  sns.barplot(data=df_test, x="variant", y="parent_acc_top5", order=variant_order, ax=ax,
INFO:fontTools.subset:maxp pruned
INFO:fontTools.subset:cmap pruned
INFO:fontTools.subset:kern dropped
INFO:fontTools.subset:post pruned
INFO:fontTools.subset:FFTM dropped
INFO:fontTools.subset:GPOS pruned
INFO:fontTools.subset:GSUB pruned
INFO:fontTools.subset:glyf pruned
INFO:fontTools.subset:Added gid0 to subset
INFO:fontTools.subset:Added first four glyphs to subset
INFO:fontTools.subset:Closing glyph list over 'GSUB': 45 glyphs before
INFO:fontTools.subset:Glyph names: ['.notdef', '.null', 'A', 'C', 'M', 'P', 'S', 'T', 'V', 'a', 'b', 'c', 'colon', 'd', 'e', 'eight', 'f', 'five', 'four', 'g', 'h', 'hyphen', 'i', 'l', 'm', 'n', 'nine', 'nonmarkingreturn', 'o', 'one', 'p', 'parenleft', 'parenright', 'period', 'r', 's', 'seven', 'six', 'space', 't', 'three', 'two', 'u', 'y', 'zero']
INFO:fontTools.subset:Glyph IDs:   [0, 1, 2, 3, 11, 12, 16, 17, 19, 20, 21, 22, 23, 24, 25, 26, 27, 28, 29, 36, 38, 48, 51, 54, 55, 57, 68, 69, 70, 71, 72, 73, 74, 75, 76, 79, 80, 81, 82, 83, 85, 86, 87, 88, 92]
INFO:fontTools.subset:Closed glyph list over 'GSUB': 50 glyphs after
INFO:fontTools.subset:Glyph names: ['.notdef', '.null', 'A', 'C', 'M', 'P', 'S', 'T', 'V', 'a', 'b', 'c', 'colon', 'd', 'e', 'eight', 'f', 'fi', 'five', 'fl', 'four', 'g', 'h', 'hyphen', 'i', 'l', 'm', 'n', 'nine', 'nonmarkingreturn', 'o', 'one', 'p', 'parenleft', 'parenright', 'period', 'r', 's', 'seven', 'six', 'space', 't', 'three', 'two', 'u', 'uniFB00', 'uniFB03', 'uniFB04', 'y', 'zero']
INFO:fontTools.subset:Glyph IDs:   [0, 1, 2, 3, 11, 12, 16, 17, 19, 20, 21, 22, 23, 24, 25, 26, 27, 28, 29, 36, 38, 48, 51, 54, 55, 57, 68, 69, 70, 71, 72, 73, 74, 75, 76, 79, 80, 81, 82, 83, 85, 86, 87, 88, 92, 5034, 5035, 5036, 5037, 5038]
INFO:fontTools.subset:Closing glyph list over 'glyf': 50 glyphs before
INFO:fontTools.subset:Glyph names: ['.notdef', '.null', 'A', 'C', 'M', 'P', 'S', 'T', 'V', 'a', 'b', 'c', 'colon', 'd', 'e', 'eight', 'f', 'fi', 'five', 'fl', 'four', 'g', 'h', 'hyphen', 'i', 'l', 'm', 'n', 'nine', 'nonmarkingreturn', 'o', 'one', 'p', 'parenleft', 'parenright', 'period', 'r', 's', 'seven', 'six', 'space', 't', 'three', 'two', 'u', 'uniFB00', 'uniFB03', 'uniFB04', 'y', 'zero']
INFO:fontTools.subset:Glyph IDs:   [0, 1, 2, 3, 11, 12, 16, 17, 19, 20, 21, 22, 23, 24, 25, 26, 27, 28, 29, 36, 38, 48, 51, 54, 55, 57, 68, 69, 70, 71, 72, 73, 74, 75, 76, 79, 80, 81, 82, 83, 85, 86, 87, 88, 92, 5034, 5035, 5036, 5037, 5038]
INFO:fontTools.subset:Closed glyph list over 'glyf': 50 glyphs after
INFO:fontTools.subset:Glyph names: ['.notdef', '.null', 'A', 'C', 'M', 'P', 'S', 'T', 'V', 'a', 'b', 'c', 'colon', 'd', 'e', 'eight', 'f', 'fi', 'five', 'fl', 'four', 'g', 'h', 'hyphen', 'i', 'l', 'm', 'n', 'nine', 'nonmarkingreturn', 'o', 'one', 'p', 'parenleft', 'parenright', 'period', 'r', 's', 'seven', 'six', 'space', 't', 'three', 'two', 'u', 'uniFB00', 'uniFB03', 'uniFB04', 'y', 'zero']
INFO:fontTools.subset:Glyph IDs:   [0, 1, 2, 3, 11, 12, 16, 17, 19, 20, 21, 22, 23, 24, 25, 26, 27, 28, 29, 36, 38, 48, 51, 54, 55, 57, 68, 69, 70, 71, 72, 73, 74, 75, 76, 79, 80, 81, 82, 83, 85, 86, 87, 88, 92, 5034, 5035, 5036, 5037, 5038]
INFO:fontTools.subset:Retaining 50 glyphs
INFO:fontTools.subset:head subsetting not needed
INFO:fontTools.subset:hhea subsetting not needed
INFO:fontTools.subset:maxp subsetting not needed
INFO:fontTools.subset:OS/2 subsetting not needed
INFO:fontTools.subset:hmtx subsetted
INFO:fontTools.subset:cmap subsetted
INFO:fontTools.subset:fpgm subsetting not needed
INFO:fontTools.subset:prep subsetting not needed
INFO:fontTools.subset:cvt  subsetting not needed
INFO:fontTools.subset:loca subsetting not needed
INFO:fontTools.subset:post subsetted
INFO:fontTools.subset:gasp subsetting not needed
INFO:fontTools.subset:GDEF subsetted
INFO:fontTools.subset:GPOS subsetted
INFO:fontTools.subset:GSUB subsetted
INFO:fontTools.subset:name subsetting not needed
INFO:fontTools.subset:glyf subsetted
INFO:fontTools.subset:head pruned
INFO:fontTools.subset:OS/2 Unicode ranges pruned: [0]
INFO:fontTools.subset:OS/2 CodePage ranges pruned: [0]
INFO:fontTools.subset:glyf pruned
INFO:fontTools.subset:GDEF pruned
INFO:fontTools.subset:GPOS pruned
INFO:fontTools.subset:GSUB pruned
INFO:fontTools.subset:name pruned
INFO:fontTools.subset:maxp pruned
INFO:fontTools.subset:cmap pruned
INFO:fontTools.subset:kern dropped
INFO:fontTools.subset:post pruned
INFO:fontTools.subset:FFTM dropped
INFO:fontTools.subset:GPOS pruned
INFO:fontTools.subset:GSUB pruned
INFO:fontTools.subset:glyf pruned
INFO:fontTools.subset:Added gid0 to subset
INFO:fontTools.subset:Added first four glyphs to subset
INFO:fontTools.subset:Closing glyph list over 'MATH': 23 glyphs before
INFO:fontTools.subset:Glyph names: ['.notdef', '.null', 'D', 'F', 'a', 'd', 'e', 'eight', 'f', 'four', 'i', 'l', 'n', 'nonmarkingreturn', 'one', 'period', 'seven', 'six', 'space', 't', 'two', 'u', 'zero']
INFO:fontTools.subset:Glyph IDs:   [0, 1, 2, 3, 17, 19, 20, 21, 23, 25, 26, 27, 39, 41, 68, 71, 72, 73, 76, 79, 81, 87, 88]
INFO:fontTools.subset:Closed glyph list over 'MATH': 23 glyphs after
INFO:fontTools.subset:Glyph names: ['.notdef', '.null', 'D', 'F', 'a', 'd', 'e', 'eight', 'f', 'four', 'i', 'l', 'n', 'nonmarkingreturn', 'one', 'period', 'seven', 'six', 'space', 't', 'two', 'u', 'zero']
INFO:fontTools.subset:Glyph IDs:   [0, 1, 2, 3, 17, 19, 20, 21, 23, 25, 26, 27, 39, 41, 68, 71, 72, 73, 76, 79, 81, 87, 88]
INFO:fontTools.subset:Closing glyph list over 'GSUB': 23 glyphs before
INFO:fontTools.subset:Glyph names: ['.notdef', '.null', 'D', 'F', 'a', 'd', 'e', 'eight', 'f', 'four', 'i', 'l', 'n', 'nonmarkingreturn', 'one', 'period', 'seven', 'six', 'space', 't', 'two', 'u', 'zero']
INFO:fontTools.subset:Glyph IDs:   [0, 1, 2, 3, 17, 19, 20, 21, 23, 25, 26, 27, 39, 41, 68, 71, 72, 73, 76, 79, 81, 87, 88]
INFO:fontTools.subset:Closed glyph list over 'GSUB': 28 glyphs after
INFO:fontTools.subset:Glyph names: ['.notdef', '.null', 'D', 'F', 'a', 'd', 'e', 'eight', 'f', 'fi', 'fl', 'four', 'i', 'l', 'n', 'nonmarkingreturn', 'one', 'period', 'seven', 'six', 'space', 't', 'two', 'u', 'uniFB00', 'uniFB03', 'uniFB04', 'zero']
INFO:fontTools.subset:Glyph IDs:   [0, 1, 2, 3, 17, 19, 20, 21, 23, 25, 26, 27, 39, 41, 68, 71, 72, 73, 76, 79, 81, 87, 88, 5038, 5039, 5040, 5041, 5042]
INFO:fontTools.subset:Closing glyph list over 'glyf': 28 glyphs before
INFO:fontTools.subset:Glyph names: ['.notdef', '.null', 'D', 'F', 'a', 'd', 'e', 'eight', 'f', 'fi', 'fl', 'four', 'i', 'l', 'n', 'nonmarkingreturn', 'one', 'period', 'seven', 'six', 'space', 't', 'two', 'u', 'uniFB00', 'uniFB03', 'uniFB04', 'zero']
INFO:fontTools.subset:Glyph IDs:   [0, 1, 2, 3, 17, 19, 20, 21, 23, 25, 26, 27, 39, 41, 68, 71, 72, 73, 76, 79, 81, 87, 88, 5038, 5039, 5040, 5041, 5042]
INFO:fontTools.subset:Closed glyph list over 'glyf': 28 glyphs after
INFO:fontTools.subset:Glyph names: ['.notdef', '.null', 'D', 'F', 'a', 'd', 'e', 'eight', 'f', 'fi', 'fl', 'four', 'i', 'l', 'n', 'nonmarkingreturn', 'one', 'period', 'seven', 'six', 'space', 't', 'two', 'u', 'uniFB00', 'uniFB03', 'uniFB04', 'zero']
INFO:fontTools.subset:Glyph IDs:   [0, 1, 2, 3, 17, 19, 20, 21, 23, 25, 26, 27, 39, 41, 68, 71, 72, 73, 76, 79, 81, 87, 88, 5038, 5039, 5040, 5041, 5042]
INFO:fontTools.subset:Retaining 28 glyphs
INFO:fontTools.subset:head subsetting not needed
INFO:fontTools.subset:hhea subsetting not needed
INFO:fontTools.subset:maxp subsetting not needed
INFO:fontTools.subset:OS/2 subsetting not needed
INFO:fontTools.subset:hmtx subsetted
INFO:fontTools.subset:cmap subsetted
INFO:fontTools.subset:fpgm subsetting not needed
INFO:fontTools.subset:prep subsetting not needed
INFO:fontTools.subset:cvt  subsetting not needed
INFO:fontTools.subset:loca subsetting not needed
INFO:fontTools.subset:post subsetted
INFO:fontTools.subset:gasp subsetting not needed
INFO:fontTools.subset:MATH subsetted
INFO:fontTools.subset:GDEF subsetted
INFO:fontTools.subset:GPOS subsetted
INFO:fontTools.subset:GSUB subsetted
INFO:fontTools.subset:name subsetting not needed
INFO:fontTools.subset:glyf subsetted
INFO:fontTools.subset:head pruned
INFO:fontTools.subset:OS/2 Unicode ranges pruned: [0]
INFO:fontTools.subset:OS/2 CodePage ranges pruned: [0]
INFO:fontTools.subset:glyf pruned
INFO:fontTools.subset:GDEF pruned
INFO:fontTools.subset:GPOS pruned
INFO:fontTools.subset:GSUB pruned
INFO:fontTools.subset:name pruned
INFO:__main__:Saved Stage 1 plots to results/report
/gpfs/scratch1/shared/pnair/Project_AI/scripts/analysis/build_report_artifacts.py:673: UserWarning:

set_ticklabels() should only be used with a fixed number of ticks, i.e. after set_ticks() or using a FixedLocator.

/gpfs/scratch1/shared/pnair/Project_AI/scripts/analysis/build_report_artifacts.py:701: UserWarning:

set_ticklabels() should only be used with a fixed number of ticks, i.e. after set_ticks() or using a FixedLocator.

/gpfs/scratch1/shared/pnair/Project_AI/scripts/analysis/build_report_artifacts.py:738: UserWarning:

set_ticklabels() should only be used with a fixed number of ticks, i.e. after set_ticks() or using a FixedLocator.

/gpfs/scratch1/shared/pnair/Project_AI/scripts/analysis/build_report_artifacts.py:763: UserWarning:

set_ticklabels() should only be used with a fixed number of ticks, i.e. after set_ticks() or using a FixedLocator.

INFO:fontTools.subset:maxp pruned
INFO:fontTools.subset:cmap pruned
INFO:fontTools.subset:kern dropped
INFO:fontTools.subset:post pruned
INFO:fontTools.subset:FFTM dropped
INFO:fontTools.subset:GPOS pruned
INFO:fontTools.subset:GSUB pruned
INFO:fontTools.subset:glyf pruned
INFO:fontTools.subset:Added gid0 to subset
INFO:fontTools.subset:Added first four glyphs to subset
INFO:fontTools.subset:Closing glyph list over 'GSUB': 47 glyphs before
INFO:fontTools.subset:Glyph names: ['.notdef', '.null', 'A', 'C', 'D', 'E', 'M', 'R', 'S', 'T', 'a', 'b', 'c', 'colon', 'd', 'e', 'eight', 'f', 'five', 'four', 'g', 'h', 'i', 'k', 'l', 'm', 'n', 'nine', 'nonmarkingreturn', 'o', 'one', 'p', 'parenleft', 'parenright', 'period', 'r', 's', 'seven', 'six', 'space', 't', 'three', 'two', 'u', 'v', 'y', 'zero']
INFO:fontTools.subset:Glyph IDs:   [0, 1, 2, 3, 11, 12, 17, 19, 20, 21, 22, 23, 24, 25, 26, 27, 28, 29, 36, 38, 39, 40, 48, 53, 54, 55, 68, 69, 70, 71, 72, 73, 74, 75, 76, 78, 79, 80, 81, 82, 83, 85, 86, 87, 88, 89, 92]
INFO:fontTools.subset:Closed glyph list over 'GSUB': 52 glyphs after
INFO:fontTools.subset:Glyph names: ['.notdef', '.null', 'A', 'C', 'D', 'E', 'M', 'R', 'S', 'T', 'a', 'b', 'c', 'colon', 'd', 'e', 'eight', 'f', 'fi', 'five', 'fl', 'four', 'g', 'h', 'i', 'k', 'l', 'm', 'n', 'nine', 'nonmarkingreturn', 'o', 'one', 'p', 'parenleft', 'parenright', 'period', 'r', 's', 'seven', 'six', 'space', 't', 'three', 'two', 'u', 'uniFB00', 'uniFB03', 'uniFB04', 'v', 'y', 'zero']
INFO:fontTools.subset:Glyph IDs:   [0, 1, 2, 3, 11, 12, 17, 19, 20, 21, 22, 23, 24, 25, 26, 27, 28, 29, 36, 38, 39, 40, 48, 53, 54, 55, 68, 69, 70, 71, 72, 73, 74, 75, 76, 78, 79, 80, 81, 82, 83, 85, 86, 87, 88, 89, 92, 5034, 5035, 5036, 5037, 5038]
INFO:fontTools.subset:Closing glyph list over 'glyf': 52 glyphs before
INFO:fontTools.subset:Glyph names: ['.notdef', '.null', 'A', 'C', 'D', 'E', 'M', 'R', 'S', 'T', 'a', 'b', 'c', 'colon', 'd', 'e', 'eight', 'f', 'fi', 'five', 'fl', 'four', 'g', 'h', 'i', 'k', 'l', 'm', 'n', 'nine', 'nonmarkingreturn', 'o', 'one', 'p', 'parenleft', 'parenright', 'period', 'r', 's', 'seven', 'six', 'space', 't', 'three', 'two', 'u', 'uniFB00', 'uniFB03', 'uniFB04', 'v', 'y', 'zero']
INFO:fontTools.subset:Glyph IDs:   [0, 1, 2, 3, 11, 12, 17, 19, 20, 21, 22, 23, 24, 25, 26, 27, 28, 29, 36, 38, 39, 40, 48, 53, 54, 55, 68, 69, 70, 71, 72, 73, 74, 75, 76, 78, 79, 80, 81, 82, 83, 85, 86, 87, 88, 89, 92, 5034, 5035, 5036, 5037, 5038]
INFO:fontTools.subset:Closed glyph list over 'glyf': 52 glyphs after
INFO:fontTools.subset:Glyph names: ['.notdef', '.null', 'A', 'C', 'D', 'E', 'M', 'R', 'S', 'T', 'a', 'b', 'c', 'colon', 'd', 'e', 'eight', 'f', 'fi', 'five', 'fl', 'four', 'g', 'h', 'i', 'k', 'l', 'm', 'n', 'nine', 'nonmarkingreturn', 'o', 'one', 'p', 'parenleft', 'parenright', 'period', 'r', 's', 'seven', 'six', 'space', 't', 'three', 'two', 'u', 'uniFB00', 'uniFB03', 'uniFB04', 'v', 'y', 'zero']
INFO:fontTools.subset:Glyph IDs:   [0, 1, 2, 3, 11, 12, 17, 19, 20, 21, 22, 23, 24, 25, 26, 27, 28, 29, 36, 38, 39, 40, 48, 53, 54, 55, 68, 69, 70, 71, 72, 73, 74, 75, 76, 78, 79, 80, 81, 82, 83, 85, 86, 87, 88, 89, 92, 5034, 5035, 5036, 5037, 5038]
INFO:fontTools.subset:Retaining 52 glyphs
INFO:fontTools.subset:head subsetting not needed
INFO:fontTools.subset:hhea subsetting not needed
INFO:fontTools.subset:maxp subsetting not needed
INFO:fontTools.subset:OS/2 subsetting not needed
INFO:fontTools.subset:hmtx subsetted
INFO:fontTools.subset:cmap subsetted
INFO:fontTools.subset:fpgm subsetting not needed
INFO:fontTools.subset:prep subsetting not needed
INFO:fontTools.subset:cvt  subsetting not needed
INFO:fontTools.subset:loca subsetting not needed
INFO:fontTools.subset:post subsetted
INFO:fontTools.subset:gasp subsetting not needed
INFO:fontTools.subset:GDEF subsetted
INFO:fontTools.subset:GPOS subsetted
INFO:fontTools.subset:GSUB subsetted
INFO:fontTools.subset:name subsetting not needed
INFO:fontTools.subset:glyf subsetted
INFO:fontTools.subset:head pruned
INFO:fontTools.subset:OS/2 Unicode ranges pruned: [0]
INFO:fontTools.subset:OS/2 CodePage ranges pruned: [0]
INFO:fontTools.subset:glyf pruned
INFO:fontTools.subset:GDEF pruned
INFO:fontTools.subset:GPOS pruned
INFO:fontTools.subset:GSUB pruned
INFO:fontTools.subset:name pruned
INFO:fontTools.subset:maxp pruned
INFO:fontTools.subset:cmap pruned
INFO:fontTools.subset:kern dropped
INFO:fontTools.subset:post pruned
INFO:fontTools.subset:FFTM dropped
INFO:fontTools.subset:GPOS pruned
INFO:fontTools.subset:GSUB pruned
INFO:fontTools.subset:glyf pruned
INFO:fontTools.subset:Added gid0 to subset
INFO:fontTools.subset:Added first four glyphs to subset
INFO:fontTools.subset:Closing glyph list over 'MATH': 48 glyphs before
INFO:fontTools.subset:Glyph names: ['.notdef', '.null', 'B', 'C', 'D', 'F', 'G', 'I', 'L', 'O', 'P', 'R', 'T', 'V', 'a', 'c', 'd', 'e', 'eight', 'f', 'five', 'four', 'g', 'h', 'i', 'k', 'l', 'less', 'm', 'n', 'nonmarkingreturn', 'o', 'one', 'p', 'parenleft', 'parenright', 'period', 'r', 's', 'seven', 'six', 'space', 't', 'three', 'two', 'u', 'y', 'zero']
INFO:fontTools.subset:Glyph IDs:   [0, 1, 2, 3, 11, 12, 17, 19, 20, 21, 22, 23, 24, 25, 26, 27, 31, 37, 38, 39, 41, 42, 44, 47, 50, 51, 53, 55, 57, 68, 70, 71, 72, 73, 74, 75, 76, 78, 79, 80, 81, 82, 83, 85, 86, 87, 88, 92]
INFO:fontTools.subset:Closed glyph list over 'MATH': 54 glyphs after
INFO:fontTools.subset:Glyph names: ['.notdef', '.null', 'B', 'C', 'D', 'F', 'G', 'I', 'L', 'O', 'P', 'R', 'T', 'V', 'a', 'c', 'd', 'e', 'eight', 'f', 'five', 'four', 'g', 'h', 'i', 'k', 'l', 'less', 'm', 'n', 'nonmarkingreturn', 'o', 'one', 'p', 'parenleft', 'parenright', 'period', 'r', 's', 'seven', 'six', 'space', 't', 'three', 'two', 'u', 'uni239B', 'uni239C', 'uni239D', 'uni239E', 'uni239F', 'uni23A0', 'y', 'zero']
INFO:fontTools.subset:Glyph IDs:   [0, 1, 2, 3, 11, 12, 17, 19, 20, 21, 22, 23, 24, 25, 26, 27, 31, 37, 38, 39, 41, 42, 44, 47, 50, 51, 53, 55, 57, 68, 70, 71, 72, 73, 74, 75, 76, 78, 79, 80, 81, 82, 83, 85, 86, 87, 88, 92, 3506, 3507, 3508, 3509, 3510, 3511]
INFO:fontTools.subset:Closing glyph list over 'GSUB': 54 glyphs before
INFO:fontTools.subset:Glyph names: ['.notdef', '.null', 'B', 'C', 'D', 'F', 'G', 'I', 'L', 'O', 'P', 'R', 'T', 'V', 'a', 'c', 'd', 'e', 'eight', 'f', 'five', 'four', 'g', 'h', 'i', 'k', 'l', 'less', 'm', 'n', 'nonmarkingreturn', 'o', 'one', 'p', 'parenleft', 'parenright', 'period', 'r', 's', 'seven', 'six', 'space', 't', 'three', 'two', 'u', 'uni239B', 'uni239C', 'uni239D', 'uni239E', 'uni239F', 'uni23A0', 'y', 'zero']
INFO:fontTools.subset:Glyph IDs:   [0, 1, 2, 3, 11, 12, 17, 19, 20, 21, 22, 23, 24, 25, 26, 27, 31, 37, 38, 39, 41, 42, 44, 47, 50, 51, 53, 55, 57, 68, 70, 71, 72, 73, 74, 75, 76, 78, 79, 80, 81, 82, 83, 85, 86, 87, 88, 92, 3506, 3507, 3508, 3509, 3510, 3511]
INFO:fontTools.subset:Closed glyph list over 'GSUB': 59 glyphs after
INFO:fontTools.subset:Glyph names: ['.notdef', '.null', 'B', 'C', 'D', 'F', 'G', 'I', 'L', 'O', 'P', 'R', 'T', 'V', 'a', 'c', 'd', 'e', 'eight', 'f', 'fi', 'five', 'fl', 'four', 'g', 'h', 'i', 'k', 'l', 'less', 'm', 'n', 'nonmarkingreturn', 'o', 'one', 'p', 'parenleft', 'parenright', 'period', 'r', 's', 'seven', 'six', 'space', 't', 'three', 'two', 'u', 'uni239B', 'uni239C', 'uni239D', 'uni239E', 'uni239F', 'uni23A0', 'uniFB00', 'uniFB03', 'uniFB04', 'y', 'zero']
INFO:fontTools.subset:Glyph IDs:   [0, 1, 2, 3, 11, 12, 17, 19, 20, 21, 22, 23, 24, 25, 26, 27, 31, 37, 38, 39, 41, 42, 44, 47, 50, 51, 53, 55, 57, 68, 70, 71, 72, 73, 74, 75, 76, 78, 79, 80, 81, 82, 83, 85, 86, 87, 88, 92, 3506, 3507, 3508, 3509, 3510, 3511, 5038, 5039, 5040, 5041, 5042]
INFO:fontTools.subset:Closing glyph list over 'glyf': 59 glyphs before
INFO:fontTools.subset:Glyph names: ['.notdef', '.null', 'B', 'C', 'D', 'F', 'G', 'I', 'L', 'O', 'P', 'R', 'T', 'V', 'a', 'c', 'd', 'e', 'eight', 'f', 'fi', 'five', 'fl', 'four', 'g', 'h', 'i', 'k', 'l', 'less', 'm', 'n', 'nonmarkingreturn', 'o', 'one', 'p', 'parenleft', 'parenright', 'period', 'r', 's', 'seven', 'six', 'space', 't', 'three', 'two', 'u', 'uni239B', 'uni239C', 'uni239D', 'uni239E', 'uni239F', 'uni23A0', 'uniFB00', 'uniFB03', 'uniFB04', 'y', 'zero']
INFO:fontTools.subset:Glyph IDs:   [0, 1, 2, 3, 11, 12, 17, 19, 20, 21, 22, 23, 24, 25, 26, 27, 31, 37, 38, 39, 41, 42, 44, 47, 50, 51, 53, 55, 57, 68, 70, 71, 72, 73, 74, 75, 76, 78, 79, 80, 81, 82, 83, 85, 86, 87, 88, 92, 3506, 3507, 3508, 3509, 3510, 3511, 5038, 5039, 5040, 5041, 5042]
INFO:fontTools.subset:Closed glyph list over 'glyf': 59 glyphs after
INFO:fontTools.subset:Glyph names: ['.notdef', '.null', 'B', 'C', 'D', 'F', 'G', 'I', 'L', 'O', 'P', 'R', 'T', 'V', 'a', 'c', 'd', 'e', 'eight', 'f', 'fi', 'five', 'fl', 'four', 'g', 'h', 'i', 'k', 'l', 'less', 'm', 'n', 'nonmarkingreturn', 'o', 'one', 'p', 'parenleft', 'parenright', 'period', 'r', 's', 'seven', 'six', 'space', 't', 'three', 'two', 'u', 'uni239B', 'uni239C', 'uni239D', 'uni239E', 'uni239F', 'uni23A0', 'uniFB00', 'uniFB03', 'uniFB04', 'y', 'zero']
INFO:fontTools.subset:Glyph IDs:   [0, 1, 2, 3, 11, 12, 17, 19, 20, 21, 22, 23, 24, 25, 26, 27, 31, 37, 38, 39, 41, 42, 44, 47, 50, 51, 53, 55, 57, 68, 70, 71, 72, 73, 74, 75, 76, 78, 79, 80, 81, 82, 83, 85, 86, 87, 88, 92, 3506, 3507, 3508, 3509, 3510, 3511, 5038, 5039, 5040, 5041, 5042]
INFO:fontTools.subset:Retaining 59 glyphs
INFO:fontTools.subset:head subsetting not needed
INFO:fontTools.subset:hhea subsetting not needed
INFO:fontTools.subset:maxp subsetting not needed
INFO:fontTools.subset:OS/2 subsetting not needed
INFO:fontTools.subset:hmtx subsetted
INFO:fontTools.subset:cmap subsetted
INFO:fontTools.subset:fpgm subsetting not needed
INFO:fontTools.subset:prep subsetting not needed
INFO:fontTools.subset:cvt  subsetting not needed
INFO:fontTools.subset:loca subsetting not needed
INFO:fontTools.subset:post subsetted
INFO:fontTools.subset:gasp subsetting not needed
INFO:fontTools.subset:MATH subsetted
INFO:fontTools.subset:GDEF subsetted
INFO:fontTools.subset:GPOS subsetted
INFO:fontTools.subset:GSUB subsetted
INFO:fontTools.subset:name subsetting not needed
INFO:fontTools.subset:glyf subsetted
INFO:fontTools.subset:head pruned
INFO:fontTools.subset:OS/2 Unicode ranges pruned: [0]
INFO:fontTools.subset:OS/2 CodePage ranges pruned: [0]
INFO:fontTools.subset:glyf pruned
INFO:fontTools.subset:GDEF pruned
INFO:fontTools.subset:GPOS pruned
INFO:fontTools.subset:GSUB pruned
INFO:fontTools.subset:name pruned
/gpfs/scratch1/shared/pnair/Project_AI/scripts/analysis/build_report_artifacts.py:800: UserWarning:

set_ticklabels() should only be used with a fixed number of ticks, i.e. after set_ticks() or using a FixedLocator.

/gpfs/scratch1/shared/pnair/Project_AI/scripts/analysis/build_report_artifacts.py:830: UserWarning:

set_ticklabels() should only be used with a fixed number of ticks, i.e. after set_ticks() or using a FixedLocator.

/gpfs/scratch1/shared/pnair/Project_AI/scripts/analysis/build_report_artifacts.py:867: UserWarning:

set_ticklabels() should only be used with a fixed number of ticks, i.e. after set_ticks() or using a FixedLocator.

/gpfs/scratch1/shared/pnair/Project_AI/scripts/analysis/build_report_artifacts.py:913: UserWarning:

set_ticklabels() should only be used with a fixed number of ticks, i.e. after set_ticks() or using a FixedLocator.

INFO:fontTools.subset:maxp pruned
INFO:fontTools.subset:cmap pruned
INFO:fontTools.subset:kern dropped
INFO:fontTools.subset:post pruned
INFO:fontTools.subset:FFTM dropped
INFO:fontTools.subset:GPOS pruned
INFO:fontTools.subset:GSUB pruned
INFO:fontTools.subset:glyf pruned
INFO:fontTools.subset:Added gid0 to subset
INFO:fontTools.subset:Added first four glyphs to subset
INFO:fontTools.subset:Closing glyph list over 'GSUB': 50 glyphs before
INFO:fontTools.subset:Glyph names: ['.notdef', '.null', 'A', 'C', 'D', 'E', 'F', 'G', 'H', 'M', 'R', 'S', 'T', 'a', 'b', 'c', 'colon', 'd', 'e', 'eight', 'f', 'five', 'four', 'g', 'h', 'i', 'k', 'l', 'm', 'n', 'nine', 'nonmarkingreturn', 'o', 'one', 'p', 'parenleft', 'parenright', 'period', 'r', 's', 'seven', 'six', 'space', 't', 'three', 'two', 'u', 'v', 'y', 'zero']
INFO:fontTools.subset:Glyph IDs:   [0, 1, 2, 3, 11, 12, 17, 19, 20, 21, 22, 23, 24, 25, 26, 27, 28, 29, 36, 38, 39, 40, 41, 42, 43, 48, 53, 54, 55, 68, 69, 70, 71, 72, 73, 74, 75, 76, 78, 79, 80, 81, 82, 83, 85, 86, 87, 88, 89, 92]
INFO:fontTools.subset:Closed glyph list over 'GSUB': 55 glyphs after
INFO:fontTools.subset:Glyph names: ['.notdef', '.null', 'A', 'C', 'D', 'E', 'F', 'G', 'H', 'M', 'R', 'S', 'T', 'a', 'b', 'c', 'colon', 'd', 'e', 'eight', 'f', 'fi', 'five', 'fl', 'four', 'g', 'h', 'i', 'k', 'l', 'm', 'n', 'nine', 'nonmarkingreturn', 'o', 'one', 'p', 'parenleft', 'parenright', 'period', 'r', 's', 'seven', 'six', 'space', 't', 'three', 'two', 'u', 'uniFB00', 'uniFB03', 'uniFB04', 'v', 'y', 'zero']
INFO:fontTools.subset:Glyph IDs:   [0, 1, 2, 3, 11, 12, 17, 19, 20, 21, 22, 23, 24, 25, 26, 27, 28, 29, 36, 38, 39, 40, 41, 42, 43, 48, 53, 54, 55, 68, 69, 70, 71, 72, 73, 74, 75, 76, 78, 79, 80, 81, 82, 83, 85, 86, 87, 88, 89, 92, 5034, 5035, 5036, 5037, 5038]
INFO:fontTools.subset:Closing glyph list over 'glyf': 55 glyphs before
INFO:fontTools.subset:Glyph names: ['.notdef', '.null', 'A', 'C', 'D', 'E', 'F', 'G', 'H', 'M', 'R', 'S', 'T', 'a', 'b', 'c', 'colon', 'd', 'e', 'eight', 'f', 'fi', 'five', 'fl', 'four', 'g', 'h', 'i', 'k', 'l', 'm', 'n', 'nine', 'nonmarkingreturn', 'o', 'one', 'p', 'parenleft', 'parenright', 'period', 'r', 's', 'seven', 'six', 'space', 't', 'three', 'two', 'u', 'uniFB00', 'uniFB03', 'uniFB04', 'v', 'y', 'zero']
INFO:fontTools.subset:Glyph IDs:   [0, 1, 2, 3, 11, 12, 17, 19, 20, 21, 22, 23, 24, 25, 26, 27, 28, 29, 36, 38, 39, 40, 41, 42, 43, 48, 53, 54, 55, 68, 69, 70, 71, 72, 73, 74, 75, 76, 78, 79, 80, 81, 82, 83, 85, 86, 87, 88, 89, 92, 5034, 5035, 5036, 5037, 5038]
INFO:fontTools.subset:Closed glyph list over 'glyf': 55 glyphs after
INFO:fontTools.subset:Glyph names: ['.notdef', '.null', 'A', 'C', 'D', 'E', 'F', 'G', 'H', 'M', 'R', 'S', 'T', 'a', 'b', 'c', 'colon', 'd', 'e', 'eight', 'f', 'fi', 'five', 'fl', 'four', 'g', 'h', 'i', 'k', 'l', 'm', 'n', 'nine', 'nonmarkingreturn', 'o', 'one', 'p', 'parenleft', 'parenright', 'period', 'r', 's', 'seven', 'six', 'space', 't', 'three', 'two', 'u', 'uniFB00', 'uniFB03', 'uniFB04', 'v', 'y', 'zero']
INFO:fontTools.subset:Glyph IDs:   [0, 1, 2, 3, 11, 12, 17, 19, 20, 21, 22, 23, 24, 25, 26, 27, 28, 29, 36, 38, 39, 40, 41, 42, 43, 48, 53, 54, 55, 68, 69, 70, 71, 72, 73, 74, 75, 76, 78, 79, 80, 81, 82, 83, 85, 86, 87, 88, 89, 92, 5034, 5035, 5036, 5037, 5038]
INFO:fontTools.subset:Retaining 55 glyphs
INFO:fontTools.subset:head subsetting not needed
INFO:fontTools.subset:hhea subsetting not needed
INFO:fontTools.subset:maxp subsetting not needed
INFO:fontTools.subset:OS/2 subsetting not needed
INFO:fontTools.subset:hmtx subsetted
INFO:fontTools.subset:cmap subsetted
INFO:fontTools.subset:fpgm subsetting not needed
INFO:fontTools.subset:prep subsetting not needed
INFO:fontTools.subset:cvt  subsetting not needed
INFO:fontTools.subset:loca subsetting not needed
INFO:fontTools.subset:post subsetted
INFO:fontTools.subset:gasp subsetting not needed
INFO:fontTools.subset:GDEF subsetted
INFO:fontTools.subset:GPOS subsetted
INFO:fontTools.subset:GSUB subsetted
INFO:fontTools.subset:name subsetting not needed
INFO:fontTools.subset:glyf subsetted
INFO:fontTools.subset:head pruned
INFO:fontTools.subset:OS/2 Unicode ranges pruned: [0]
INFO:fontTools.subset:OS/2 CodePage ranges pruned: [0]
INFO:fontTools.subset:glyf pruned
INFO:fontTools.subset:GDEF pruned
INFO:fontTools.subset:GPOS pruned
INFO:fontTools.subset:GSUB pruned
INFO:fontTools.subset:name pruned
INFO:fontTools.subset:maxp pruned
INFO:fontTools.subset:cmap pruned
INFO:fontTools.subset:kern dropped
INFO:fontTools.subset:post pruned
INFO:fontTools.subset:FFTM dropped
INFO:fontTools.subset:GPOS pruned
INFO:fontTools.subset:GSUB pruned
INFO:fontTools.subset:glyf pruned
INFO:fontTools.subset:Added gid0 to subset
INFO:fontTools.subset:Added first four glyphs to subset
INFO:fontTools.subset:Closing glyph list over 'MATH': 50 glyphs before
INFO:fontTools.subset:Glyph names: ['.notdef', '.null', 'B', 'C', 'D', 'F', 'G', 'H', 'I', 'L', 'O', 'P', 'R', 'S', 'T', 'V', 'a', 'c', 'd', 'e', 'eight', 'f', 'five', 'four', 'g', 'h', 'i', 'k', 'l', 'less', 'm', 'minus', 'n', 'nonmarkingreturn', 'o', 'one', 'p', 'parenleft', 'parenright', 'period', 'r', 's', 'seven', 'six', 'space', 't', 'two', 'u', 'y', 'zero']
INFO:fontTools.subset:Glyph IDs:   [0, 1, 2, 3, 11, 12, 17, 19, 20, 21, 23, 24, 25, 26, 27, 31, 37, 38, 39, 41, 42, 43, 44, 47, 50, 51, 53, 54, 55, 57, 68, 70, 71, 72, 73, 74, 75, 76, 78, 79, 80, 81, 82, 83, 85, 86, 87, 88, 92, 3228]
INFO:fontTools.subset:Closed glyph list over 'MATH': 56 glyphs after
INFO:fontTools.subset:Glyph names: ['.notdef', '.null', 'B', 'C', 'D', 'F', 'G', 'H', 'I', 'L', 'O', 'P', 'R', 'S', 'T', 'V', 'a', 'c', 'd', 'e', 'eight', 'f', 'five', 'four', 'g', 'h', 'i', 'k', 'l', 'less', 'm', 'minus', 'n', 'nonmarkingreturn', 'o', 'one', 'p', 'parenleft', 'parenright', 'period', 'r', 's', 'seven', 'six', 'space', 't', 'two', 'u', 'uni239B', 'uni239C', 'uni239D', 'uni239E', 'uni239F', 'uni23A0', 'y', 'zero']
INFO:fontTools.subset:Glyph IDs:   [0, 1, 2, 3, 11, 12, 17, 19, 20, 21, 23, 24, 25, 26, 27, 31, 37, 38, 39, 41, 42, 43, 44, 47, 50, 51, 53, 54, 55, 57, 68, 70, 71, 72, 73, 74, 75, 76, 78, 79, 80, 81, 82, 83, 85, 86, 87, 88, 92, 3228, 3506, 3507, 3508, 3509, 3510, 3511]
INFO:fontTools.subset:Closing glyph list over 'GSUB': 56 glyphs before
INFO:fontTools.subset:Glyph names: ['.notdef', '.null', 'B', 'C', 'D', 'F', 'G', 'H', 'I', 'L', 'O', 'P', 'R', 'S', 'T', 'V', 'a', 'c', 'd', 'e', 'eight', 'f', 'five', 'four', 'g', 'h', 'i', 'k', 'l', 'less', 'm', 'minus', 'n', 'nonmarkingreturn', 'o', 'one', 'p', 'parenleft', 'parenright', 'period', 'r', 's', 'seven', 'six', 'space', 't', 'two', 'u', 'uni239B', 'uni239C', 'uni239D', 'uni239E', 'uni239F', 'uni23A0', 'y', 'zero']
INFO:fontTools.subset:Glyph IDs:   [0, 1, 2, 3, 11, 12, 17, 19, 20, 21, 23, 24, 25, 26, 27, 31, 37, 38, 39, 41, 42, 43, 44, 47, 50, 51, 53, 54, 55, 57, 68, 70, 71, 72, 73, 74, 75, 76, 78, 79, 80, 81, 82, 83, 85, 86, 87, 88, 92, 3228, 3506, 3507, 3508, 3509, 3510, 3511]
INFO:fontTools.subset:Closed glyph list over 'GSUB': 61 glyphs after
INFO:fontTools.subset:Glyph names: ['.notdef', '.null', 'B', 'C', 'D', 'F', 'G', 'H', 'I', 'L', 'O', 'P', 'R', 'S', 'T', 'V', 'a', 'c', 'd', 'e', 'eight', 'f', 'fi', 'five', 'fl', 'four', 'g', 'h', 'i', 'k', 'l', 'less', 'm', 'minus', 'n', 'nonmarkingreturn', 'o', 'one', 'p', 'parenleft', 'parenright', 'period', 'r', 's', 'seven', 'six', 'space', 't', 'two', 'u', 'uni239B', 'uni239C', 'uni239D', 'uni239E', 'uni239F', 'uni23A0', 'uniFB00', 'uniFB03', 'uniFB04', 'y', 'zero']
INFO:fontTools.subset:Glyph IDs:   [0, 1, 2, 3, 11, 12, 17, 19, 20, 21, 23, 24, 25, 26, 27, 31, 37, 38, 39, 41, 42, 43, 44, 47, 50, 51, 53, 54, 55, 57, 68, 70, 71, 72, 73, 74, 75, 76, 78, 79, 80, 81, 82, 83, 85, 86, 87, 88, 92, 3228, 3506, 3507, 3508, 3509, 3510, 3511, 5038, 5039, 5040, 5041, 5042]
INFO:fontTools.subset:Closing glyph list over 'glyf': 61 glyphs before
INFO:fontTools.subset:Glyph names: ['.notdef', '.null', 'B', 'C', 'D', 'F', 'G', 'H', 'I', 'L', 'O', 'P', 'R', 'S', 'T', 'V', 'a', 'c', 'd', 'e', 'eight', 'f', 'fi', 'five', 'fl', 'four', 'g', 'h', 'i', 'k', 'l', 'less', 'm', 'minus', 'n', 'nonmarkingreturn', 'o', 'one', 'p', 'parenleft', 'parenright', 'period', 'r', 's', 'seven', 'six', 'space', 't', 'two', 'u', 'uni239B', 'uni239C', 'uni239D', 'uni239E', 'uni239F', 'uni23A0', 'uniFB00', 'uniFB03', 'uniFB04', 'y', 'zero']
INFO:fontTools.subset:Glyph IDs:   [0, 1, 2, 3, 11, 12, 17, 19, 20, 21, 23, 24, 25, 26, 27, 31, 37, 38, 39, 41, 42, 43, 44, 47, 50, 51, 53, 54, 55, 57, 68, 70, 71, 72, 73, 74, 75, 76, 78, 79, 80, 81, 82, 83, 85, 86, 87, 88, 92, 3228, 3506, 3507, 3508, 3509, 3510, 3511, 5038, 5039, 5040, 5041, 5042]
INFO:fontTools.subset:Closed glyph list over 'glyf': 61 glyphs after
INFO:fontTools.subset:Glyph names: ['.notdef', '.null', 'B', 'C', 'D', 'F', 'G', 'H', 'I', 'L', 'O', 'P', 'R', 'S', 'T', 'V', 'a', 'c', 'd', 'e', 'eight', 'f', 'fi', 'five', 'fl', 'four', 'g', 'h', 'i', 'k', 'l', 'less', 'm', 'minus', 'n', 'nonmarkingreturn', 'o', 'one', 'p', 'parenleft', 'parenright', 'period', 'r', 's', 'seven', 'six', 'space', 't', 'two', 'u', 'uni239B', 'uni239C', 'uni239D', 'uni239E', 'uni239F', 'uni23A0', 'uniFB00', 'uniFB03', 'uniFB04', 'y', 'zero']
INFO:fontTools.subset:Glyph IDs:   [0, 1, 2, 3, 11, 12, 17, 19, 20, 21, 23, 24, 25, 26, 27, 31, 37, 38, 39, 41, 42, 43, 44, 47, 50, 51, 53, 54, 55, 57, 68, 70, 71, 72, 73, 74, 75, 76, 78, 79, 80, 81, 82, 83, 85, 86, 87, 88, 92, 3228, 3506, 3507, 3508, 3509, 3510, 3511, 5038, 5039, 5040, 5041, 5042]
INFO:fontTools.subset:Retaining 61 glyphs
INFO:fontTools.subset:head subsetting not needed
INFO:fontTools.subset:hhea subsetting not needed
INFO:fontTools.subset:maxp subsetting not needed
INFO:fontTools.subset:OS/2 subsetting not needed
INFO:fontTools.subset:hmtx subsetted
INFO:fontTools.subset:cmap subsetted
INFO:fontTools.subset:fpgm subsetting not needed
INFO:fontTools.subset:prep subsetting not needed
INFO:fontTools.subset:cvt  subsetting not needed
INFO:fontTools.subset:loca subsetting not needed
INFO:fontTools.subset:post subsetted
INFO:fontTools.subset:gasp subsetting not needed
INFO:fontTools.subset:MATH subsetted
INFO:fontTools.subset:GDEF subsetted
INFO:fontTools.subset:GPOS subsetted
INFO:fontTools.subset:GSUB subsetted
INFO:fontTools.subset:name subsetting not needed
INFO:fontTools.subset:glyf subsetted
INFO:fontTools.subset:head pruned
INFO:fontTools.subset:OS/2 Unicode ranges pruned: [0, 38]
INFO:fontTools.subset:OS/2 CodePage ranges pruned: [0]
INFO:fontTools.subset:glyf pruned
INFO:fontTools.subset:GDEF pruned
INFO:fontTools.subset:GPOS pruned
INFO:fontTools.subset:GSUB pruned
INFO:fontTools.subset:name pruned
INFO:__main__:Saved Stage 2 plots to results/report
INFO:__main__:Saved summary to results/report/summary.md
INFO:__main__:
Report artifacts saved to results/report
INFO:__main__:  - master_metrics_stage1.csv
INFO:__main__:  - master_metrics_stage2.csv
INFO:__main__:  - master_metrics.csv (combined)
INFO:__main__:  - stage1_accuracies.pdf/png (publication-ready)
INFO:__main__:  - stage1_accuracies_interactive.html (plotly)
INFO:__main__:  - stage2_test_split_results.pdf/png (publication-ready)
INFO:__main__:  - stage2_hf_results.pdf/png (publication-ready)
INFO:__main__:  - stage2_test_split_interactive.html (plotly)
INFO:__main__:  - summary.md

Report generation complete!
Check output directory: results/report
