============================================================================================== 
Warning! Mixing Conda and module environments may lead to corruption of the
user environment. 
We do not recommend users mixing those two environments unless absolutely
necessary. Note that 
SURF does not provide any support for Conda environment.
For more information, please refer to our software policy page:
https://servicedesk.surf.nl/wiki/display/WIKI/Software+policy+Snellius#SoftwarepolicySnellius-UseofAnacondaandMinicondaenvironmentsonSnellius 

Remember that many packages have already been installed on the system and can
be loaded using 
the 'module load <package__name>' command. If you are uncertain if a package is
already available 
on the system, please use 'module avail' or 'module spider' to search for it.
============================================================================================== 
============================================================
Step 0: Mapping meta_name to generalized concepts
============================================================
Loaded mapping for 6,518 concepts from data/concept_refinement_mapped.csv
dataset_train.csv: 176 rows had no mapping; keeping original meta_name
Wrote data/6921d7831744c5356b098bf7_balanced/splits/dataset_train.csv with generalized column (total rows: 34,028)
dataset_val.csv: 28 rows had no mapping; keeping original meta_name
Wrote data/6921d7831744c5356b098bf7_balanced/splits/dataset_val.csv with generalized column (total rows: 4,254)
dataset_test.csv: 24 rows had no mapping; keeping original meta_name
Wrote data/6921d7831744c5356b098bf7_balanced/splits/dataset_test.csv with generalized column (total rows: 4,254)
============================================================
Starting Phase 1: Concept Training
============================================================
Loading datasets...
Traceback (most recent call last):
  File "/gpfs/home4/igodzwon/Project_AI/scripts/training/train_cbm.py", line 451, in <module>
    main()
  File "/gpfs/home4/igodzwon/Project_AI/scripts/training/train_cbm.py", line 363, in main
    train_ds = ConceptDataset(args.train_csv, args.cached_dir, concept_vocab, str(s2_vocab), split="train")
               ^^^^^^^^^^^^^^^^^^^^^^^^^^^^^^^^^^^^^^^^^^^^^^^^^^^^^^^^^^^^^^^^^^^^^^^^^^^^^^^^^^^^^^^^^^^^
  File "/gpfs/home4/igodzwon/Project_AI/src/data/dataset_concept.py", line 78, in __init__
    with open(concept_vocab_path, 'r') as f:
         ^^^^^^^^^^^^^^^^^^^^^^^^^^^^^
FileNotFoundError: [Errno 2] No such file or directory: 'data/concept_data/concept_vocab.json'
============================================================
Starting Phase 2: Geo Training (resuming from Phase 1)
============================================================
Loading datasets...
Traceback (most recent call last):
  File "/gpfs/home4/igodzwon/Project_AI/scripts/training/train_cbm.py", line 451, in <module>
    main()
  File "/gpfs/home4/igodzwon/Project_AI/scripts/training/train_cbm.py", line 363, in main
    train_ds = ConceptDataset(args.train_csv, args.cached_dir, concept_vocab, str(s2_vocab), split="train")
               ^^^^^^^^^^^^^^^^^^^^^^^^^^^^^^^^^^^^^^^^^^^^^^^^^^^^^^^^^^^^^^^^^^^^^^^^^^^^^^^^^^^^^^^^^^^^
  File "/gpfs/home4/igodzwon/Project_AI/src/data/dataset_concept.py", line 78, in __init__
    with open(concept_vocab_path, 'r') as f:
         ^^^^^^^^^^^^^^^^^^^^^^^^^^^^^
FileNotFoundError: [Errno 2] No such file or directory: 'data/concept_data/concept_vocab.json'
============================================================
Starting Phase 3: Joint Training (fine-tuning)
============================================================
Loading datasets...
Traceback (most recent call last):
  File "/gpfs/home4/igodzwon/Project_AI/scripts/training/train_cbm.py", line 451, in <module>
    main()
  File "/gpfs/home4/igodzwon/Project_AI/scripts/training/train_cbm.py", line 363, in main
    train_ds = ConceptDataset(args.train_csv, args.cached_dir, concept_vocab, str(s2_vocab), split="train")
               ^^^^^^^^^^^^^^^^^^^^^^^^^^^^^^^^^^^^^^^^^^^^^^^^^^^^^^^^^^^^^^^^^^^^^^^^^^^^^^^^^^^^^^^^^^^^
  File "/gpfs/home4/igodzwon/Project_AI/src/data/dataset_concept.py", line 78, in __init__
    with open(concept_vocab_path, 'r') as f:
         ^^^^^^^^^^^^^^^^^^^^^^^^^^^^^
FileNotFoundError: [Errno 2] No such file or directory: 'data/concept_data/concept_vocab.json'
