============================================================================================== 
Warning! Mixing Conda and module environments may lead to corruption of the
user environment. 
We do not recommend users mixing those two environments unless absolutely
necessary. Note that 
SURF does not provide any support for Conda environment.
For more information, please refer to our software policy page:
https://servicedesk.surf.nl/wiki/display/WIKI/Software+policy+Snellius#SoftwarepolicySnellius-UseofAnacondaandMinicondaenvironmentsonSnellius 

Remember that many packages have already been installed on the system and can
be loaded using 
the 'module load <package__name>' command. If you are uncertain if a package is
already available 
on the system, please use 'module avail' or 'module spider' to search for it.
============================================================================================== 
============================================================
Step 0: Mapping meta_name to generalized concepts
============================================================
Loaded mapping for 6,518 concepts from data/concept_refinement_mapped.csv
dataset_train.csv: 176 rows had no mapping; keeping original meta_name
Wrote data/6921d7831744c5356b098bf7_balanced/splits/dataset_train.csv with generalized column (total rows: 34,028)
dataset_val.csv: 28 rows had no mapping; keeping original meta_name
Wrote data/6921d7831744c5356b098bf7_balanced/splits/dataset_val.csv with generalized column (total rows: 4,254)
dataset_test.csv: 24 rows had no mapping; keeping original meta_name
Wrote data/6921d7831744c5356b098bf7_balanced/splits/dataset_test.csv with generalized column (total rows: 4,254)
============================================================
Starting Phase 1: Concept Training
============================================================
Loading datasets...
Loaded S2 vocabulary: 12524 cells (Level 8)
    Filtered dataset: 34028 -> 14578 samples (19450 samples with unknown concepts)
Loading pooled embeddings from /scratch-shared/igodzwon/Project_AI/data/6921d7831744c5356b098bf7_balanced/cached_streetclip/train_pooled_embeddings.pt
Loaded 34028 pooled embeddings
Warning: Patch tokens not found at /scratch-shared/igodzwon/Project_AI/data/6921d7831744c5356b098bf7_balanced/cached_streetclip/train_patch_tokens.pt, skipping.
Loaded S2 vocabulary: 12524 cells (Level 8)
Filtered dataset: 4254 -> 1826 samples (2428 samples with unknown concepts)
Loading pooled embeddings from /scratch-shared/igodzwon/Project_AI/data/6921d7831744c5356b098bf7_balanced/cached_streetclip/val_pooled_embeddings.pt
Loaded 4254 pooled embeddings
Warning: Patch tokens not found at /scratch-shared/igodzwon/Project_AI/data/6921d7831744c5356b098bf7_balanced/cached_streetclip/val_patch_tokens.pt, skipping.
Initializing CBM...
Computing concept class weights...
Phase 1: Concept Training

Epoch 1/100

Train:   0%|          | 0/57 [00:00<?, ?it/s]
Train:   0%|          | 0/57 [00:00<?, ?it/s, C_Loss=5.5274]
Train:   2%|▏         | 1/57 [00:00<00:22,  2.45it/s, C_Loss=5.5274]
Train:   2%|▏         | 1/57 [00:00<00:22,  2.45it/s, C_Loss=5.5159]
Train:   2%|▏         | 1/57 [00:00<00:22,  2.45it/s, C_Loss=5.4953]
Train:   2%|▏         | 1/57 [00:00<00:22,  2.45it/s, C_Loss=5.4761]
Train:   2%|▏         | 1/57 [00:00<00:22,  2.45it/s, C_Loss=5.4547]
Train:   2%|▏         | 1/57 [00:00<00:22,  2.45it/s, C_Loss=5.4191]
Train:   2%|▏         | 1/57 [00:00<00:22,  2.45it/s, C_Loss=5.3789]
Train:   2%|▏         | 1/57 [00:00<00:22,  2.45it/s, C_Loss=5.3347]
Train:   2%|▏         | 1/57 [00:00<00:22,  2.45it/s, C_Loss=5.2637]
Train:   2%|▏         | 1/57 [00:00<00:22,  2.45it/s, C_Loss=5.2000]
Train:   2%|▏         | 1/57 [00:00<00:22,  2.45it/s, C_Loss=5.1791]
Train:   2%|▏         | 1/57 [00:00<00:22,  2.45it/s, C_Loss=5.0778]
Train:   2%|▏         | 1/57 [00:00<00:22,  2.45it/s, C_Loss=5.0492]
Train:   2%|▏         | 1/57 [00:00<00:22,  2.45it/s, C_Loss=4.8913]
Train:   2%|▏         | 1/57 [00:00<00:22,  2.45it/s, C_Loss=4.8931]
Train:   2%|▏         | 1/57 [00:00<00:22,  2.45it/s, C_Loss=4.8811]
Train:   2%|▏         | 1/57 [00:00<00:22,  2.45it/s, C_Loss=4.6934]
Train:  30%|██▉       | 17/57 [00:00<00:00, 42.57it/s, C_Loss=4.6934]
Train:  30%|██▉       | 17/57 [00:00<00:00, 42.57it/s, C_Loss=4.5975]
Train:  30%|██▉       | 17/57 [00:00<00:00, 42.57it/s, C_Loss=4.3699]
Train:  30%|██▉       | 17/57 [00:00<00:00, 42.57it/s, C_Loss=4.2836]
Train:  30%|██▉       | 17/57 [00:00<00:00, 42.57it/s, C_Loss=4.3913]
Train:  30%|██▉       | 17/57 [00:00<00:00, 42.57it/s, C_Loss=4.2992]
Train:  30%|██▉       | 17/57 [00:00<00:00, 42.57it/s, C_Loss=4.1067]
Train:  30%|██▉       | 17/57 [00:00<00:00, 42.57it/s, C_Loss=4.2549]
Train:  30%|██▉       | 17/57 [00:00<00:00, 42.57it/s, C_Loss=4.3900]
Train:  30%|██▉       | 17/57 [00:00<00:00, 42.57it/s, C_Loss=4.1253]
Train:  30%|██▉       | 17/57 [00:00<00:00, 42.57it/s, C_Loss=4.0737]
Train:  30%|██▉       | 17/57 [00:00<00:00, 42.57it/s, C_Loss=4.2623]
Train:  30%|██▉       | 17/57 [00:00<00:00, 42.57it/s, C_Loss=4.1585]
Train:  30%|██▉       | 17/57 [00:00<00:00, 42.57it/s, C_Loss=4.0814]
Train:  30%|██▉       | 17/57 [00:00<00:00, 42.57it/s, C_Loss=4.0776]
Train:  30%|██▉       | 17/57 [00:00<00:00, 42.57it/s, C_Loss=4.3046]
Train:  30%|██▉       | 17/57 [00:00<00:00, 42.57it/s, C_Loss=4.1720]
Train:  58%|█████▊    | 33/57 [00:00<00:00, 73.58it/s, C_Loss=4.1720]
Train:  58%|█████▊    | 33/57 [00:00<00:00, 73.58it/s, C_Loss=4.3665]
Train:  58%|█████▊    | 33/57 [00:00<00:00, 73.58it/s, C_Loss=3.9225]
Train:  58%|█████▊    | 33/57 [00:00<00:00, 73.58it/s, C_Loss=4.0687]
Train:  58%|█████▊    | 33/57 [00:00<00:00, 73.58it/s, C_Loss=4.1994]
Train:  58%|█████▊    | 33/57 [00:00<00:00, 73.58it/s, C_Loss=3.8652]
Train:  58%|█████▊    | 33/57 [00:00<00:00, 73.58it/s, C_Loss=4.0910]
Train:  58%|█████▊    | 33/57 [00:00<00:00, 73.58it/s, C_Loss=4.5816]
Train:  58%|█████▊    | 33/57 [00:00<00:00, 73.58it/s, C_Loss=4.2500]
Train:  58%|█████▊    | 33/57 [00:00<00:00, 73.58it/s, C_Loss=4.1853]
Train:  58%|█████▊    | 33/57 [00:00<00:00, 73.58it/s, C_Loss=4.0269]
Train:  58%|█████▊    | 33/57 [00:00<00:00, 73.58it/s, C_Loss=4.1573]
Train:  58%|█████▊    | 33/57 [00:00<00:00, 73.58it/s, C_Loss=4.1303]
Train:  58%|█████▊    | 33/57 [00:00<00:00, 73.58it/s, C_Loss=3.9713]
Train:  58%|█████▊    | 33/57 [00:00<00:00, 73.58it/s, C_Loss=4.1383]
Train:  58%|█████▊    | 33/57 [00:00<00:00, 73.58it/s, C_Loss=4.0480]
Train:  58%|█████▊    | 33/57 [00:00<00:00, 73.58it/s, C_Loss=4.0910]
Train:  86%|████████▌ | 49/57 [00:00<00:00, 97.30it/s, C_Loss=4.0910]
Train:  86%|████████▌ | 49/57 [00:00<00:00, 97.30it/s, C_Loss=4.2333]
Train:  86%|████████▌ | 49/57 [00:00<00:00, 97.30it/s, C_Loss=4.1569]
Train:  86%|████████▌ | 49/57 [00:00<00:00, 97.30it/s, C_Loss=3.8922]
Train:  86%|████████▌ | 49/57 [00:00<00:00, 97.30it/s, C_Loss=3.8648]
Train:  86%|████████▌ | 49/57 [00:00<00:00, 97.30it/s, C_Loss=3.7790]
Train:  86%|████████▌ | 49/57 [00:00<00:00, 97.30it/s, C_Loss=3.8226]
Train:  86%|████████▌ | 49/57 [00:00<00:00, 97.30it/s, C_Loss=3.9389]
Train:  86%|████████▌ | 49/57 [00:00<00:00, 97.30it/s, C_Loss=3.9548]
Train: 100%|██████████| 57/57 [00:00<00:00, 73.27it/s, C_Loss=3.9548]

Eval:   0%|          | 0/8 [00:00<?, ?it/s]
Eval:  12%|█▎        | 1/8 [00:00<00:00,  9.22it/s]
Eval: 100%|██████████| 8/8 [00:00<00:00, 51.00it/s]
Train Loss: 4.4639 | Acc: 0.1134
Val   Loss: 3.9798   | Acc: 0.1522
Generating visualizations...
Saved best model to checkpoints/cbm_v1/best_phase1.pt

Epoch 2/100

Train:   0%|          | 0/57 [00:00<?, ?it/s]
Train:   0%|          | 0/57 [00:00<?, ?it/s, C_Loss=3.9003]
Train:   2%|▏         | 1/57 [00:00<00:06,  8.57it/s, C_Loss=3.9003]
Train:   2%|▏         | 1/57 [00:00<00:06,  8.57it/s, C_Loss=3.8733]
Train:   2%|▏         | 1/57 [00:00<00:06,  8.57it/s, C_Loss=3.9682]
Train:   2%|▏         | 1/57 [00:00<00:06,  8.57it/s, C_Loss=3.9111]
Train:   2%|▏         | 1/57 [00:00<00:06,  8.57it/s, C_Loss=4.0408]
Train:   2%|▏         | 1/57 [00:00<00:06,  8.57it/s, C_Loss=3.8391]
Train:   2%|▏         | 1/57 [00:00<00:06,  8.57it/s, C_Loss=3.8490]
Train:   2%|▏         | 1/57 [00:00<00:06,  8.57it/s, C_Loss=3.8177]
Train:   2%|▏         | 1/57 [00:00<00:06,  8.57it/s, C_Loss=4.0362]
Train:   2%|▏         | 1/57 [00:00<00:06,  8.57it/s, C_Loss=3.8768]
Train:   2%|▏         | 1/57 [00:00<00:06,  8.57it/s, C_Loss=4.2493]
Train:   2%|▏         | 1/57 [00:00<00:06,  8.57it/s, C_Loss=3.8372]
Train:   2%|▏         | 1/57 [00:00<00:06,  8.57it/s, C_Loss=3.9160]
Train:   2%|▏         | 1/57 [00:00<00:06,  8.57it/s, C_Loss=3.7176]
Train:   2%|▏         | 1/57 [00:00<00:06,  8.57it/s, C_Loss=3.7714]
Train:   2%|▏         | 1/57 [00:00<00:06,  8.57it/s, C_Loss=3.7952]
Train:   2%|▏         | 1/57 [00:00<00:06,  8.57it/s, C_Loss=3.9478]
Train:  30%|██▉       | 17/57 [00:00<00:00, 91.42it/s, C_Loss=3.9478]
Train:  30%|██▉       | 17/57 [00:00<00:00, 91.42it/s, C_Loss=3.6775]
Train:  30%|██▉       | 17/57 [00:00<00:00, 91.42it/s, C_Loss=3.5800]
Train:  30%|██▉       | 17/57 [00:00<00:00, 91.42it/s, C_Loss=3.7212]
Train:  30%|██▉       | 17/57 [00:00<00:00, 91.42it/s, C_Loss=3.8491]
Train:  30%|██▉       | 17/57 [00:00<00:00, 91.42it/s, C_Loss=3.9393]
Train:  30%|██▉       | 17/57 [00:00<00:00, 91.42it/s, C_Loss=3.9128]
Train:  30%|██▉       | 17/57 [00:00<00:00, 91.42it/s, C_Loss=3.7806]
Train:  30%|██▉       | 17/57 [00:00<00:00, 91.42it/s, C_Loss=3.7999]
Train:  30%|██▉       | 17/57 [00:00<00:00, 91.42it/s, C_Loss=3.6023]
Train:  30%|██▉       | 17/57 [00:00<00:00, 91.42it/s, C_Loss=3.6952]
Train:  30%|██▉       | 17/57 [00:00<00:00, 91.42it/s, C_Loss=3.5574]
Train:  30%|██▉       | 17/57 [00:00<00:00, 91.42it/s, C_Loss=3.8086]
Train:  30%|██▉       | 17/57 [00:00<00:00, 91.42it/s, C_Loss=3.6043]
Train:  30%|██▉       | 17/57 [00:00<00:00, 91.42it/s, C_Loss=3.7172]
Train:  30%|██▉       | 17/57 [00:00<00:00, 91.42it/s, C_Loss=3.7833]
Train:  30%|██▉       | 17/57 [00:00<00:00, 91.42it/s, C_Loss=3.7059]
Train:  58%|█████▊    | 33/57 [00:00<00:00, 121.22it/s, C_Loss=3.7059]
Train:  58%|█████▊    | 33/57 [00:00<00:00, 121.22it/s, C_Loss=3.5591]
Train:  58%|█████▊    | 33/57 [00:00<00:00, 121.22it/s, C_Loss=3.8773]
Train:  58%|█████▊    | 33/57 [00:00<00:00, 121.22it/s, C_Loss=3.6237]
Train:  58%|█████▊    | 33/57 [00:00<00:00, 121.22it/s, C_Loss=3.8293]
Train:  58%|█████▊    | 33/57 [00:00<00:00, 121.22it/s, C_Loss=3.5408]
Train:  58%|█████▊    | 33/57 [00:00<00:00, 121.22it/s, C_Loss=3.5048]
Train:  58%|█████▊    | 33/57 [00:00<00:00, 121.22it/s, C_Loss=3.7724]
Train:  58%|█████▊    | 33/57 [00:00<00:00, 121.22it/s, C_Loss=3.7710]
Train:  58%|█████▊    | 33/57 [00:00<00:00, 121.22it/s, C_Loss=3.4589]
Train:  58%|█████▊    | 33/57 [00:00<00:00, 121.22it/s, C_Loss=3.4400]
Train:  58%|█████▊    | 33/57 [00:00<00:00, 121.22it/s, C_Loss=3.7107]
Train:  58%|█████▊    | 33/57 [00:00<00:00, 121.22it/s, C_Loss=3.5831]
Train:  58%|█████▊    | 33/57 [00:00<00:00, 121.22it/s, C_Loss=3.4760]
Train:  58%|█████▊    | 33/57 [00:00<00:00, 121.22it/s, C_Loss=3.5140]
Train:  58%|█████▊    | 33/57 [00:00<00:00, 121.22it/s, C_Loss=3.5560]
Train:  58%|█████▊    | 33/57 [00:00<00:00, 121.22it/s, C_Loss=3.3651]
Train:  58%|█████▊    | 33/57 [00:00<00:00, 121.22it/s, C_Loss=3.4559]
Train:  58%|█████▊    | 33/57 [00:00<00:00, 121.22it/s, C_Loss=3.6064]
Train:  89%|████████▉ | 51/57 [00:00<00:00, 135.22it/s, C_Loss=3.6064]
Train:  89%|████████▉ | 51/57 [00:00<00:00, 135.22it/s, C_Loss=3.5676]
Train:  89%|████████▉ | 51/57 [00:00<00:00, 135.22it/s, C_Loss=3.6237]
Train:  89%|████████▉ | 51/57 [00:00<00:00, 135.22it/s, C_Loss=3.6400]
Train:  89%|████████▉ | 51/57 [00:00<00:00, 135.22it/s, C_Loss=3.7629]
Train:  89%|████████▉ | 51/57 [00:00<00:00, 135.22it/s, C_Loss=3.4348]
Train:  89%|████████▉ | 51/57 [00:00<00:00, 135.22it/s, C_Loss=3.5416]
Train: 100%|██████████| 57/57 [00:00<00:00, 116.09it/s, C_Loss=3.5416]

Eval:   0%|          | 0/8 [00:00<?, ?it/s]
Eval:  12%|█▎        | 1/8 [00:00<00:00,  9.58it/s]
Eval: 100%|██████████| 8/8 [00:00<00:00, 47.79it/s]
Train Loss: 3.7247 | Acc: 0.2160
Val   Loss: 3.5275   | Acc: 0.2618
Saved best model to checkpoints/cbm_v1/best_phase1.pt

Epoch 3/100

Train:   0%|          | 0/57 [00:00<?, ?it/s]
Train:   0%|          | 0/57 [00:00<?, ?it/s, C_Loss=3.5298]
Train:   2%|▏         | 1/57 [00:00<00:06,  8.11it/s, C_Loss=3.5298]
Train:   2%|▏         | 1/57 [00:00<00:06,  8.11it/s, C_Loss=3.2510]
Train:   2%|▏         | 1/57 [00:00<00:06,  8.11it/s, C_Loss=3.5104]
Train:   2%|▏         | 1/57 [00:00<00:06,  8.11it/s, C_Loss=3.5540]
Train:   2%|▏         | 1/57 [00:00<00:06,  8.11it/s, C_Loss=3.3888]
Train:   2%|▏         | 1/57 [00:00<00:06,  8.11it/s, C_Loss=3.3801]
Train:   2%|▏         | 1/57 [00:00<00:06,  8.11it/s, C_Loss=3.5093]
Train:   2%|▏         | 1/57 [00:00<00:06,  8.11it/s, C_Loss=3.5286]
Train:   2%|▏         | 1/57 [00:00<00:06,  8.11it/s, C_Loss=3.4534]
Train:   2%|▏         | 1/57 [00:00<00:06,  8.11it/s, C_Loss=3.4729]
Train:   2%|▏         | 1/57 [00:00<00:06,  8.11it/s, C_Loss=3.4756]
Train:   2%|▏         | 1/57 [00:00<00:06,  8.11it/s, C_Loss=3.3913]
Train:   2%|▏         | 1/57 [00:00<00:06,  8.11it/s, C_Loss=3.3739]
Train:   2%|▏         | 1/57 [00:00<00:06,  8.11it/s, C_Loss=3.6523]
Train:   2%|▏         | 1/57 [00:00<00:06,  8.11it/s, C_Loss=3.4255]
Train:   2%|▏         | 1/57 [00:00<00:06,  8.11it/s, C_Loss=3.4083]
Train:   2%|▏         | 1/57 [00:00<00:06,  8.11it/s, C_Loss=3.4632]
Train:  30%|██▉       | 17/57 [00:00<00:00, 89.59it/s, C_Loss=3.4632]
Train:  30%|██▉       | 17/57 [00:00<00:00, 89.59it/s, C_Loss=3.3916]
Train:  30%|██▉       | 17/57 [00:00<00:00, 89.59it/s, C_Loss=3.3406]
Train:  30%|██▉       | 17/57 [00:00<00:00, 89.59it/s, C_Loss=3.4973]
Train:  30%|██▉       | 17/57 [00:00<00:00, 89.59it/s, C_Loss=3.4565]
Train:  30%|██▉       | 17/57 [00:00<00:00, 89.59it/s, C_Loss=3.4857]
Train:  30%|██▉       | 17/57 [00:00<00:00, 89.59it/s, C_Loss=3.2855]
Train:  30%|██▉       | 17/57 [00:00<00:00, 89.59it/s, C_Loss=3.3736]
Train:  30%|██▉       | 17/57 [00:00<00:00, 89.59it/s, C_Loss=3.3683]
Train:  30%|██▉       | 17/57 [00:00<00:00, 89.59it/s, C_Loss=3.4167]
Train:  30%|██▉       | 17/57 [00:00<00:00, 89.59it/s, C_Loss=3.4012]
Train:  30%|██▉       | 17/57 [00:00<00:00, 89.59it/s, C_Loss=3.4043]
Train:  30%|██▉       | 17/57 [00:00<00:00, 89.59it/s, C_Loss=3.4927]
Train:  30%|██▉       | 17/57 [00:00<00:00, 89.59it/s, C_Loss=3.3256]
Train:  30%|██▉       | 17/57 [00:00<00:00, 89.59it/s, C_Loss=3.2026]
Train:  30%|██▉       | 17/57 [00:00<00:00, 89.59it/s, C_Loss=3.4226]
Train:  30%|██▉       | 17/57 [00:00<00:00, 89.59it/s, C_Loss=3.4075]
Train:  58%|█████▊    | 33/57 [00:00<00:00, 119.22it/s, C_Loss=3.4075]
Train:  58%|█████▊    | 33/57 [00:00<00:00, 119.22it/s, C_Loss=3.4051]
Train:  58%|█████▊    | 33/57 [00:00<00:00, 119.22it/s, C_Loss=3.3591]
Train:  58%|█████▊    | 33/57 [00:00<00:00, 119.22it/s, C_Loss=3.3930]
Train:  58%|█████▊    | 33/57 [00:00<00:00, 119.22it/s, C_Loss=3.0105]
Train:  58%|█████▊    | 33/57 [00:00<00:00, 119.22it/s, C_Loss=3.1006]
Train:  58%|█████▊    | 33/57 [00:00<00:00, 119.22it/s, C_Loss=3.4746]
Train:  58%|█████▊    | 33/57 [00:00<00:00, 119.22it/s, C_Loss=3.0799]
Train:  58%|█████▊    | 33/57 [00:00<00:00, 119.22it/s, C_Loss=3.2360]
Train:  58%|█████▊    | 33/57 [00:00<00:00, 119.22it/s, C_Loss=3.2401]
Train:  58%|█████▊    | 33/57 [00:00<00:00, 119.22it/s, C_Loss=3.4624]
Train:  58%|█████▊    | 33/57 [00:00<00:00, 119.22it/s, C_Loss=3.1300]
Train:  58%|█████▊    | 33/57 [00:00<00:00, 119.22it/s, C_Loss=3.2662]
Train:  58%|█████▊    | 33/57 [00:00<00:00, 119.22it/s, C_Loss=3.1463]
Train:  58%|█████▊    | 33/57 [00:00<00:00, 119.22it/s, C_Loss=3.4471]
Train:  58%|█████▊    | 33/57 [00:00<00:00, 119.22it/s, C_Loss=3.2136]
Train:  58%|█████▊    | 33/57 [00:00<00:00, 119.22it/s, C_Loss=3.0347]
Train:  58%|█████▊    | 33/57 [00:00<00:00, 119.22it/s, C_Loss=3.2119]
Train:  88%|████████▊ | 50/57 [00:00<00:00, 137.62it/s, C_Loss=3.2119]
Train:  88%|████████▊ | 50/57 [00:00<00:00, 137.62it/s, C_Loss=3.1372]
Train:  88%|████████▊ | 50/57 [00:00<00:00, 137.62it/s, C_Loss=3.1698]
Train:  88%|████████▊ | 50/57 [00:00<00:00, 137.62it/s, C_Loss=3.0690]
Train:  88%|████████▊ | 50/57 [00:00<00:00, 137.62it/s, C_Loss=3.1702]
Train:  88%|████████▊ | 50/57 [00:00<00:00, 137.62it/s, C_Loss=3.3727]
Train:  88%|████████▊ | 50/57 [00:00<00:00, 137.62it/s, C_Loss=3.2950]
Train:  88%|████████▊ | 50/57 [00:00<00:00, 137.62it/s, C_Loss=3.1785]
Train: 100%|██████████| 57/57 [00:00<00:00, 113.51it/s, C_Loss=3.1785]

Eval:   0%|          | 0/8 [00:00<?, ?it/s]
Eval:  12%|█▎        | 1/8 [00:00<00:00,  9.42it/s]
Eval: 100%|██████████| 8/8 [00:00<00:00, 48.96it/s]
Train Loss: 3.3448 | Acc: 0.2732
Val   Loss: 3.2518   | Acc: 0.2826
Saved best model to checkpoints/cbm_v1/best_phase1.pt

Epoch 4/100

Train:   0%|          | 0/57 [00:00<?, ?it/s]
Train:   0%|          | 0/57 [00:00<?, ?it/s, C_Loss=3.0612]
Train:   2%|▏         | 1/57 [00:00<00:06,  8.42it/s, C_Loss=3.0612]
Train:   2%|▏         | 1/57 [00:00<00:06,  8.42it/s, C_Loss=3.0828]
Train:   2%|▏         | 1/57 [00:00<00:06,  8.42it/s, C_Loss=3.2647]
Train:   2%|▏         | 1/57 [00:00<00:06,  8.42it/s, C_Loss=3.3948]
Train:   2%|▏         | 1/57 [00:00<00:06,  8.42it/s, C_Loss=2.9380]
Train:   2%|▏         | 1/57 [00:00<00:06,  8.42it/s, C_Loss=3.3596]
Train:   2%|▏         | 1/57 [00:00<00:06,  8.42it/s, C_Loss=3.1047]
Train:   2%|▏         | 1/57 [00:00<00:06,  8.42it/s, C_Loss=3.1708]
Train:   2%|▏         | 1/57 [00:00<00:06,  8.42it/s, C_Loss=3.0045]
Train:   2%|▏         | 1/57 [00:00<00:06,  8.42it/s, C_Loss=3.0810]
Train:   2%|▏         | 1/57 [00:00<00:06,  8.42it/s, C_Loss=3.2444]
Train:   2%|▏         | 1/57 [00:00<00:06,  8.42it/s, C_Loss=3.1215]
Train:   2%|▏         | 1/57 [00:00<00:06,  8.42it/s, C_Loss=3.2895]
Train:   2%|▏         | 1/57 [00:00<00:06,  8.42it/s, C_Loss=3.1279]
Train:   2%|▏         | 1/57 [00:00<00:06,  8.42it/s, C_Loss=3.1706]
Train:   2%|▏         | 1/57 [00:00<00:06,  8.42it/s, C_Loss=2.9599]
Train:   2%|▏         | 1/57 [00:00<00:06,  8.42it/s, C_Loss=3.1021]
Train:   2%|▏         | 1/57 [00:00<00:06,  8.42it/s, C_Loss=3.1152]
Train:  32%|███▏      | 18/57 [00:00<00:00, 95.31it/s, C_Loss=3.1152]
Train:  32%|███▏      | 18/57 [00:00<00:00, 95.31it/s, C_Loss=2.8570]
Train:  32%|███▏      | 18/57 [00:00<00:00, 95.31it/s, C_Loss=3.1130]
Train:  32%|███▏      | 18/57 [00:00<00:00, 95.31it/s, C_Loss=2.8664]
Train:  32%|███▏      | 18/57 [00:00<00:00, 95.31it/s, C_Loss=3.1300]
Train:  32%|███▏      | 18/57 [00:00<00:00, 95.31it/s, C_Loss=3.0396]
Train:  32%|███▏      | 18/57 [00:00<00:00, 95.31it/s, C_Loss=3.2597]
Train:  32%|███▏      | 18/57 [00:00<00:00, 95.31it/s, C_Loss=3.0931]
Train:  32%|███▏      | 18/57 [00:00<00:00, 95.31it/s, C_Loss=3.0570]
Train:  32%|███▏      | 18/57 [00:00<00:00, 95.31it/s, C_Loss=3.2950]
Train:  32%|███▏      | 18/57 [00:00<00:00, 95.31it/s, C_Loss=3.1763]
Train:  32%|███▏      | 18/57 [00:00<00:00, 95.31it/s, C_Loss=3.2670]
Train:  32%|███▏      | 18/57 [00:00<00:00, 95.31it/s, C_Loss=2.9778]
Train:  32%|███▏      | 18/57 [00:00<00:00, 95.31it/s, C_Loss=3.0489]
Train:  32%|███▏      | 18/57 [00:00<00:00, 95.31it/s, C_Loss=2.9592]
Train:  32%|███▏      | 18/57 [00:00<00:00, 95.31it/s, C_Loss=3.0456]
Train:  32%|███▏      | 18/57 [00:00<00:00, 95.31it/s, C_Loss=3.1058]
Train:  32%|███▏      | 18/57 [00:00<00:00, 95.31it/s, C_Loss=3.0424]
Train:  61%|██████▏   | 35/57 [00:00<00:00, 117.61it/s, C_Loss=3.0424]
Train:  61%|██████▏   | 35/57 [00:00<00:00, 117.61it/s, C_Loss=2.9607]
Train:  61%|██████▏   | 35/57 [00:00<00:00, 117.61it/s, C_Loss=2.9582]
Train:  61%|██████▏   | 35/57 [00:00<00:00, 117.61it/s, C_Loss=3.0140]
Train:  61%|██████▏   | 35/57 [00:00<00:00, 117.61it/s, C_Loss=3.1602]
Train:  61%|██████▏   | 35/57 [00:00<00:00, 117.61it/s, C_Loss=3.0778]
Train:  61%|██████▏   | 35/57 [00:00<00:00, 117.61it/s, C_Loss=3.1727]
Train:  61%|██████▏   | 35/57 [00:00<00:00, 117.61it/s, C_Loss=3.2318]
Train:  61%|██████▏   | 35/57 [00:00<00:00, 117.61it/s, C_Loss=3.2582]
Train:  61%|██████▏   | 35/57 [00:00<00:00, 117.61it/s, C_Loss=3.0490]
Train:  61%|██████▏   | 35/57 [00:00<00:00, 117.61it/s, C_Loss=3.1964]
Train:  61%|██████▏   | 35/57 [00:00<00:00, 117.61it/s, C_Loss=3.0859]
Train:  61%|██████▏   | 35/57 [00:00<00:00, 117.61it/s, C_Loss=3.1444]
Train:  61%|██████▏   | 35/57 [00:00<00:00, 117.61it/s, C_Loss=3.1240]
Train:  61%|██████▏   | 35/57 [00:00<00:00, 117.61it/s, C_Loss=3.2386]
Train:  61%|██████▏   | 35/57 [00:00<00:00, 117.61it/s, C_Loss=2.9410]
Train:  61%|██████▏   | 35/57 [00:00<00:00, 117.61it/s, C_Loss=3.3346]
Train:  61%|██████▏   | 35/57 [00:00<00:00, 117.61it/s, C_Loss=3.1887]
Train:  61%|██████▏   | 35/57 [00:00<00:00, 117.61it/s, C_Loss=2.9788]
Train:  61%|██████▏   | 35/57 [00:00<00:00, 117.61it/s, C_Loss=2.9956]
Train:  95%|█████████▍| 54/57 [00:00<00:00, 143.60it/s, C_Loss=2.9956]
Train:  95%|█████████▍| 54/57 [00:00<00:00, 143.60it/s, C_Loss=2.8204]
Train:  95%|█████████▍| 54/57 [00:00<00:00, 143.60it/s, C_Loss=2.8955]
Train:  95%|█████████▍| 54/57 [00:00<00:00, 143.60it/s, C_Loss=2.8051]
Train: 100%|██████████| 57/57 [00:00<00:00, 116.36it/s, C_Loss=2.8051]

Eval:   0%|          | 0/8 [00:00<?, ?it/s]
Eval:  12%|█▎        | 1/8 [00:00<00:00,  9.82it/s]
Eval: 100%|██████████| 8/8 [00:00<00:00, 50.79it/s]
Train Loss: 3.0978 | Acc: 0.3116
Val   Loss: 3.0565   | Acc: 0.3176
Saved best model to checkpoints/cbm_v1/best_phase1.pt

Epoch 5/100

Train:   0%|          | 0/57 [00:00<?, ?it/s]
Train:   0%|          | 0/57 [00:00<?, ?it/s, C_Loss=3.1121]
Train:   2%|▏         | 1/57 [00:00<00:06,  8.21it/s, C_Loss=3.1121]
Train:   2%|▏         | 1/57 [00:00<00:06,  8.21it/s, C_Loss=2.8064]
Train:   2%|▏         | 1/57 [00:00<00:06,  8.21it/s, C_Loss=2.9776]
Train:   2%|▏         | 1/57 [00:00<00:06,  8.21it/s, C_Loss=2.8169]
Train:   2%|▏         | 1/57 [00:00<00:06,  8.21it/s, C_Loss=2.8972]
Train:   2%|▏         | 1/57 [00:00<00:06,  8.21it/s, C_Loss=3.0813]
Train:   2%|▏         | 1/57 [00:00<00:06,  8.21it/s, C_Loss=3.0382]
Train:   2%|▏         | 1/57 [00:00<00:06,  8.21it/s, C_Loss=2.9365]
Train:   2%|▏         | 1/57 [00:00<00:06,  8.21it/s, C_Loss=2.9804]
Train:   2%|▏         | 1/57 [00:00<00:06,  8.21it/s, C_Loss=2.9731]
Train:   2%|▏         | 1/57 [00:00<00:06,  8.21it/s, C_Loss=3.0366]
Train:   2%|▏         | 1/57 [00:00<00:06,  8.21it/s, C_Loss=2.8761]
Train:   2%|▏         | 1/57 [00:00<00:06,  8.21it/s, C_Loss=2.8503]
Train:   2%|▏         | 1/57 [00:00<00:06,  8.21it/s, C_Loss=2.9955]
Train:   2%|▏         | 1/57 [00:00<00:06,  8.21it/s, C_Loss=2.9661]
Train:   2%|▏         | 1/57 [00:00<00:06,  8.21it/s, C_Loss=2.8129]
Train:   2%|▏         | 1/57 [00:00<00:06,  8.21it/s, C_Loss=3.0041]
Train:   2%|▏         | 1/57 [00:00<00:06,  8.21it/s, C_Loss=2.9836]
Train:  32%|███▏      | 18/57 [00:00<00:00, 94.92it/s, C_Loss=2.9836]
Train:  32%|███▏      | 18/57 [00:00<00:00, 94.92it/s, C_Loss=2.8575]
Train:  32%|███▏      | 18/57 [00:00<00:00, 94.92it/s, C_Loss=2.9772]
Train:  32%|███▏      | 18/57 [00:00<00:00, 94.92it/s, C_Loss=2.9525]
Train:  32%|███▏      | 18/57 [00:00<00:00, 94.92it/s, C_Loss=3.1679]
Train:  32%|███▏      | 18/57 [00:00<00:00, 94.92it/s, C_Loss=3.1339]
Train:  32%|███▏      | 18/57 [00:00<00:00, 94.92it/s, C_Loss=2.8157]
Train:  32%|███▏      | 18/57 [00:00<00:00, 94.92it/s, C_Loss=3.0127]
Train:  32%|███▏      | 18/57 [00:00<00:00, 94.92it/s, C_Loss=2.9013]
Train:  32%|███▏      | 18/57 [00:00<00:00, 94.92it/s, C_Loss=2.8965]
Train:  32%|███▏      | 18/57 [00:00<00:00, 94.92it/s, C_Loss=2.7451]
Train:  32%|███▏      | 18/57 [00:00<00:00, 94.92it/s, C_Loss=2.8107]
Train:  32%|███▏      | 18/57 [00:00<00:00, 94.92it/s, C_Loss=2.9249]
Train:  32%|███▏      | 18/57 [00:00<00:00, 94.92it/s, C_Loss=3.0033]
Train:  32%|███▏      | 18/57 [00:00<00:00, 94.92it/s, C_Loss=2.8049]
Train:  32%|███▏      | 18/57 [00:00<00:00, 94.92it/s, C_Loss=2.9139]
Train:  32%|███▏      | 18/57 [00:00<00:00, 94.92it/s, C_Loss=2.9789]
Train:  32%|███▏      | 18/57 [00:00<00:00, 94.92it/s, C_Loss=3.0675]
Train:  32%|███▏      | 18/57 [00:00<00:00, 94.92it/s, C_Loss=2.7211]
Train:  32%|███▏      | 18/57 [00:00<00:00, 94.92it/s, C_Loss=2.8404]
Train:  65%|██████▍   | 37/57 [00:00<00:00, 125.90it/s, C_Loss=2.8404]
Train:  65%|██████▍   | 37/57 [00:00<00:00, 125.90it/s, C_Loss=2.9964]
Train:  65%|██████▍   | 37/57 [00:00<00:00, 125.90it/s, C_Loss=2.8188]
Train:  65%|██████▍   | 37/57 [00:00<00:00, 125.90it/s, C_Loss=2.7568]
Train:  65%|██████▍   | 37/57 [00:00<00:00, 125.90it/s, C_Loss=2.8714]
Train:  65%|██████▍   | 37/57 [00:00<00:00, 125.90it/s, C_Loss=2.8778]
Train:  65%|██████▍   | 37/57 [00:00<00:00, 125.90it/s, C_Loss=2.8534]
Train:  65%|██████▍   | 37/57 [00:00<00:00, 125.90it/s, C_Loss=2.7510]
Train:  65%|██████▍   | 37/57 [00:00<00:00, 125.90it/s, C_Loss=2.7345]
Train:  65%|██████▍   | 37/57 [00:00<00:00, 125.90it/s, C_Loss=2.8304]
Train:  65%|██████▍   | 37/57 [00:00<00:00, 125.90it/s, C_Loss=2.9302]
Train:  65%|██████▍   | 37/57 [00:00<00:00, 125.90it/s, C_Loss=3.1263]
Train:  65%|██████▍   | 37/57 [00:00<00:00, 125.90it/s, C_Loss=2.7910]
Train:  65%|██████▍   | 37/57 [00:00<00:00, 125.90it/s, C_Loss=2.7009]
Train:  65%|██████▍   | 37/57 [00:00<00:00, 125.90it/s, C_Loss=2.8058]
Train:  65%|██████▍   | 37/57 [00:00<00:00, 125.90it/s, C_Loss=2.8992]
Train:  65%|██████▍   | 37/57 [00:00<00:00, 125.90it/s, C_Loss=2.7871]
Train:  65%|██████▍   | 37/57 [00:00<00:00, 125.90it/s, C_Loss=3.0965]
Train:  65%|██████▍   | 37/57 [00:00<00:00, 125.90it/s, C_Loss=2.9813]
Train:  65%|██████▍   | 37/57 [00:00<00:00, 125.90it/s, C_Loss=2.8879]
Train:  65%|██████▍   | 37/57 [00:00<00:00, 125.90it/s, C_Loss=2.8834]
Train: 100%|██████████| 57/57 [00:00<00:00, 119.48it/s, C_Loss=2.8834]

Eval:   0%|          | 0/8 [00:00<?, ?it/s]
Eval:  12%|█▎        | 1/8 [00:00<00:00,  9.80it/s]
Eval: 100%|██████████| 8/8 [00:00<00:00, 48.44it/s]
Train Loss: 2.9132 | Acc: 0.3315
Val   Loss: 2.8952   | Acc: 0.3193
Generating visualizations...
Saved best model to checkpoints/cbm_v1/best_phase1.pt

Epoch 6/100

Train:   0%|          | 0/57 [00:00<?, ?it/s]
Train:   0%|          | 0/57 [00:00<?, ?it/s, C_Loss=2.7788]
Train:   2%|▏         | 1/57 [00:00<00:07,  7.94it/s, C_Loss=2.7788]
Train:   2%|▏         | 1/57 [00:00<00:07,  7.94it/s, C_Loss=3.0515]
Train:   2%|▏         | 1/57 [00:00<00:07,  7.94it/s, C_Loss=2.9049]
Train:   2%|▏         | 1/57 [00:00<00:07,  7.94it/s, C_Loss=2.8110]
Train:   2%|▏         | 1/57 [00:00<00:07,  7.94it/s, C_Loss=2.8817]
Train:   2%|▏         | 1/57 [00:00<00:07,  7.94it/s, C_Loss=3.0688]
Train:   2%|▏         | 1/57 [00:00<00:07,  7.94it/s, C_Loss=2.8586]
Train:   2%|▏         | 1/57 [00:00<00:07,  7.94it/s, C_Loss=3.0545]
Train:   2%|▏         | 1/57 [00:00<00:07,  7.94it/s, C_Loss=2.9066]
Train:   2%|▏         | 1/57 [00:00<00:07,  7.94it/s, C_Loss=2.7808]
Train:   2%|▏         | 1/57 [00:00<00:07,  7.94it/s, C_Loss=2.7626]
Train:   2%|▏         | 1/57 [00:00<00:07,  7.94it/s, C_Loss=2.7334]
Train:   2%|▏         | 1/57 [00:00<00:07,  7.94it/s, C_Loss=2.9135]
Train:   2%|▏         | 1/57 [00:00<00:07,  7.94it/s, C_Loss=2.7856]
Train:   2%|▏         | 1/57 [00:00<00:07,  7.94it/s, C_Loss=2.8067]
Train:   2%|▏         | 1/57 [00:00<00:07,  7.94it/s, C_Loss=2.7775]
Train:   2%|▏         | 1/57 [00:00<00:07,  7.94it/s, C_Loss=2.9223]
Train:   2%|▏         | 1/57 [00:00<00:07,  7.94it/s, C_Loss=2.6643]
Train:   2%|▏         | 1/57 [00:00<00:07,  7.94it/s, C_Loss=2.6346]
Train:   2%|▏         | 1/57 [00:00<00:07,  7.94it/s, C_Loss=2.7243]
Train:   2%|▏         | 1/57 [00:00<00:07,  7.94it/s, C_Loss=2.8929]
Train:  37%|███▋      | 21/57 [00:00<00:00, 107.27it/s, C_Loss=2.8929]
Train:  37%|███▋      | 21/57 [00:00<00:00, 107.27it/s, C_Loss=2.8529]
Train:  37%|███▋      | 21/57 [00:00<00:00, 107.27it/s, C_Loss=2.8617]
Train:  37%|███▋      | 21/57 [00:00<00:00, 107.27it/s, C_Loss=2.8740]
Train:  37%|███▋      | 21/57 [00:00<00:00, 107.27it/s, C_Loss=2.9220]
Train:  37%|███▋      | 21/57 [00:00<00:00, 107.27it/s, C_Loss=2.8348]
Train:  37%|███▋      | 21/57 [00:00<00:00, 107.27it/s, C_Loss=2.8231]
Train:  37%|███▋      | 21/57 [00:00<00:00, 107.27it/s, C_Loss=2.5301]
Train:  37%|███▋      | 21/57 [00:00<00:00, 107.27it/s, C_Loss=2.7732]
Train:  37%|███▋      | 21/57 [00:00<00:00, 107.27it/s, C_Loss=2.7756]
Train:  37%|███▋      | 21/57 [00:00<00:00, 107.27it/s, C_Loss=2.6204]
Train:  37%|███▋      | 21/57 [00:00<00:00, 107.27it/s, C_Loss=2.6458]
Train:  37%|███▋      | 21/57 [00:00<00:00, 107.27it/s, C_Loss=2.6748]
Train:  37%|███▋      | 21/57 [00:00<00:00, 107.27it/s, C_Loss=2.6971]
Train:  37%|███▋      | 21/57 [00:00<00:00, 107.27it/s, C_Loss=2.7619]
Train:  37%|███▋      | 21/57 [00:00<00:00, 107.27it/s, C_Loss=2.8741]
Train:  37%|███▋      | 21/57 [00:00<00:00, 107.27it/s, C_Loss=2.7912]
Train:  65%|██████▍   | 37/57 [00:00<00:00, 124.98it/s, C_Loss=2.7912]
Train:  65%|██████▍   | 37/57 [00:00<00:00, 124.98it/s, C_Loss=2.8081]
Train:  65%|██████▍   | 37/57 [00:00<00:00, 124.98it/s, C_Loss=2.6064]
Train:  65%|██████▍   | 37/57 [00:00<00:00, 124.98it/s, C_Loss=2.7261]
Train:  65%|██████▍   | 37/57 [00:00<00:00, 124.98it/s, C_Loss=2.6735]
Train:  65%|██████▍   | 37/57 [00:00<00:00, 124.98it/s, C_Loss=2.4532]
Train:  65%|██████▍   | 37/57 [00:00<00:00, 124.98it/s, C_Loss=2.7246]
Train:  65%|██████▍   | 37/57 [00:00<00:00, 124.98it/s, C_Loss=2.8162]
Train:  65%|██████▍   | 37/57 [00:00<00:00, 124.98it/s, C_Loss=2.7430]
Train:  65%|██████▍   | 37/57 [00:00<00:00, 124.98it/s, C_Loss=2.8800]
Train:  65%|██████▍   | 37/57 [00:00<00:00, 124.98it/s, C_Loss=2.6833]
Train:  65%|██████▍   | 37/57 [00:00<00:00, 124.98it/s, C_Loss=2.7853]
Train:  65%|██████▍   | 37/57 [00:00<00:00, 124.98it/s, C_Loss=2.7759]
Train:  65%|██████▍   | 37/57 [00:00<00:00, 124.98it/s, C_Loss=2.6809]
Train:  65%|██████▍   | 37/57 [00:00<00:00, 124.98it/s, C_Loss=2.6840]
Train:  65%|██████▍   | 37/57 [00:00<00:00, 124.98it/s, C_Loss=2.7616]
Train:  65%|██████▍   | 37/57 [00:00<00:00, 124.98it/s, C_Loss=2.8251]
Train:  65%|██████▍   | 37/57 [00:00<00:00, 124.98it/s, C_Loss=2.6169]
Train:  65%|██████▍   | 37/57 [00:00<00:00, 124.98it/s, C_Loss=2.7185]
Train:  65%|██████▍   | 37/57 [00:00<00:00, 124.98it/s, C_Loss=2.7934]
Train:  65%|██████▍   | 37/57 [00:00<00:00, 124.98it/s, C_Loss=2.5730]
Train: 100%|██████████| 57/57 [00:00<00:00, 120.81it/s, C_Loss=2.5730]

Eval:   0%|          | 0/8 [00:00<?, ?it/s]
Eval:  12%|█▎        | 1/8 [00:00<00:00,  9.06it/s]
Eval: 100%|██████████| 8/8 [00:00<00:00, 49.07it/s]
Train Loss: 2.7784 | Acc: 0.3496
Val   Loss: 2.7677   | Acc: 0.3445
Saved best model to checkpoints/cbm_v1/best_phase1.pt

Epoch 7/100

Train:   0%|          | 0/57 [00:00<?, ?it/s]
Train:   0%|          | 0/57 [00:00<?, ?it/s, C_Loss=2.5877]
Train:   2%|▏         | 1/57 [00:00<00:06,  8.67it/s, C_Loss=2.5877]
Train:   2%|▏         | 1/57 [00:00<00:06,  8.67it/s, C_Loss=2.7078]
Train:   2%|▏         | 1/57 [00:00<00:06,  8.67it/s, C_Loss=2.8410]
Train:   2%|▏         | 1/57 [00:00<00:06,  8.67it/s, C_Loss=2.6778]
Train:   2%|▏         | 1/57 [00:00<00:06,  8.67it/s, C_Loss=2.6967]
Train:   2%|▏         | 1/57 [00:00<00:06,  8.67it/s, C_Loss=2.7504]
Train:   2%|▏         | 1/57 [00:00<00:06,  8.67it/s, C_Loss=2.7013]
Train:   2%|▏         | 1/57 [00:00<00:06,  8.67it/s, C_Loss=2.6547]
Train:   2%|▏         | 1/57 [00:00<00:06,  8.67it/s, C_Loss=2.6937]
Train:   2%|▏         | 1/57 [00:00<00:06,  8.67it/s, C_Loss=2.8094]
Train:   2%|▏         | 1/57 [00:00<00:06,  8.67it/s, C_Loss=2.6070]
Train:   2%|▏         | 1/57 [00:00<00:06,  8.67it/s, C_Loss=2.5642]
Train:   2%|▏         | 1/57 [00:00<00:06,  8.67it/s, C_Loss=2.6614]
Train:   2%|▏         | 1/57 [00:00<00:06,  8.67it/s, C_Loss=2.6959]
Train:   2%|▏         | 1/57 [00:00<00:06,  8.67it/s, C_Loss=2.4713]
Train:   2%|▏         | 1/57 [00:00<00:06,  8.67it/s, C_Loss=2.5956]
Train:   2%|▏         | 1/57 [00:00<00:06,  8.67it/s, C_Loss=2.5568]
Train:   2%|▏         | 1/57 [00:00<00:06,  8.67it/s, C_Loss=2.5860]
Train:  32%|███▏      | 18/57 [00:00<00:00, 97.15it/s, C_Loss=2.5860]
Train:  32%|███▏      | 18/57 [00:00<00:00, 97.15it/s, C_Loss=2.6434]
Train:  32%|███▏      | 18/57 [00:00<00:00, 97.15it/s, C_Loss=2.5594]
Train:  32%|███▏      | 18/57 [00:00<00:00, 97.15it/s, C_Loss=2.7494]
Train:  32%|███▏      | 18/57 [00:00<00:00, 97.15it/s, C_Loss=2.5204]
Train:  32%|███▏      | 18/57 [00:00<00:00, 97.15it/s, C_Loss=2.7888]
Train:  32%|███▏      | 18/57 [00:00<00:00, 97.15it/s, C_Loss=2.7122]
Train:  32%|███▏      | 18/57 [00:00<00:00, 97.15it/s, C_Loss=2.5855]
Train:  32%|███▏      | 18/57 [00:00<00:00, 97.15it/s, C_Loss=2.6419]
Train:  32%|███▏      | 18/57 [00:00<00:00, 97.15it/s, C_Loss=2.7590]
Train:  32%|███▏      | 18/57 [00:00<00:00, 97.15it/s, C_Loss=2.6704]
Train:  32%|███▏      | 18/57 [00:00<00:00, 97.15it/s, C_Loss=2.7919]
Train:  32%|███▏      | 18/57 [00:00<00:00, 97.15it/s, C_Loss=2.6896]
Train:  32%|███▏      | 18/57 [00:00<00:00, 97.15it/s, C_Loss=3.0280]
Train:  32%|███▏      | 18/57 [00:00<00:00, 97.15it/s, C_Loss=2.7461]
Train:  32%|███▏      | 18/57 [00:00<00:00, 97.15it/s, C_Loss=3.0260]
Train:  32%|███▏      | 18/57 [00:00<00:00, 97.15it/s, C_Loss=2.4718]
Train:  32%|███▏      | 18/57 [00:00<00:00, 97.15it/s, C_Loss=2.5540]
Train:  61%|██████▏   | 35/57 [00:00<00:00, 127.22it/s, C_Loss=2.5540]
Train:  61%|██████▏   | 35/57 [00:00<00:00, 127.22it/s, C_Loss=2.8913]
Train:  61%|██████▏   | 35/57 [00:00<00:00, 127.22it/s, C_Loss=2.6756]
Train:  61%|██████▏   | 35/57 [00:00<00:00, 127.22it/s, C_Loss=2.7582]
Train:  61%|██████▏   | 35/57 [00:00<00:00, 127.22it/s, C_Loss=2.5783]
Train:  61%|██████▏   | 35/57 [00:00<00:00, 127.22it/s, C_Loss=2.6077]
Train:  61%|██████▏   | 35/57 [00:00<00:00, 127.22it/s, C_Loss=2.6178]
Train:  61%|██████▏   | 35/57 [00:00<00:00, 127.22it/s, C_Loss=2.6043]
Train:  61%|██████▏   | 35/57 [00:00<00:00, 127.22it/s, C_Loss=2.5905]
Train:  61%|██████▏   | 35/57 [00:00<00:00, 127.22it/s, C_Loss=2.6193]
Train:  61%|██████▏   | 35/57 [00:00<00:00, 127.22it/s, C_Loss=2.6483]
Train:  61%|██████▏   | 35/57 [00:00<00:00, 127.22it/s, C_Loss=2.9332]
Train:  61%|██████▏   | 35/57 [00:00<00:00, 127.22it/s, C_Loss=2.6089]
Train:  61%|██████▏   | 35/57 [00:00<00:00, 127.22it/s, C_Loss=2.5813]
Train:  61%|██████▏   | 35/57 [00:00<00:00, 127.22it/s, C_Loss=2.6077]
Train:  61%|██████▏   | 35/57 [00:00<00:00, 127.22it/s, C_Loss=2.5996]
Train:  61%|██████▏   | 35/57 [00:00<00:00, 127.22it/s, C_Loss=2.8314]
Train:  61%|██████▏   | 35/57 [00:00<00:00, 127.22it/s, C_Loss=2.4625]
Train:  61%|██████▏   | 35/57 [00:00<00:00, 127.22it/s, C_Loss=2.5397]
Train:  61%|██████▏   | 35/57 [00:00<00:00, 127.22it/s, C_Loss=2.6754]
Train:  95%|█████████▍| 54/57 [00:00<00:00, 150.17it/s, C_Loss=2.6754]
Train:  95%|█████████▍| 54/57 [00:00<00:00, 150.17it/s, C_Loss=2.5776]
Train:  95%|█████████▍| 54/57 [00:00<00:00, 150.17it/s, C_Loss=2.6534]
Train:  95%|█████████▍| 54/57 [00:00<00:00, 150.17it/s, C_Loss=2.6270]
Train: 100%|██████████| 57/57 [00:00<00:00, 120.34it/s, C_Loss=2.6270]

Eval:   0%|          | 0/8 [00:00<?, ?it/s]
Eval:  12%|█▎        | 1/8 [00:00<00:00,  9.30it/s]
Eval: 100%|██████████| 8/8 [00:00<00:00, 48.34it/s]
Train Loss: 2.6682 | Acc: 0.3585
Val   Loss: 2.6736   | Acc: 0.3587
Saved best model to checkpoints/cbm_v1/best_phase1.pt

Epoch 8/100

Train:   0%|          | 0/57 [00:00<?, ?it/s]
Train:   0%|          | 0/57 [00:00<?, ?it/s, C_Loss=2.6374]
Train:   2%|▏         | 1/57 [00:00<00:06,  8.68it/s, C_Loss=2.6374]
Train:   2%|▏         | 1/57 [00:00<00:06,  8.68it/s, C_Loss=2.5864]
Train:   2%|▏         | 1/57 [00:00<00:06,  8.68it/s, C_Loss=2.5530]
Train:   2%|▏         | 1/57 [00:00<00:06,  8.68it/s, C_Loss=2.6668]
Train:   2%|▏         | 1/57 [00:00<00:06,  8.68it/s, C_Loss=2.7064]
Train:   2%|▏         | 1/57 [00:00<00:06,  8.68it/s, C_Loss=2.5613]
Train:   2%|▏         | 1/57 [00:00<00:06,  8.68it/s, C_Loss=2.7319]
Train:   2%|▏         | 1/57 [00:00<00:06,  8.68it/s, C_Loss=2.5555]
Train:   2%|▏         | 1/57 [00:00<00:06,  8.68it/s, C_Loss=2.6824]
Train:   2%|▏         | 1/57 [00:00<00:06,  8.68it/s, C_Loss=2.5249]
Train:   2%|▏         | 1/57 [00:00<00:06,  8.68it/s, C_Loss=2.5674]
Train:   2%|▏         | 1/57 [00:00<00:06,  8.68it/s, C_Loss=2.4469]
Train:   2%|▏         | 1/57 [00:00<00:06,  8.68it/s, C_Loss=2.6130]
Train:   2%|▏         | 1/57 [00:00<00:06,  8.68it/s, C_Loss=2.5401]
Train:   2%|▏         | 1/57 [00:00<00:06,  8.68it/s, C_Loss=2.4396]
Train:   2%|▏         | 1/57 [00:00<00:06,  8.68it/s, C_Loss=2.6606]
Train:   2%|▏         | 1/57 [00:00<00:06,  8.68it/s, C_Loss=2.4711]
Train:   2%|▏         | 1/57 [00:00<00:06,  8.68it/s, C_Loss=2.6352]
Train:   2%|▏         | 1/57 [00:00<00:06,  8.68it/s, C_Loss=2.6031]
Train:  33%|███▎      | 19/57 [00:00<00:00, 98.20it/s, C_Loss=2.6031]
Train:  33%|███▎      | 19/57 [00:00<00:00, 98.20it/s, C_Loss=2.6734]
Train:  33%|███▎      | 19/57 [00:00<00:00, 98.20it/s, C_Loss=2.4778]
Train:  33%|███▎      | 19/57 [00:00<00:00, 98.20it/s, C_Loss=2.3762]
Train:  33%|███▎      | 19/57 [00:00<00:00, 98.20it/s, C_Loss=2.6994]
Train:  33%|███▎      | 19/57 [00:00<00:00, 98.20it/s, C_Loss=2.6581]
Train:  33%|███▎      | 19/57 [00:00<00:00, 98.20it/s, C_Loss=2.7138]
Train:  33%|███▎      | 19/57 [00:00<00:00, 98.20it/s, C_Loss=2.7185]
Train:  33%|███▎      | 19/57 [00:00<00:00, 98.20it/s, C_Loss=2.6727]
Train:  33%|███▎      | 19/57 [00:00<00:00, 98.20it/s, C_Loss=2.6412]
Train:  33%|███▎      | 19/57 [00:00<00:00, 98.20it/s, C_Loss=2.5007]
Train:  33%|███▎      | 19/57 [00:00<00:00, 98.20it/s, C_Loss=2.6234]
Train:  33%|███▎      | 19/57 [00:00<00:00, 98.20it/s, C_Loss=2.6023]
Train:  33%|███▎      | 19/57 [00:00<00:00, 98.20it/s, C_Loss=2.5789]
Train:  33%|███▎      | 19/57 [00:00<00:00, 98.20it/s, C_Loss=2.5817]
Train:  33%|███▎      | 19/57 [00:00<00:00, 98.20it/s, C_Loss=2.6772]
Train:  33%|███▎      | 19/57 [00:00<00:00, 98.20it/s, C_Loss=2.5132]
Train:  33%|███▎      | 19/57 [00:00<00:00, 98.20it/s, C_Loss=2.5878]
Train:  33%|███▎      | 19/57 [00:00<00:00, 98.20it/s, C_Loss=2.7323]
Train:  65%|██████▍   | 37/57 [00:00<00:00, 131.82it/s, C_Loss=2.7323]
Train:  65%|██████▍   | 37/57 [00:00<00:00, 131.82it/s, C_Loss=2.5957]
Train:  65%|██████▍   | 37/57 [00:00<00:00, 131.82it/s, C_Loss=2.6453]
Train:  65%|██████▍   | 37/57 [00:00<00:00, 131.82it/s, C_Loss=2.6029]
Train:  65%|██████▍   | 37/57 [00:00<00:00, 131.82it/s, C_Loss=2.3274]
Train:  65%|██████▍   | 37/57 [00:00<00:00, 131.82it/s, C_Loss=2.5429]
Train:  65%|██████▍   | 37/57 [00:00<00:00, 131.82it/s, C_Loss=2.5314]
Train:  65%|██████▍   | 37/57 [00:00<00:00, 131.82it/s, C_Loss=2.3691]
Train:  65%|██████▍   | 37/57 [00:00<00:00, 131.82it/s, C_Loss=2.4833]
Train:  65%|██████▍   | 37/57 [00:00<00:00, 131.82it/s, C_Loss=2.5473]
Train:  65%|██████▍   | 37/57 [00:00<00:00, 131.82it/s, C_Loss=2.4678]
Train:  65%|██████▍   | 37/57 [00:00<00:00, 131.82it/s, C_Loss=2.5187]
Train:  65%|██████▍   | 37/57 [00:00<00:00, 131.82it/s, C_Loss=2.4220]
Train:  65%|██████▍   | 37/57 [00:00<00:00, 131.82it/s, C_Loss=2.6068]
Train:  65%|██████▍   | 37/57 [00:00<00:00, 131.82it/s, C_Loss=2.5963]
Train:  65%|██████▍   | 37/57 [00:00<00:00, 131.82it/s, C_Loss=2.6380]
Train:  65%|██████▍   | 37/57 [00:00<00:00, 131.82it/s, C_Loss=2.6778]
Train:  65%|██████▍   | 37/57 [00:00<00:00, 131.82it/s, C_Loss=2.5243]
Train:  65%|██████▍   | 37/57 [00:00<00:00, 131.82it/s, C_Loss=2.6776]
Train:  65%|██████▍   | 37/57 [00:00<00:00, 131.82it/s, C_Loss=2.4129]
Train:  65%|██████▍   | 37/57 [00:00<00:00, 131.82it/s, C_Loss=2.6156]
Train: 100%|██████████| 57/57 [00:00<00:00, 122.00it/s, C_Loss=2.6156]

Eval:   0%|          | 0/8 [00:00<?, ?it/s]
Eval:  12%|█▎        | 1/8 [00:00<00:00,  8.37it/s]
Eval: 100%|██████████| 8/8 [00:00<00:00, 46.87it/s]
Train Loss: 2.5792 | Acc: 0.3706
Val   Loss: 2.5829   | Acc: 0.3631
Saved best model to checkpoints/cbm_v1/best_phase1.pt

Epoch 9/100

Train:   0%|          | 0/57 [00:00<?, ?it/s]
Train:   0%|          | 0/57 [00:00<?, ?it/s, C_Loss=2.4447]
Train:   2%|▏         | 1/57 [00:00<00:06,  8.62it/s, C_Loss=2.4447]
Train:   2%|▏         | 1/57 [00:00<00:06,  8.62it/s, C_Loss=2.3546]
Train:   2%|▏         | 1/57 [00:00<00:06,  8.62it/s, C_Loss=2.5135]
Train:   2%|▏         | 1/57 [00:00<00:06,  8.62it/s, C_Loss=2.3376]
Train:   2%|▏         | 1/57 [00:00<00:06,  8.62it/s, C_Loss=2.4975]
Train:   2%|▏         | 1/57 [00:00<00:06,  8.62it/s, C_Loss=2.5482]
Train:   2%|▏         | 1/57 [00:00<00:06,  8.62it/s, C_Loss=2.4053]
Train:   2%|▏         | 1/57 [00:00<00:06,  8.62it/s, C_Loss=2.4335]
Train:   2%|▏         | 1/57 [00:00<00:06,  8.62it/s, C_Loss=2.6176]
Train:   2%|▏         | 1/57 [00:00<00:06,  8.62it/s, C_Loss=2.5221]
Train:   2%|▏         | 1/57 [00:00<00:06,  8.62it/s, C_Loss=2.5907]
Train:   2%|▏         | 1/57 [00:00<00:06,  8.62it/s, C_Loss=2.4630]
Train:   2%|▏         | 1/57 [00:00<00:06,  8.62it/s, C_Loss=2.4482]
Train:   2%|▏         | 1/57 [00:00<00:06,  8.62it/s, C_Loss=2.7113]
Train:   2%|▏         | 1/57 [00:00<00:06,  8.62it/s, C_Loss=2.4852]
Train:  26%|██▋       | 15/57 [00:00<00:00, 79.64it/s, C_Loss=2.4852]
Train:  26%|██▋       | 15/57 [00:00<00:00, 79.64it/s, C_Loss=2.6354]
Train:  26%|██▋       | 15/57 [00:00<00:00, 79.64it/s, C_Loss=2.4366]
Train:  26%|██▋       | 15/57 [00:00<00:00, 79.64it/s, C_Loss=2.4896]
Train:  26%|██▋       | 15/57 [00:00<00:00, 79.64it/s, C_Loss=2.5046]
Train:  26%|██▋       | 15/57 [00:00<00:00, 79.64it/s, C_Loss=2.5408]
Train:  26%|██▋       | 15/57 [00:00<00:00, 79.64it/s, C_Loss=2.3819]
Train:  26%|██▋       | 15/57 [00:00<00:00, 79.64it/s, C_Loss=2.6405]
Train:  26%|██▋       | 15/57 [00:00<00:00, 79.64it/s, C_Loss=2.5807]
Train:  26%|██▋       | 15/57 [00:00<00:00, 79.64it/s, C_Loss=2.6124]
Train:  26%|██▋       | 15/57 [00:00<00:00, 79.64it/s, C_Loss=2.5687]
Train:  26%|██▋       | 15/57 [00:00<00:00, 79.64it/s, C_Loss=2.4458]
Train:  26%|██▋       | 15/57 [00:00<00:00, 79.64it/s, C_Loss=2.4316]
Train:  26%|██▋       | 15/57 [00:00<00:00, 79.64it/s, C_Loss=2.5902]
Train:  26%|██▋       | 15/57 [00:00<00:00, 79.64it/s, C_Loss=2.3141]
Train:  26%|██▋       | 15/57 [00:00<00:00, 79.64it/s, C_Loss=2.7263]
Train:  26%|██▋       | 15/57 [00:00<00:00, 79.64it/s, C_Loss=2.3939]
Train:  26%|██▋       | 15/57 [00:00<00:00, 79.64it/s, C_Loss=2.5308]
Train:  26%|██▋       | 15/57 [00:00<00:00, 79.64it/s, C_Loss=2.7327]
Train:  26%|██▋       | 15/57 [00:00<00:00, 79.64it/s, C_Loss=2.6470]
Train:  26%|██▋       | 15/57 [00:00<00:00, 79.64it/s, C_Loss=2.5710]
Train:  61%|██████▏   | 35/57 [00:00<00:00, 126.30it/s, C_Loss=2.5710]
Train:  61%|██████▏   | 35/57 [00:00<00:00, 126.30it/s, C_Loss=2.5377]
Train:  61%|██████▏   | 35/57 [00:00<00:00, 126.30it/s, C_Loss=2.5786]
Train:  61%|██████▏   | 35/57 [00:00<00:00, 126.30it/s, C_Loss=2.4351]
Train:  61%|██████▏   | 35/57 [00:00<00:00, 126.30it/s, C_Loss=2.4265]
Train:  61%|██████▏   | 35/57 [00:00<00:00, 126.30it/s, C_Loss=2.4084]
Train:  61%|██████▏   | 35/57 [00:00<00:00, 126.30it/s, C_Loss=2.3821]
Train:  61%|██████▏   | 35/57 [00:00<00:00, 126.30it/s, C_Loss=2.2762]
Train:  61%|██████▏   | 35/57 [00:00<00:00, 126.30it/s, C_Loss=2.5692]
Train:  61%|██████▏   | 35/57 [00:00<00:00, 126.30it/s, C_Loss=2.5378]
Train:  61%|██████▏   | 35/57 [00:00<00:00, 126.30it/s, C_Loss=2.6184]
Train:  61%|██████▏   | 35/57 [00:00<00:00, 126.30it/s, C_Loss=2.4162]
Train:  61%|██████▏   | 35/57 [00:00<00:00, 126.30it/s, C_Loss=2.6094]
Train:  61%|██████▏   | 35/57 [00:00<00:00, 126.30it/s, C_Loss=2.2066]
Train:  61%|██████▏   | 35/57 [00:00<00:00, 126.30it/s, C_Loss=2.5114]
Train:  61%|██████▏   | 35/57 [00:00<00:00, 126.30it/s, C_Loss=2.4518]
Train:  61%|██████▏   | 35/57 [00:00<00:00, 126.30it/s, C_Loss=2.5154]
Train:  61%|██████▏   | 35/57 [00:00<00:00, 126.30it/s, C_Loss=2.4840]
Train:  61%|██████▏   | 35/57 [00:00<00:00, 126.30it/s, C_Loss=2.3598]
Train:  61%|██████▏   | 35/57 [00:00<00:00, 126.30it/s, C_Loss=2.4896]
Train:  61%|██████▏   | 35/57 [00:00<00:00, 126.30it/s, C_Loss=2.6229]
Train:  61%|██████▏   | 35/57 [00:00<00:00, 126.30it/s, C_Loss=2.6112]
Train:  61%|██████▏   | 35/57 [00:00<00:00, 126.30it/s, C_Loss=2.3217]
Train: 100%|██████████| 57/57 [00:00<00:00, 159.82it/s, C_Loss=2.3217]
Train: 100%|██████████| 57/57 [00:00<00:00, 120.59it/s, C_Loss=2.3217]

Eval:   0%|          | 0/8 [00:00<?, ?it/s]
Eval:  12%|█▎        | 1/8 [00:00<00:00,  8.56it/s]
Eval: 100%|██████████| 8/8 [00:00<00:00, 46.74it/s]
Train Loss: 2.5005 | Acc: 0.3803
Val   Loss: 2.5188   | Acc: 0.3751
Saved best model to checkpoints/cbm_v1/best_phase1.pt

Epoch 10/100

Train:   0%|          | 0/57 [00:00<?, ?it/s]
Train:   0%|          | 0/57 [00:00<?, ?it/s, C_Loss=2.4250]
Train:   2%|▏         | 1/57 [00:00<00:07,  7.95it/s, C_Loss=2.4250]
Train:   2%|▏         | 1/57 [00:00<00:07,  7.95it/s, C_Loss=2.5601]
Train:   2%|▏         | 1/57 [00:00<00:07,  7.95it/s, C_Loss=2.4585]
Train:   2%|▏         | 1/57 [00:00<00:07,  7.95it/s, C_Loss=2.4819]
Train:   2%|▏         | 1/57 [00:00<00:07,  7.95it/s, C_Loss=2.2624]
Train:   2%|▏         | 1/57 [00:00<00:07,  7.95it/s, C_Loss=2.4302]
Train:   2%|▏         | 1/57 [00:00<00:07,  7.95it/s, C_Loss=2.3678]
Train:   2%|▏         | 1/57 [00:00<00:07,  7.95it/s, C_Loss=2.4969]
Train:   2%|▏         | 1/57 [00:00<00:07,  7.95it/s, C_Loss=2.5140]
Train:   2%|▏         | 1/57 [00:00<00:07,  7.95it/s, C_Loss=2.5076]
Train:   2%|▏         | 1/57 [00:00<00:07,  7.95it/s, C_Loss=2.4720]
Train:   2%|▏         | 1/57 [00:00<00:07,  7.95it/s, C_Loss=2.5254]
Train:   2%|▏         | 1/57 [00:00<00:07,  7.95it/s, C_Loss=2.2742]
Train:   2%|▏         | 1/57 [00:00<00:07,  7.95it/s, C_Loss=2.4307]
Train:   2%|▏         | 1/57 [00:00<00:07,  7.95it/s, C_Loss=2.4359]
Train:   2%|▏         | 1/57 [00:00<00:07,  7.95it/s, C_Loss=2.3673]
Train:   2%|▏         | 1/57 [00:00<00:07,  7.95it/s, C_Loss=2.4352]
Train:   2%|▏         | 1/57 [00:00<00:07,  7.95it/s, C_Loss=2.4738]
Train:  32%|███▏      | 18/57 [00:00<00:00, 93.19it/s, C_Loss=2.4738]
Train:  32%|███▏      | 18/57 [00:00<00:00, 93.19it/s, C_Loss=2.5649]
Train:  32%|███▏      | 18/57 [00:00<00:00, 93.19it/s, C_Loss=2.5909]
Train:  32%|███▏      | 18/57 [00:00<00:00, 93.19it/s, C_Loss=2.3944]
Train:  32%|███▏      | 18/57 [00:00<00:00, 93.19it/s, C_Loss=2.4534]
Train:  32%|███▏      | 18/57 [00:00<00:00, 93.19it/s, C_Loss=2.4989]
Train:  32%|███▏      | 18/57 [00:00<00:00, 93.19it/s, C_Loss=2.3989]
Train:  32%|███▏      | 18/57 [00:00<00:00, 93.19it/s, C_Loss=2.5005]
Train:  32%|███▏      | 18/57 [00:00<00:00, 93.19it/s, C_Loss=2.5241]
Train:  32%|███▏      | 18/57 [00:00<00:00, 93.19it/s, C_Loss=2.2864]
Train:  32%|███▏      | 18/57 [00:00<00:00, 93.19it/s, C_Loss=2.5542]
Train:  32%|███▏      | 18/57 [00:00<00:00, 93.19it/s, C_Loss=2.3641]
Train:  32%|███▏      | 18/57 [00:00<00:00, 93.19it/s, C_Loss=2.4856]
Train:  32%|███▏      | 18/57 [00:00<00:00, 93.19it/s, C_Loss=2.3564]
Train:  32%|███▏      | 18/57 [00:00<00:00, 93.19it/s, C_Loss=2.4308]
Train:  32%|███▏      | 18/57 [00:00<00:00, 93.19it/s, C_Loss=2.4525]
Train:  32%|███▏      | 18/57 [00:00<00:00, 93.19it/s, C_Loss=2.4802]
Train:  60%|█████▉    | 34/57 [00:00<00:00, 120.99it/s, C_Loss=2.4802]
Train:  60%|█████▉    | 34/57 [00:00<00:00, 120.99it/s, C_Loss=2.3764]
Train:  60%|█████▉    | 34/57 [00:00<00:00, 120.99it/s, C_Loss=2.3966]
Train:  60%|█████▉    | 34/57 [00:00<00:00, 120.99it/s, C_Loss=2.4694]
Train:  60%|█████▉    | 34/57 [00:00<00:00, 120.99it/s, C_Loss=2.3252]
Train:  60%|█████▉    | 34/57 [00:00<00:00, 120.99it/s, C_Loss=2.3002]
Train:  60%|█████▉    | 34/57 [00:00<00:00, 120.99it/s, C_Loss=2.3203]
Train:  60%|█████▉    | 34/57 [00:00<00:00, 120.99it/s, C_Loss=2.7190]
Train:  60%|█████▉    | 34/57 [00:00<00:00, 120.99it/s, C_Loss=2.3933]
Train:  60%|█████▉    | 34/57 [00:00<00:00, 120.99it/s, C_Loss=2.3835]
Train:  60%|█████▉    | 34/57 [00:00<00:00, 120.99it/s, C_Loss=2.4849]
Train:  60%|█████▉    | 34/57 [00:00<00:00, 120.99it/s, C_Loss=2.5774]
Train:  60%|█████▉    | 34/57 [00:00<00:00, 120.99it/s, C_Loss=2.4526]
Train:  60%|█████▉    | 34/57 [00:00<00:00, 120.99it/s, C_Loss=2.3067]
Train:  60%|█████▉    | 34/57 [00:00<00:00, 120.99it/s, C_Loss=2.4469]
Train:  60%|█████▉    | 34/57 [00:00<00:00, 120.99it/s, C_Loss=2.2750]
Train:  60%|█████▉    | 34/57 [00:00<00:00, 120.99it/s, C_Loss=2.4477]
Train:  60%|█████▉    | 34/57 [00:00<00:00, 120.99it/s, C_Loss=2.4128]
Train:  60%|█████▉    | 34/57 [00:00<00:00, 120.99it/s, C_Loss=2.4524]
Train:  60%|█████▉    | 34/57 [00:00<00:00, 120.99it/s, C_Loss=2.5258]
Train:  93%|█████████▎| 53/57 [00:00<00:00, 141.64it/s, C_Loss=2.5258]
Train:  93%|█████████▎| 53/57 [00:00<00:00, 141.64it/s, C_Loss=2.2827]
Train:  93%|█████████▎| 53/57 [00:00<00:00, 141.64it/s, C_Loss=2.3517]
Train:  93%|█████████▎| 53/57 [00:00<00:00, 141.64it/s, C_Loss=2.4606]
Train:  93%|█████████▎| 53/57 [00:00<00:00, 141.64it/s, C_Loss=2.5563]
Train: 100%|██████████| 57/57 [00:00<00:00, 116.96it/s, C_Loss=2.5563]

Eval:   0%|          | 0/8 [00:00<?, ?it/s]
Eval:  12%|█▎        | 1/8 [00:00<00:00,  9.96it/s]
Eval: 100%|██████████| 8/8 [00:00<00:00, 53.93it/s]
Train Loss: 2.4380 | Acc: 0.3887
Val   Loss: 2.4631   | Acc: 0.3877
Generating visualizations...
Saved best model to checkpoints/cbm_v1/best_phase1.pt

Epoch 11/100

Train:   0%|          | 0/57 [00:00<?, ?it/s]
Train:   0%|          | 0/57 [00:00<?, ?it/s, C_Loss=2.4732]
Train:   2%|▏         | 1/57 [00:00<00:07,  7.72it/s, C_Loss=2.4732]
Train:   2%|▏         | 1/57 [00:00<00:07,  7.72it/s, C_Loss=2.2694]
Train:   2%|▏         | 1/57 [00:00<00:07,  7.72it/s, C_Loss=2.3370]
Train:   2%|▏         | 1/57 [00:00<00:07,  7.72it/s, C_Loss=2.2606]
Train:   2%|▏         | 1/57 [00:00<00:07,  7.72it/s, C_Loss=2.2868]
Train:   2%|▏         | 1/57 [00:00<00:07,  7.72it/s, C_Loss=2.3325]
Train:   2%|▏         | 1/57 [00:00<00:07,  7.72it/s, C_Loss=2.4438]
Train:   2%|▏         | 1/57 [00:00<00:07,  7.72it/s, C_Loss=2.4600]
Train:   2%|▏         | 1/57 [00:00<00:07,  7.72it/s, C_Loss=2.1923]
Train:   2%|▏         | 1/57 [00:00<00:07,  7.72it/s, C_Loss=2.4330]
Train:   2%|▏         | 1/57 [00:00<00:07,  7.72it/s, C_Loss=2.4117]
Train:   2%|▏         | 1/57 [00:00<00:07,  7.72it/s, C_Loss=2.3243]
Train:   2%|▏         | 1/57 [00:00<00:07,  7.72it/s, C_Loss=2.4297]
Train:   2%|▏         | 1/57 [00:00<00:07,  7.72it/s, C_Loss=2.3232]
Train:   2%|▏         | 1/57 [00:00<00:07,  7.72it/s, C_Loss=2.4304]
Train:   2%|▏         | 1/57 [00:00<00:07,  7.72it/s, C_Loss=2.5585]
Train:   2%|▏         | 1/57 [00:00<00:07,  7.72it/s, C_Loss=2.4793]
Train:   2%|▏         | 1/57 [00:00<00:07,  7.72it/s, C_Loss=2.4119]
Train:  32%|███▏      | 18/57 [00:00<00:00, 90.58it/s, C_Loss=2.4119]
Train:  32%|███▏      | 18/57 [00:00<00:00, 90.58it/s, C_Loss=2.4625]
Train:  32%|███▏      | 18/57 [00:00<00:00, 90.58it/s, C_Loss=2.2715]
Train:  32%|███▏      | 18/57 [00:00<00:00, 90.58it/s, C_Loss=2.2506]
Train:  32%|███▏      | 18/57 [00:00<00:00, 90.58it/s, C_Loss=2.3181]
Train:  32%|███▏      | 18/57 [00:00<00:00, 90.58it/s, C_Loss=2.3500]
Train:  32%|███▏      | 18/57 [00:00<00:00, 90.58it/s, C_Loss=2.3510]
Train:  32%|███▏      | 18/57 [00:00<00:00, 90.58it/s, C_Loss=2.3033]
Train:  32%|███▏      | 18/57 [00:00<00:00, 90.58it/s, C_Loss=2.3899]
Train:  32%|███▏      | 18/57 [00:00<00:00, 90.58it/s, C_Loss=2.5141]
Train:  32%|███▏      | 18/57 [00:00<00:00, 90.58it/s, C_Loss=2.2919]
Train:  32%|███▏      | 18/57 [00:00<00:00, 90.58it/s, C_Loss=2.2551]
Train:  32%|███▏      | 18/57 [00:00<00:00, 90.58it/s, C_Loss=2.5037]
Train:  32%|███▏      | 18/57 [00:00<00:00, 90.58it/s, C_Loss=2.2769]
Train:  32%|███▏      | 18/57 [00:00<00:00, 90.58it/s, C_Loss=2.3541]
Train:  32%|███▏      | 18/57 [00:00<00:00, 90.58it/s, C_Loss=2.3766]
Train:  32%|███▏      | 18/57 [00:00<00:00, 90.58it/s, C_Loss=2.4974]
Train:  60%|█████▉    | 34/57 [00:00<00:00, 116.98it/s, C_Loss=2.4974]
Train:  60%|█████▉    | 34/57 [00:00<00:00, 116.98it/s, C_Loss=2.3586]
Train:  60%|█████▉    | 34/57 [00:00<00:00, 116.98it/s, C_Loss=2.2829]
Train:  60%|█████▉    | 34/57 [00:00<00:00, 116.98it/s, C_Loss=2.4463]
Train:  60%|█████▉    | 34/57 [00:00<00:00, 116.98it/s, C_Loss=2.4107]
Train:  60%|█████▉    | 34/57 [00:00<00:00, 116.98it/s, C_Loss=2.3972]
Train:  60%|█████▉    | 34/57 [00:00<00:00, 116.98it/s, C_Loss=2.4644]
Train:  60%|█████▉    | 34/57 [00:00<00:00, 116.98it/s, C_Loss=2.3228]
Train:  60%|█████▉    | 34/57 [00:00<00:00, 116.98it/s, C_Loss=2.2924]
Train:  60%|█████▉    | 34/57 [00:00<00:00, 116.98it/s, C_Loss=2.4306]
Train:  60%|█████▉    | 34/57 [00:00<00:00, 116.98it/s, C_Loss=2.3836]
Train:  60%|█████▉    | 34/57 [00:00<00:00, 116.98it/s, C_Loss=2.5087]
Train:  60%|█████▉    | 34/57 [00:00<00:00, 116.98it/s, C_Loss=2.3392]
Train:  60%|█████▉    | 34/57 [00:00<00:00, 116.98it/s, C_Loss=2.4722]
Train:  60%|█████▉    | 34/57 [00:00<00:00, 116.98it/s, C_Loss=2.3694]
Train:  60%|█████▉    | 34/57 [00:00<00:00, 116.98it/s, C_Loss=2.4256]
Train:  60%|█████▉    | 34/57 [00:00<00:00, 116.98it/s, C_Loss=2.2319]
Train:  60%|█████▉    | 34/57 [00:00<00:00, 116.98it/s, C_Loss=2.2245]
Train:  60%|█████▉    | 34/57 [00:00<00:00, 116.98it/s, C_Loss=2.3925]
Train:  91%|█████████ | 52/57 [00:00<00:00, 139.88it/s, C_Loss=2.3925]
Train:  91%|█████████ | 52/57 [00:00<00:00, 139.88it/s, C_Loss=2.6310]
Train:  91%|█████████ | 52/57 [00:00<00:00, 139.88it/s, C_Loss=2.4051]
Train:  91%|█████████ | 52/57 [00:00<00:00, 139.88it/s, C_Loss=2.3296]
Train:  91%|█████████ | 52/57 [00:00<00:00, 139.88it/s, C_Loss=2.5726]
Train:  91%|█████████ | 52/57 [00:00<00:00, 139.88it/s, C_Loss=2.3143]
Train: 100%|██████████| 57/57 [00:00<00:00, 114.70it/s, C_Loss=2.3143]

Eval:   0%|          | 0/8 [00:00<?, ?it/s]
Eval:  12%|█▎        | 1/8 [00:00<00:00,  8.94it/s]
Eval: 100%|██████████| 8/8 [00:00<00:00, 47.26it/s]
Train Loss: 2.3795 | Acc: 0.3942
Val   Loss: 2.4201   | Acc: 0.3844

Epoch 12/100

Train:   0%|          | 0/57 [00:00<?, ?it/s]
Train:   0%|          | 0/57 [00:00<?, ?it/s, C_Loss=2.2391]
Train:   2%|▏         | 1/57 [00:00<00:07,  7.90it/s, C_Loss=2.2391]
Train:   2%|▏         | 1/57 [00:00<00:07,  7.90it/s, C_Loss=2.2815]
Train:   2%|▏         | 1/57 [00:00<00:07,  7.90it/s, C_Loss=2.2455]
Train:   2%|▏         | 1/57 [00:00<00:07,  7.90it/s, C_Loss=2.2317]
Train:   2%|▏         | 1/57 [00:00<00:07,  7.90it/s, C_Loss=2.4861]
Train:   2%|▏         | 1/57 [00:00<00:07,  7.90it/s, C_Loss=2.4018]
Train:   2%|▏         | 1/57 [00:00<00:07,  7.90it/s, C_Loss=2.4328]
Train:   2%|▏         | 1/57 [00:00<00:07,  7.90it/s, C_Loss=2.4848]
Train:   2%|▏         | 1/57 [00:00<00:07,  7.90it/s, C_Loss=2.4473]
Train:   2%|▏         | 1/57 [00:00<00:07,  7.90it/s, C_Loss=2.2727]
Train:   2%|▏         | 1/57 [00:00<00:07,  7.90it/s, C_Loss=2.3903]
Train:   2%|▏         | 1/57 [00:00<00:07,  7.90it/s, C_Loss=2.3634]
Train:   2%|▏         | 1/57 [00:00<00:07,  7.90it/s, C_Loss=2.4526]
Train:   2%|▏         | 1/57 [00:00<00:07,  7.90it/s, C_Loss=2.4152]
Train:   2%|▏         | 1/57 [00:00<00:07,  7.90it/s, C_Loss=2.3202]
Train:   2%|▏         | 1/57 [00:00<00:07,  7.90it/s, C_Loss=2.2320]
Train:   2%|▏         | 1/57 [00:00<00:07,  7.90it/s, C_Loss=2.4700]
Train:   2%|▏         | 1/57 [00:00<00:07,  7.90it/s, C_Loss=2.4011]
Train:   2%|▏         | 1/57 [00:00<00:07,  7.90it/s, C_Loss=2.2299]
Train:   2%|▏         | 1/57 [00:00<00:07,  7.90it/s, C_Loss=2.3129]
Train:   2%|▏         | 1/57 [00:00<00:07,  7.90it/s, C_Loss=2.3870]
Train:  37%|███▋      | 21/57 [00:00<00:00, 101.56it/s, C_Loss=2.3870]
Train:  37%|███▋      | 21/57 [00:00<00:00, 101.56it/s, C_Loss=2.1759]
Train:  37%|███▋      | 21/57 [00:00<00:00, 101.56it/s, C_Loss=2.2602]
Train:  37%|███▋      | 21/57 [00:00<00:00, 101.56it/s, C_Loss=2.4337]
Train:  37%|███▋      | 21/57 [00:00<00:00, 101.56it/s, C_Loss=2.3142]
Train:  37%|███▋      | 21/57 [00:00<00:00, 101.56it/s, C_Loss=2.4134]
Train:  37%|███▋      | 21/57 [00:00<00:00, 101.56it/s, C_Loss=2.2586]
Train:  37%|███▋      | 21/57 [00:00<00:00, 101.56it/s, C_Loss=2.3329]
Train:  37%|███▋      | 21/57 [00:00<00:00, 101.56it/s, C_Loss=2.4837]
Train:  37%|███▋      | 21/57 [00:00<00:00, 101.56it/s, C_Loss=2.4522]
Train:  37%|███▋      | 21/57 [00:00<00:00, 101.56it/s, C_Loss=2.1216]
Train:  37%|███▋      | 21/57 [00:00<00:00, 101.56it/s, C_Loss=2.3624]
Train:  37%|███▋      | 21/57 [00:00<00:00, 101.56it/s, C_Loss=2.2280]
Train:  37%|███▋      | 21/57 [00:00<00:00, 101.56it/s, C_Loss=2.3334]
Train:  37%|███▋      | 21/57 [00:00<00:00, 101.56it/s, C_Loss=2.2218]
Train:  37%|███▋      | 21/57 [00:00<00:00, 101.56it/s, C_Loss=2.3766]
Train:  37%|███▋      | 21/57 [00:00<00:00, 101.56it/s, C_Loss=2.2630]
Train:  37%|███▋      | 21/57 [00:00<00:00, 101.56it/s, C_Loss=2.2953]
Train:  37%|███▋      | 21/57 [00:00<00:00, 101.56it/s, C_Loss=2.4211]
Train:  37%|███▋      | 21/57 [00:00<00:00, 101.56it/s, C_Loss=2.2460]
Train:  37%|███▋      | 21/57 [00:00<00:00, 101.56it/s, C_Loss=2.3197]
Train:  72%|███████▏  | 41/57 [00:00<00:00, 136.02it/s, C_Loss=2.3197]
Train:  72%|███████▏  | 41/57 [00:00<00:00, 136.02it/s, C_Loss=2.3021]
Train:  72%|███████▏  | 41/57 [00:00<00:00, 136.02it/s, C_Loss=2.2295]
Train:  72%|███████▏  | 41/57 [00:00<00:00, 136.02it/s, C_Loss=2.4567]
Train:  72%|███████▏  | 41/57 [00:00<00:00, 136.02it/s, C_Loss=2.3761]
Train:  72%|███████▏  | 41/57 [00:00<00:00, 136.02it/s, C_Loss=2.6026]
Train:  72%|███████▏  | 41/57 [00:00<00:00, 136.02it/s, C_Loss=2.4627]
Train:  72%|███████▏  | 41/57 [00:00<00:00, 136.02it/s, C_Loss=2.3646]
Train:  72%|███████▏  | 41/57 [00:00<00:00, 136.02it/s, C_Loss=2.3710]
Train:  72%|███████▏  | 41/57 [00:00<00:00, 136.02it/s, C_Loss=2.1182]
Train:  72%|███████▏  | 41/57 [00:00<00:00, 136.02it/s, C_Loss=2.3411]
Train:  72%|███████▏  | 41/57 [00:00<00:00, 136.02it/s, C_Loss=2.4397]
Train:  72%|███████▏  | 41/57 [00:00<00:00, 136.02it/s, C_Loss=2.3126]
Train:  72%|███████▏  | 41/57 [00:00<00:00, 136.02it/s, C_Loss=2.3321]
Train:  72%|███████▏  | 41/57 [00:00<00:00, 136.02it/s, C_Loss=2.2903]
Train:  72%|███████▏  | 41/57 [00:00<00:00, 136.02it/s, C_Loss=2.3932]
Train:  72%|███████▏  | 41/57 [00:00<00:00, 136.02it/s, C_Loss=2.3142]
Train: 100%|██████████| 57/57 [00:00<00:00, 121.70it/s, C_Loss=2.3142]

Eval:   0%|          | 0/8 [00:00<?, ?it/s]
Eval:  12%|█▎        | 1/8 [00:00<00:00,  9.64it/s]
Eval: 100%|██████████| 8/8 [00:00<00:00, 48.06it/s]
Train Loss: 2.3425 | Acc: 0.4019
Val   Loss: 2.3792   | Acc: 0.3790

Epoch 13/100

Train:   0%|          | 0/57 [00:00<?, ?it/s]
Train:   0%|          | 0/57 [00:00<?, ?it/s, C_Loss=2.2930]
Train:   2%|▏         | 1/57 [00:00<00:06,  8.97it/s, C_Loss=2.2930]
Train:   2%|▏         | 1/57 [00:00<00:06,  8.97it/s, C_Loss=2.4021]
Train:   2%|▏         | 1/57 [00:00<00:06,  8.97it/s, C_Loss=2.3578]
Train:   2%|▏         | 1/57 [00:00<00:06,  8.97it/s, C_Loss=2.3139]
Train:   2%|▏         | 1/57 [00:00<00:06,  8.97it/s, C_Loss=2.2990]
Train:   2%|▏         | 1/57 [00:00<00:06,  8.97it/s, C_Loss=2.2573]
Train:   2%|▏         | 1/57 [00:00<00:06,  8.97it/s, C_Loss=2.2484]
Train:   2%|▏         | 1/57 [00:00<00:06,  8.97it/s, C_Loss=2.2458]
Train:   2%|▏         | 1/57 [00:00<00:06,  8.97it/s, C_Loss=2.2205]
Train:   2%|▏         | 1/57 [00:00<00:06,  8.97it/s, C_Loss=2.1886]
Train:   2%|▏         | 1/57 [00:00<00:06,  8.97it/s, C_Loss=2.4191]
Train:   2%|▏         | 1/57 [00:00<00:06,  8.97it/s, C_Loss=2.3897]
Train:   2%|▏         | 1/57 [00:00<00:06,  8.97it/s, C_Loss=2.4850]
Train:   2%|▏         | 1/57 [00:00<00:06,  8.97it/s, C_Loss=2.1376]
Train:   2%|▏         | 1/57 [00:00<00:06,  8.97it/s, C_Loss=2.2673]
Train:   2%|▏         | 1/57 [00:00<00:06,  8.97it/s, C_Loss=2.2822]
Train:   2%|▏         | 1/57 [00:00<00:06,  8.97it/s, C_Loss=2.4428]
Train:   2%|▏         | 1/57 [00:00<00:06,  8.97it/s, C_Loss=2.4035]
Train:   2%|▏         | 1/57 [00:00<00:06,  8.97it/s, C_Loss=2.4871]
Train:  33%|███▎      | 19/57 [00:00<00:00, 101.89it/s, C_Loss=2.4871]
Train:  33%|███▎      | 19/57 [00:00<00:00, 101.89it/s, C_Loss=2.3990]
Train:  33%|███▎      | 19/57 [00:00<00:00, 101.89it/s, C_Loss=2.4030]
Train:  33%|███▎      | 19/57 [00:00<00:00, 101.89it/s, C_Loss=2.2086]
Train:  33%|███▎      | 19/57 [00:00<00:00, 101.89it/s, C_Loss=2.2566]
Train:  33%|███▎      | 19/57 [00:00<00:00, 101.89it/s, C_Loss=2.3472]
Train:  33%|███▎      | 19/57 [00:00<00:00, 101.89it/s, C_Loss=2.3239]
Train:  33%|███▎      | 19/57 [00:00<00:00, 101.89it/s, C_Loss=2.2824]
Train:  33%|███▎      | 19/57 [00:00<00:00, 101.89it/s, C_Loss=2.3111]
Train:  33%|███▎      | 19/57 [00:00<00:00, 101.89it/s, C_Loss=2.3697]
Train:  33%|███▎      | 19/57 [00:00<00:00, 101.89it/s, C_Loss=2.2485]
Train:  33%|███▎      | 19/57 [00:00<00:00, 101.89it/s, C_Loss=2.2135]
Train:  33%|███▎      | 19/57 [00:00<00:00, 101.89it/s, C_Loss=2.1223]
Train:  33%|███▎      | 19/57 [00:00<00:00, 101.89it/s, C_Loss=2.3663]
Train:  33%|███▎      | 19/57 [00:00<00:00, 101.89it/s, C_Loss=2.4034]
Train:  33%|███▎      | 19/57 [00:00<00:00, 101.89it/s, C_Loss=2.2696]
Train:  33%|███▎      | 19/57 [00:00<00:00, 101.89it/s, C_Loss=2.4776]
Train:  61%|██████▏   | 35/57 [00:00<00:00, 126.57it/s, C_Loss=2.4776]
Train:  61%|██████▏   | 35/57 [00:00<00:00, 126.57it/s, C_Loss=2.2750]
Train:  61%|██████▏   | 35/57 [00:00<00:00, 126.57it/s, C_Loss=2.1533]
Train:  61%|██████▏   | 35/57 [00:00<00:00, 126.57it/s, C_Loss=2.1692]
Train:  61%|██████▏   | 35/57 [00:00<00:00, 126.57it/s, C_Loss=2.1254]
Train:  61%|██████▏   | 35/57 [00:00<00:00, 126.57it/s, C_Loss=2.2180]
Train:  61%|██████▏   | 35/57 [00:00<00:00, 126.57it/s, C_Loss=2.3464]
Train:  61%|██████▏   | 35/57 [00:00<00:00, 126.57it/s, C_Loss=2.4826]
Train:  61%|██████▏   | 35/57 [00:00<00:00, 126.57it/s, C_Loss=2.3374]
Train:  61%|██████▏   | 35/57 [00:00<00:00, 126.57it/s, C_Loss=2.2907]
Train:  61%|██████▏   | 35/57 [00:00<00:00, 126.57it/s, C_Loss=2.1130]
Train:  61%|██████▏   | 35/57 [00:00<00:00, 126.57it/s, C_Loss=2.2854]
Train:  61%|██████▏   | 35/57 [00:00<00:00, 126.57it/s, C_Loss=2.1333]
Train:  61%|██████▏   | 35/57 [00:00<00:00, 126.57it/s, C_Loss=2.2157]
Train:  61%|██████▏   | 35/57 [00:00<00:00, 126.57it/s, C_Loss=2.1010]
Train:  61%|██████▏   | 35/57 [00:00<00:00, 126.57it/s, C_Loss=2.3342]
Train:  61%|██████▏   | 35/57 [00:00<00:00, 126.57it/s, C_Loss=2.1557]
Train:  89%|████████▉ | 51/57 [00:00<00:00, 139.32it/s, C_Loss=2.1557]
Train:  89%|████████▉ | 51/57 [00:00<00:00, 139.32it/s, C_Loss=2.2622]
Train:  89%|████████▉ | 51/57 [00:00<00:00, 139.32it/s, C_Loss=2.1848]
Train:  89%|████████▉ | 51/57 [00:00<00:00, 139.32it/s, C_Loss=2.3842]
Train:  89%|████████▉ | 51/57 [00:00<00:00, 139.32it/s, C_Loss=2.2608]
Train:  89%|████████▉ | 51/57 [00:00<00:00, 139.32it/s, C_Loss=2.3842]
Train:  89%|████████▉ | 51/57 [00:00<00:00, 139.32it/s, C_Loss=2.2083]
Train: 100%|██████████| 57/57 [00:00<00:00, 119.09it/s, C_Loss=2.2083]

Eval:   0%|          | 0/8 [00:00<?, ?it/s]
Eval:  12%|█▎        | 1/8 [00:00<00:00,  8.97it/s]
Eval: 100%|██████████| 8/8 [00:00<00:00, 46.14it/s]
Train Loss: 2.2907 | Acc: 0.4040
Val   Loss: 2.3367   | Acc: 0.3976
Saved best model to checkpoints/cbm_v1/best_phase1.pt

Epoch 14/100

Train:   0%|          | 0/57 [00:00<?, ?it/s]
Train:   0%|          | 0/57 [00:00<?, ?it/s, C_Loss=2.3050]
Train:   2%|▏         | 1/57 [00:00<00:07,  7.81it/s, C_Loss=2.3050]
Train:   2%|▏         | 1/57 [00:00<00:07,  7.81it/s, C_Loss=2.4401]
Train:   2%|▏         | 1/57 [00:00<00:07,  7.81it/s, C_Loss=2.1044]
Train:   2%|▏         | 1/57 [00:00<00:07,  7.81it/s, C_Loss=2.4021]
Train:   2%|▏         | 1/57 [00:00<00:07,  7.81it/s, C_Loss=2.0978]
Train:   2%|▏         | 1/57 [00:00<00:07,  7.81it/s, C_Loss=2.1530]
Train:   2%|▏         | 1/57 [00:00<00:07,  7.81it/s, C_Loss=2.1762]
Train:   2%|▏         | 1/57 [00:00<00:07,  7.81it/s, C_Loss=2.0894]
Train:   2%|▏         | 1/57 [00:00<00:07,  7.81it/s, C_Loss=2.2362]
Train:   2%|▏         | 1/57 [00:00<00:07,  7.81it/s, C_Loss=2.3541]
Train:   2%|▏         | 1/57 [00:00<00:07,  7.81it/s, C_Loss=2.1623]
Train:   2%|▏         | 1/57 [00:00<00:07,  7.81it/s, C_Loss=2.0902]
Train:   2%|▏         | 1/57 [00:00<00:07,  7.81it/s, C_Loss=2.2123]
Train:   2%|▏         | 1/57 [00:00<00:07,  7.81it/s, C_Loss=2.3187]
Train:   2%|▏         | 1/57 [00:00<00:07,  7.81it/s, C_Loss=2.2700]
Train:   2%|▏         | 1/57 [00:00<00:07,  7.81it/s, C_Loss=2.2030]
Train:   2%|▏         | 1/57 [00:00<00:07,  7.81it/s, C_Loss=2.3436]
Train:   2%|▏         | 1/57 [00:00<00:07,  7.81it/s, C_Loss=2.1686]
Train:  32%|███▏      | 18/57 [00:00<00:00, 91.77it/s, C_Loss=2.1686]
Train:  32%|███▏      | 18/57 [00:00<00:00, 91.77it/s, C_Loss=2.3424]
Train:  32%|███▏      | 18/57 [00:00<00:00, 91.77it/s, C_Loss=2.0530]
Train:  32%|███▏      | 18/57 [00:00<00:00, 91.77it/s, C_Loss=2.2122]
Train:  32%|███▏      | 18/57 [00:00<00:00, 91.77it/s, C_Loss=2.3095]
Train:  32%|███▏      | 18/57 [00:00<00:00, 91.77it/s, C_Loss=2.2995]
Train:  32%|███▏      | 18/57 [00:00<00:00, 91.77it/s, C_Loss=2.1865]
Train:  32%|███▏      | 18/57 [00:00<00:00, 91.77it/s, C_Loss=2.1761]
Train:  32%|███▏      | 18/57 [00:00<00:00, 91.77it/s, C_Loss=2.2445]
Train:  32%|███▏      | 18/57 [00:00<00:00, 91.77it/s, C_Loss=2.2466]
Train:  32%|███▏      | 18/57 [00:00<00:00, 91.77it/s, C_Loss=2.2308]
Train:  32%|███▏      | 18/57 [00:00<00:00, 91.77it/s, C_Loss=2.3016]
Train:  32%|███▏      | 18/57 [00:00<00:00, 91.77it/s, C_Loss=2.2949]
Train:  32%|███▏      | 18/57 [00:00<00:00, 91.77it/s, C_Loss=2.2574]
Train:  32%|███▏      | 18/57 [00:00<00:00, 91.77it/s, C_Loss=2.1313]
Train:  32%|███▏      | 18/57 [00:00<00:00, 91.77it/s, C_Loss=2.2681]
Train:  32%|███▏      | 18/57 [00:00<00:00, 91.77it/s, C_Loss=2.1809]
Train:  32%|███▏      | 18/57 [00:00<00:00, 91.77it/s, C_Loss=2.3381]
Train:  61%|██████▏   | 35/57 [00:00<00:00, 123.83it/s, C_Loss=2.3381]
Train:  61%|██████▏   | 35/57 [00:00<00:00, 123.83it/s, C_Loss=2.2584]
Train:  61%|██████▏   | 35/57 [00:00<00:00, 123.83it/s, C_Loss=2.2116]
Train:  61%|██████▏   | 35/57 [00:00<00:00, 123.83it/s, C_Loss=2.4780]
Train:  61%|██████▏   | 35/57 [00:00<00:00, 123.83it/s, C_Loss=2.1721]
Train:  61%|██████▏   | 35/57 [00:00<00:00, 123.83it/s, C_Loss=2.4149]
Train:  61%|██████▏   | 35/57 [00:00<00:00, 123.83it/s, C_Loss=2.3814]
Train:  61%|██████▏   | 35/57 [00:00<00:00, 123.83it/s, C_Loss=2.3733]
Train:  61%|██████▏   | 35/57 [00:00<00:00, 123.83it/s, C_Loss=2.1187]
Train:  61%|██████▏   | 35/57 [00:00<00:00, 123.83it/s, C_Loss=2.2207]
Train:  61%|██████▏   | 35/57 [00:00<00:00, 123.83it/s, C_Loss=2.2653]
Train:  61%|██████▏   | 35/57 [00:00<00:00, 123.83it/s, C_Loss=2.1710]
Train:  61%|██████▏   | 35/57 [00:00<00:00, 123.83it/s, C_Loss=2.1805]
Train:  61%|██████▏   | 35/57 [00:00<00:00, 123.83it/s, C_Loss=2.2102]
Train:  61%|██████▏   | 35/57 [00:00<00:00, 123.83it/s, C_Loss=2.3674]
Train:  61%|██████▏   | 35/57 [00:00<00:00, 123.83it/s, C_Loss=2.1075]
Train:  61%|██████▏   | 35/57 [00:00<00:00, 123.83it/s, C_Loss=2.2353]
Train:  89%|████████▉ | 51/57 [00:00<00:00, 136.96it/s, C_Loss=2.2353]
Train:  89%|████████▉ | 51/57 [00:00<00:00, 136.96it/s, C_Loss=2.1320]
Train:  89%|████████▉ | 51/57 [00:00<00:00, 136.96it/s, C_Loss=2.3934]
Train:  89%|████████▉ | 51/57 [00:00<00:00, 136.96it/s, C_Loss=2.0233]
Train:  89%|████████▉ | 51/57 [00:00<00:00, 136.96it/s, C_Loss=2.3527]
Train:  89%|████████▉ | 51/57 [00:00<00:00, 136.96it/s, C_Loss=2.2843]
Train:  89%|████████▉ | 51/57 [00:00<00:00, 136.96it/s, C_Loss=2.3699]
Train: 100%|██████████| 57/57 [00:00<00:00, 114.74it/s, C_Loss=2.3699]

Eval:   0%|          | 0/8 [00:00<?, ?it/s]
Eval:  12%|█▎        | 1/8 [00:00<00:00,  8.33it/s]
Eval: 100%|██████████| 8/8 [00:00<00:00, 46.49it/s]
Train Loss: 2.2441 | Acc: 0.4186
Val   Loss: 2.3051   | Acc: 0.4014
Saved best model to checkpoints/cbm_v1/best_phase1.pt

Epoch 15/100

Train:   0%|          | 0/57 [00:00<?, ?it/s]
Train:   0%|          | 0/57 [00:00<?, ?it/s, C_Loss=2.2256]
Train:   2%|▏         | 1/57 [00:00<00:07,  7.96it/s, C_Loss=2.2256]
Train:   2%|▏         | 1/57 [00:00<00:07,  7.96it/s, C_Loss=2.1580]
Train:   2%|▏         | 1/57 [00:00<00:07,  7.96it/s, C_Loss=2.2742]
Train:   2%|▏         | 1/57 [00:00<00:07,  7.96it/s, C_Loss=2.2816]
Train:   2%|▏         | 1/57 [00:00<00:07,  7.96it/s, C_Loss=2.3892]
Train:   2%|▏         | 1/57 [00:00<00:07,  7.96it/s, C_Loss=2.2559]
Train:   2%|▏         | 1/57 [00:00<00:07,  7.96it/s, C_Loss=2.3109]
Train:   2%|▏         | 1/57 [00:00<00:07,  7.96it/s, C_Loss=2.1481]
Train:   2%|▏         | 1/57 [00:00<00:07,  7.96it/s, C_Loss=2.2267]
Train:   2%|▏         | 1/57 [00:00<00:07,  7.96it/s, C_Loss=2.2517]
Train:   2%|▏         | 1/57 [00:00<00:07,  7.96it/s, C_Loss=2.2442]
Train:   2%|▏         | 1/57 [00:00<00:07,  7.96it/s, C_Loss=2.0685]
Train:   2%|▏         | 1/57 [00:00<00:07,  7.96it/s, C_Loss=2.3370]
Train:   2%|▏         | 1/57 [00:00<00:07,  7.96it/s, C_Loss=2.2672]
Train:   2%|▏         | 1/57 [00:00<00:07,  7.96it/s, C_Loss=1.9496]
Train:   2%|▏         | 1/57 [00:00<00:07,  7.96it/s, C_Loss=2.1352]
Train:   2%|▏         | 1/57 [00:00<00:07,  7.96it/s, C_Loss=2.3295]
Train:  30%|██▉       | 17/57 [00:00<00:00, 88.60it/s, C_Loss=2.3295]
Train:  30%|██▉       | 17/57 [00:00<00:00, 88.60it/s, C_Loss=2.3025]
Train:  30%|██▉       | 17/57 [00:00<00:00, 88.60it/s, C_Loss=2.0294]
Train:  30%|██▉       | 17/57 [00:00<00:00, 88.60it/s, C_Loss=2.2793]
Train:  30%|██▉       | 17/57 [00:00<00:00, 88.60it/s, C_Loss=1.9070]
Train:  30%|██▉       | 17/57 [00:00<00:00, 88.60it/s, C_Loss=2.3006]
Train:  30%|██▉       | 17/57 [00:00<00:00, 88.60it/s, C_Loss=2.1003]
Train:  30%|██▉       | 17/57 [00:00<00:00, 88.60it/s, C_Loss=2.1744]
Train:  30%|██▉       | 17/57 [00:00<00:00, 88.60it/s, C_Loss=2.2903]
Train:  30%|██▉       | 17/57 [00:00<00:00, 88.60it/s, C_Loss=2.2248]
Train:  30%|██▉       | 17/57 [00:00<00:00, 88.60it/s, C_Loss=2.2046]
Train:  30%|██▉       | 17/57 [00:00<00:00, 88.60it/s, C_Loss=2.1110]
Train:  30%|██▉       | 17/57 [00:00<00:00, 88.60it/s, C_Loss=2.0404]
Train:  30%|██▉       | 17/57 [00:00<00:00, 88.60it/s, C_Loss=2.2942]
Train:  30%|██▉       | 17/57 [00:00<00:00, 88.60it/s, C_Loss=2.2165]
Train:  30%|██▉       | 17/57 [00:00<00:00, 88.60it/s, C_Loss=2.1329]
Train:  30%|██▉       | 17/57 [00:00<00:00, 88.60it/s, C_Loss=2.0497]
Train:  30%|██▉       | 17/57 [00:00<00:00, 88.60it/s, C_Loss=2.2321]
Train:  30%|██▉       | 17/57 [00:00<00:00, 88.60it/s, C_Loss=2.4825]
Train:  30%|██▉       | 17/57 [00:00<00:00, 88.60it/s, C_Loss=2.4133]
Train:  30%|██▉       | 17/57 [00:00<00:00, 88.60it/s, C_Loss=2.1746]
Train:  65%|██████▍   | 37/57 [00:00<00:00, 127.82it/s, C_Loss=2.1746]
Train:  65%|██████▍   | 37/57 [00:00<00:00, 127.82it/s, C_Loss=2.4092]
Train:  65%|██████▍   | 37/57 [00:00<00:00, 127.82it/s, C_Loss=2.2715]
Train:  65%|██████▍   | 37/57 [00:00<00:00, 127.82it/s, C_Loss=2.2126]
Train:  65%|██████▍   | 37/57 [00:00<00:00, 127.82it/s, C_Loss=2.1452]
Train:  65%|██████▍   | 37/57 [00:00<00:00, 127.82it/s, C_Loss=2.1755]
Train:  65%|██████▍   | 37/57 [00:00<00:00, 127.82it/s, C_Loss=2.1981]
Train:  65%|██████▍   | 37/57 [00:00<00:00, 127.82it/s, C_Loss=2.1923]
Train:  65%|██████▍   | 37/57 [00:00<00:00, 127.82it/s, C_Loss=2.3445]
Train:  65%|██████▍   | 37/57 [00:00<00:00, 127.82it/s, C_Loss=2.2036]
Train:  65%|██████▍   | 37/57 [00:00<00:00, 127.82it/s, C_Loss=2.1881]
Train:  65%|██████▍   | 37/57 [00:00<00:00, 127.82it/s, C_Loss=2.0317]
Train:  65%|██████▍   | 37/57 [00:00<00:00, 127.82it/s, C_Loss=2.2882]
Train:  65%|██████▍   | 37/57 [00:00<00:00, 127.82it/s, C_Loss=2.1391]
Train:  65%|██████▍   | 37/57 [00:00<00:00, 127.82it/s, C_Loss=2.0626]
Train:  65%|██████▍   | 37/57 [00:00<00:00, 127.82it/s, C_Loss=1.9525]
Train:  65%|██████▍   | 37/57 [00:00<00:00, 127.82it/s, C_Loss=2.2513]
Train:  65%|██████▍   | 37/57 [00:00<00:00, 127.82it/s, C_Loss=2.2447]
Train:  65%|██████▍   | 37/57 [00:00<00:00, 127.82it/s, C_Loss=2.1658]
Train:  65%|██████▍   | 37/57 [00:00<00:00, 127.82it/s, C_Loss=2.1657]
Train:  65%|██████▍   | 37/57 [00:00<00:00, 127.82it/s, C_Loss=2.2881]
Train: 100%|██████████| 57/57 [00:00<00:00, 118.53it/s, C_Loss=2.2881]

Eval:   0%|          | 0/8 [00:00<?, ?it/s]
Eval:  12%|█▎        | 1/8 [00:00<00:00,  8.99it/s]
Eval: 100%|██████████| 8/8 [00:00<00:00, 46.16it/s]
