============================================================================================== 
Warning! Mixing Conda and module environments may lead to corruption of the
user environment. 
We do not recommend users mixing those two environments unless absolutely
necessary. Note that 
SURF does not provide any support for Conda environment.
For more information, please refer to our software policy page:
https://servicedesk.surf.nl/wiki/display/WIKI/Software+policy+Snellius#SoftwarepolicySnellius-UseofAnacondaandMinicondaenvironmentsonSnellius 

Remember that many packages have already been installed on the system and can
be loaded using 
the 'module load <package__name>' command. If you are uncertain if a package is
already available 
on the system, please use 'module avail' or 'module spider' to search for it.
============================================================================================== 

[notice] A new release of pip is available: 25.1.1 -> 25.3
[notice] To update, run: pip install --upgrade pip

[notice] A new release of pip is available: 25.1.1 -> 25.3
[notice] To update, run: pip install --upgrade pip
========================================================================
Fine-tune Concepts Job
========================================================================
Job started at: Thu Dec  4 20:23:05 CET 2025
Refining overly frequent or rare concepts into more fine-grained concepts
Checkpoints saved every 100 refinements
========================================================================
Loading generalized concepts from /gpfs/home4/igodzwon/Project_AI/data/generalized_concepts.csv
Total rows: 7,289
Valid rows (after filtering errors): 7,289

Grouping by unique concepts...
Found 354 unique concepts to evaluate
Loaded checkpoint: 354 concepts already processed
Concepts remaining to process: 0
All concepts already processed!

Applying concept mapping to all rows...

============================================================
FINAL STATISTICS
============================================================
Original unique concepts: 354
Final unique concepts: 29
Change: -325 concepts

Concepts kept unchanged: 2
Concepts refined/merged: 352

Top 15 concepts by count:
  infrastructure_unique: 3731 (51.2%)
  landscape_unique_flatland: 1286 (17.6%)
  architecture_unique: 502 (6.9%)
  landscape_unique_hillside: 489 (6.7%)
  language_unique: 357 (4.9%)
  vegetation: 146 (2.0%)
  agriculture_unique_cacti: 143 (2.0%)
  landscape_unique_crater: 137 (1.9%)
  infrastructure_yellow_backboards: 120 (1.6%)
  landscape_unique_fjord: 118 (1.6%)
  beach_resort: 66 (0.9%)
  agriculture_cotton_sugarcane: 66 (0.9%)
  antenna_short_tilted: 50 (0.7%)
  vehicle: 31 (0.4%)
  architecture_unique_bricks: 9 (0.1%)

Saving results to /gpfs/home4/igodzwon/Project_AI/data/fine_tuned_concepts.csv
Done! Saved 7,289 rows
Traceback (most recent call last):
  File "/gpfs/home4/igodzwon/Project_AI/scripts/data_processing/fine_tune_concepts.py", line 337, in <module>
    main()
  File "/gpfs/home4/igodzwon/Project_AI/scripts/data_processing/fine_tune_concepts.py", line 329, in main
    if errors:
       ^^^^^^
UnboundLocalError: cannot access local variable 'errors' where it is not associated with a value
========================================================================
Job finished at: Thu Dec  4 20:23:09 CET 2025
========================================================================
