============================================================================================== 
Warning! Mixing Conda and module environments may lead to corruption of the
user environment. 
We do not recommend users mixing those two environments unless absolutely
necessary. Note that 
SURF does not provide any support for Conda environment.
For more information, please refer to our software policy page:
https://servicedesk.surf.nl/wiki/display/WIKI/Software+policy+Snellius#SoftwarepolicySnellius-UseofAnacondaandMinicondaenvironmentsonSnellius 

Remember that many packages have already been installed on the system and can
be loaded using 
the 'module load <package__name>' command. If you are uncertain if a package is
already available 
on the system, please use 'module avail' or 'module spider' to search for it.
============================================================================================== 
INFO:__main__:Using device: cuda
INFO:__main__:Initializing Dataset...
Loading samples: 0it [00:00, ?it/s]Loading samples: 0it [00:00, ?it/s]
INFO:__main__:Total samples: 0, Concepts: 0
Country filter 'India' applied:
  - Loaded samples: 0
  - Skipped (country mismatch): 0
  - Skipped (no image): 0
  - Skipped (no coordinates): 0
Loaded 0 samples
Concepts: 0
Countries: 0
Traceback (most recent call last):
  File "/gpfs/scratch1/shared/pnair/Project_AI/scripts/training/train_concept_aware.py", line 971, in <module>
    train(args)
  File "/gpfs/scratch1/shared/pnair/Project_AI/scripts/training/train_concept_aware.py", line 422, in train
    logger.info(f"Samples per concept - Min: {min(concept_counts.values())}, Max: {max(concept_counts.values())}, Avg: {len(full_dataset.samples)/len(concept_counts):.1f}")
                                              ^^^^^^^^^^^^^^^^^^^^^^^^^^^^
ValueError: min() arg is an empty sequence
