============================================================================================== 
Warning! Mixing Conda and module environments may lead to corruption of the
user environment. 
We do not recommend users mixing those two environments unless absolutely
necessary. Note that 
SURF does not provide any support for Conda environment.
For more information, please refer to our software policy page:
https://servicedesk.surf.nl/wiki/display/WIKI/Software+policy+Snellius#SoftwarepolicySnellius-UseofAnacondaandMinicondaenvironmentsonSnellius 

Remember that many packages have already been installed on the system and can
be loaded using 
the 'module load <package__name>' command. If you are uncertain if a package is
already available 
on the system, please use 'module avail' or 'module spider' to search for it.
============================================================================================== 
Starting StreetCLIP CBM training
Traceback (most recent call last):
  File "/gpfs/scratch1/shared/pnair/Project_AI/scripts/training/train_cbm_geolocation.py", line 20, in <module>
    import wandb
  File "/home/pnair/.local/lib/python3.11/site-packages/wandb/__init__.py", line 27, in <module>
    from wandb import sdk as wandb_sdk
  File "/home/pnair/.local/lib/python3.11/site-packages/wandb/sdk/__init__.py", line 4, in <module>
    from .artifacts.artifact import Artifact  # noqa: F401
    ^^^^^^^^^^^^^^^^^^^^^^^^^^^^^^^^^^^^^^^^
  File "/home/pnair/.local/lib/python3.11/site-packages/wandb/sdk/artifacts/artifact.py", line 35, in <module>
    from wandb import data_types, env, util
  File "/home/pnair/.local/lib/python3.11/site-packages/wandb/data_types.py", line 33, in <module>
    from .sdk.data_types import _dtypes
  File "/home/pnair/.local/lib/python3.11/site-packages/wandb/sdk/data_types/_dtypes.py", line 396, in <module>
    NumberType.types.append(np.float_)
                            ^^^^^^^^^
  File "/home/pnair/.conda/envs/streetview_pnair/lib/python3.11/site-packages/numpy/__init__.py", line 781, in __getattr__
    raise AttributeError(
AttributeError: `np.float_` was removed in the NumPy 2.0 release. Use `np.float64` instead.
