============================================================================================== 
Warning! Mixing Conda and module environments may lead to corruption of the
user environment. 
We do not recommend users mixing those two environments unless absolutely
necessary. Note that 
SURF does not provide any support for Conda environment.
For more information, please refer to our software policy page:
https://servicedesk.surf.nl/wiki/display/WIKI/Software+policy+Snellius#SoftwarepolicySnellius-UseofAnacondaandMinicondaenvironmentsonSnellius 

Remember that many packages have already been installed on the system and can
be loaded using 
the 'module load <package__name>' command. If you are uncertain if a package is
already available 
on the system, please use 'module avail' or 'module spider' to search for it.
============================================================================================== 
Starting CBM training...
Dataset: /home/igodzwon/Project_AI/data/691df1ee911f74393c53af8c/dataset.csv
Loading Probe from: checkpoints/probe/best_probe_model.pth
Traceback (most recent call last):
  File "/gpfs/home4/igodzwon/Project_AI/scripts/training/train_cbm.py", line 418, in <module>
    main()
  File "/gpfs/home4/igodzwon/Project_AI/scripts/training/train_cbm.py", line 263, in main
    parser.add_argument("save-every-epoch",required=False, type = bool, default=False, help="Save every epoch")
  File "/home/igodzwon/.conda/envs/streetview/lib/python3.11/argparse.py", line 1437, in add_argument
    kwargs = self._get_positional_kwargs(*args, **kwargs)
             ^^^^^^^^^^^^^^^^^^^^^^^^^^^^^^^^^^^^^^^^^^^^
  File "/home/igodzwon/.conda/envs/streetview/lib/python3.11/argparse.py", line 1553, in _get_positional_kwargs
    raise TypeError(msg)
TypeError: 'required' is an invalid argument for positionals
Training finished.
