============================================================================================== 
Warning! Mixing Conda and module environments may lead to corruption of the
user environment. 
We do not recommend users mixing those two environments unless absolutely
necessary. Note that 
SURF does not provide any support for Conda environment.
For more information, please refer to our software policy page:
https://servicedesk.surf.nl/wiki/display/WIKI/Software+policy+Snellius#SoftwarepolicySnellius-UseofAnacondaandMinicondaenvironmentsonSnellius 

Remember that many packages have already been installed on the system and can
be loaded using 
the 'module load <package__name>' command. If you are uncertain if a package is
already available 
on the system, please use 'module avail' or 'module spider' to search for it.
============================================================================================== 
Starting CBM training...
Dataset: /home/igodzwon/Project_AI/data/691df1ee911f74393c53af8c/dataset.csv
Loading Probe from: checkpoints/probe/best_probe_model.pth
Using device: cuda
Creating stratified splits...
Split sizes: Train=12425, Val=2663, Test=2663
Using a slow image processor as `use_fast` is unset and a slow processor was saved with this model. `use_fast=True` will be the default behavior in v4.52, even if the model was saved with a slow processor. This will result in minor differences in outputs. You'll still be able to use a slow processor with `use_fast=False`.
Concepts: 207, Countries: 3
Loading backbone: geolocal/StreetCLIP
Backbone frozen.
Trainable parameters: 398145
Total parameters: 428342338
Backbone parameters: 427944193
Concept head parameters: 159183
Country head parameters: 624
Coordinate head parameters: 238338
Loaded pretrained model from checkpoints/cbm/best_cbm_model.pth
Starting CBM training...
Unfreezing backbone at epoch 1 with LR 1e-05...
Epoch 1 [Train]:   0%|          | 0/98 [00:00<?, ?it/s]Epoch 1 [Train]:   0%|          | 0/98 [00:19<?, ?it/s]Epoch 1 [Train]:   0%|          | 0/98 [02:21<?, ?it/s]
Traceback (most recent call last):
  File "/gpfs/home4/igodzwon/Project_AI/scripts/training/train_cbm.py", line 418, in <module>
    main()
  File "/gpfs/home4/igodzwon/Project_AI/scripts/training/train_cbm.py", line 373, in main
    train_metrics = train_one_epoch(model, train_loader, criterion, optimizer, device, epoch)
                    ^^^^^^^^^^^^^^^^^^^^^^^^^^^^^^^^^^^^^^^^^^^^^^^^^^^^^^^^^^^^^^^^^^^^^^^^^
  File "/gpfs/home4/igodzwon/Project_AI/scripts/training/train_cbm.py", line 150, in train_one_epoch
    concept_logits, country_logits, coord_preds = model(images)
                                                  ^^^^^^^^^^^^^
  File "/home/igodzwon/.conda/envs/streetview/lib/python3.11/site-packages/torch/nn/modules/module.py", line 1775, in _wrapped_call_impl
    return self._call_impl(*args, **kwargs)
           ^^^^^^^^^^^^^^^^^^^^^^^^^^^^^^^^
  File "/home/igodzwon/.conda/envs/streetview/lib/python3.11/site-packages/torch/nn/modules/module.py", line 1786, in _call_impl
    return forward_call(*args, **kwargs)
           ^^^^^^^^^^^^^^^^^^^^^^^^^^^^^
  File "/gpfs/home4/igodzwon/Project_AI/src/models/cbm.py", line 82, in forward
    vision_outputs = self.backbone.vision_model(
                     ^^^^^^^^^^^^^^^^^^^^^^^^^^^
  File "/home/igodzwon/.conda/envs/streetview/lib/python3.11/site-packages/torch/nn/modules/module.py", line 1775, in _wrapped_call_impl
    return self._call_impl(*args, **kwargs)
           ^^^^^^^^^^^^^^^^^^^^^^^^^^^^^^^^
  File "/home/igodzwon/.conda/envs/streetview/lib/python3.11/site-packages/torch/nn/modules/module.py", line 1786, in _call_impl
    return forward_call(*args, **kwargs)
           ^^^^^^^^^^^^^^^^^^^^^^^^^^^^^
  File "/home/igodzwon/.conda/envs/streetview/lib/python3.11/site-packages/transformers/models/clip/modeling_clip.py", line 745, in forward
    encoder_outputs: BaseModelOutput = self.encoder(
                                       ^^^^^^^^^^^^^
  File "/home/igodzwon/.conda/envs/streetview/lib/python3.11/site-packages/torch/nn/modules/module.py", line 1775, in _wrapped_call_impl
    return self._call_impl(*args, **kwargs)
           ^^^^^^^^^^^^^^^^^^^^^^^^^^^^^^^^
  File "/home/igodzwon/.conda/envs/streetview/lib/python3.11/site-packages/torch/nn/modules/module.py", line 1786, in _call_impl
    return forward_call(*args, **kwargs)
           ^^^^^^^^^^^^^^^^^^^^^^^^^^^^^
  File "/home/igodzwon/.conda/envs/streetview/lib/python3.11/site-packages/transformers/models/clip/modeling_clip.py", line 549, in forward
    layer_outputs = encoder_layer(
                    ^^^^^^^^^^^^^^
  File "/home/igodzwon/.conda/envs/streetview/lib/python3.11/site-packages/transformers/modeling_layers.py", line 94, in __call__
    return super().__call__(*args, **kwargs)
           ^^^^^^^^^^^^^^^^^^^^^^^^^^^^^^^^^
  File "/home/igodzwon/.conda/envs/streetview/lib/python3.11/site-packages/torch/nn/modules/module.py", line 1775, in _wrapped_call_impl
    return self._call_impl(*args, **kwargs)
           ^^^^^^^^^^^^^^^^^^^^^^^^^^^^^^^^
  File "/home/igodzwon/.conda/envs/streetview/lib/python3.11/site-packages/torch/nn/modules/module.py", line 1786, in _call_impl
    return forward_call(*args, **kwargs)
           ^^^^^^^^^^^^^^^^^^^^^^^^^^^^^
  File "/home/igodzwon/.conda/envs/streetview/lib/python3.11/site-packages/transformers/models/clip/modeling_clip.py", line 407, in forward
    hidden_states = self.mlp(hidden_states)
                    ^^^^^^^^^^^^^^^^^^^^^^^
  File "/home/igodzwon/.conda/envs/streetview/lib/python3.11/site-packages/torch/nn/modules/module.py", line 1775, in _wrapped_call_impl
    return self._call_impl(*args, **kwargs)
           ^^^^^^^^^^^^^^^^^^^^^^^^^^^^^^^^
  File "/home/igodzwon/.conda/envs/streetview/lib/python3.11/site-packages/torch/nn/modules/module.py", line 1786, in _call_impl
    return forward_call(*args, **kwargs)
           ^^^^^^^^^^^^^^^^^^^^^^^^^^^^^
  File "/home/igodzwon/.conda/envs/streetview/lib/python3.11/site-packages/transformers/models/clip/modeling_clip.py", line 363, in forward
    hidden_states = self.activation_fn(hidden_states)
                    ^^^^^^^^^^^^^^^^^^^^^^^^^^^^^^^^^
  File "/home/igodzwon/.conda/envs/streetview/lib/python3.11/site-packages/torch/nn/modules/module.py", line 1775, in _wrapped_call_impl
    return self._call_impl(*args, **kwargs)
           ^^^^^^^^^^^^^^^^^^^^^^^^^^^^^^^^
  File "/home/igodzwon/.conda/envs/streetview/lib/python3.11/site-packages/torch/nn/modules/module.py", line 1786, in _call_impl
    return forward_call(*args, **kwargs)
           ^^^^^^^^^^^^^^^^^^^^^^^^^^^^^
  File "/home/igodzwon/.conda/envs/streetview/lib/python3.11/site-packages/transformers/activations.py", line 119, in forward
    return input * torch.sigmoid(1.702 * input)
                   ^^^^^^^^^^^^^^^^^^^^^^^^^^^^
torch.OutOfMemoryError: CUDA out of memory. Tried to allocate 1.13 GiB. GPU 0 has a total capacity of 93.09 GiB of which 879.44 MiB is free. Including non-PyTorch memory, this process has 92.21 GiB memory in use. Of the allocated memory 91.20 GiB is allocated by PyTorch, and 350.70 MiB is reserved by PyTorch but unallocated. If reserved but unallocated memory is large try setting PYTORCH_CUDA_ALLOC_CONF=expandable_segments:True to avoid fragmentation.  See documentation for Memory Management  (https://pytorch.org/docs/stable/notes/cuda.html#environment-variables)
Training finished.
