============================================================================================== 
Warning! Mixing Conda and module environments may lead to corruption of the
user environment. 
We do not recommend users mixing those two environments unless absolutely
necessary. Note that 
SURF does not provide any support for Conda environment.
For more information, please refer to our software policy page:
https://servicedesk.surf.nl/wiki/display/WIKI/Software+policy+Snellius#SoftwarepolicySnellius-UseofAnacondaandMinicondaenvironmentsonSnellius 

Remember that many packages have already been installed on the system and can
be loaded using 
the 'module load <package__name>' command. If you are uncertain if a package is
already available 
on the system, please use 'module avail' or 'module spider' to search for it.
============================================================================================== 
----------------------------------------------------------------
Job started at: Sun Nov 23 12:20:13 CET 2025
Dataset: /home/igodzwon/Project_AI/data/6921d7831744c5356b098bf7_balanced/dataset.csv
Output: checkpoints/sae
----------------------------------------------------------------
Starting SAE Training...
Traceback (most recent call last):
  File "/gpfs/home4/igodzwon/Project_AI/scripts/training/train_sae.py", line 21, in <module>
    from src.models.sae import TopKSAE
ModuleNotFoundError: No module named 'src.models.sae'
Training finished at: Sun Nov 23 12:20:27 CET 2025
Checkpoint not found, skipping visualization.
Job finished at: Sun Nov 23 12:20:27 CET 2025
