============================================================================================== 
Warning! Mixing Conda and module environments may lead to corruption of the
user environment. 
We do not recommend users mixing those two environments unless absolutely
necessary. Note that 
SURF does not provide any support for Conda environment.
For more information, please refer to our software policy page:
https://servicedesk.surf.nl/wiki/display/WIKI/Software+policy+Snellius#SoftwarepolicySnellius-UseofAnacondaandMinicondaenvironmentsonSnellius 

Remember that many packages have already been installed on the system and can
be loaded using 
the 'module load <package__name>' command. If you are uncertain if a package is
already available 
on the system, please use 'module avail' or 'module spider' to search for it.
============================================================================================== 
============================================================
Concept Head Training Pipeline
============================================================
Job started at: Wed Dec  3 21:35:18 CET 2025
CSV data: /home/igodzwon/Project_AI/data/6921d7831744c5356b098bf7_balanced
Cached data: /scratch-shared/igodzwon/Project_AI/data/6921d7831744c5356b098bf7_balanced
Mode: global
============================================================

STEP 1: Splits already exist, skipping...

STEP 2: Cached embeddings already exist, skipping...

STEP 3: Concept data already exists, skipping...

============================================================
STEP 4: Training concept head...
============================================================
Mode: global
Epochs: 50
Batch size: 256
Learning rate: 1e-3
Lambda drift: 0.01
============================================================
Saved config to /home/igodzwon/Project_AI/checkpoints/concept_head/config.json

Loading concept data...
Loaded 6242 concepts
Traceback (most recent call last):
  File "/gpfs/home4/igodzwon/Project_AI/scripts/training/train_concept_head.py", line 524, in <module>
    main()
  File "/gpfs/home4/igodzwon/Project_AI/scripts/training/train_concept_head.py", line 304, in main
    print(f"Class priors: mean={priors.mean():.4f}, min={priors.min():.4f}, max={priors.max():.4f}")
                                ^^^^^^^^^^^
AttributeError: 'list' object has no attribute 'mean'
ERROR: Training failed
