============================================================================================== 
Warning! Mixing Conda and module environments may lead to corruption of the
user environment. 
We do not recommend users mixing those two environments unless absolutely
necessary. Note that 
SURF does not provide any support for Conda environment.
For more information, please refer to our software policy page:
https://servicedesk.surf.nl/wiki/display/WIKI/Software+policy+Snellius#SoftwarepolicySnellius-UseofAnacondaandMinicondaenvironmentsonSnellius 

Remember that many packages have already been installed on the system and can
be loaded using 
the 'module load <package__name>' command. If you are uncertain if a package is
already available 
on the system, please use 'module avail' or 'module spider' to search for it.
============================================================================================== 
============================================================
Concept Head Training Pipeline
============================================================
Job started at: Wed Dec  3 16:12:51 CET 2025
CSV data: /home/igodzwon/Project_AI/data/6921d7831744c5356b098bf7_balanced
Cached data: /scratch-shared/igodzwon/Project_AI/data/6921d7831744c5356b098bf7_balanced
Mode: global
============================================================

STEP 1: Splits already exist, skipping...

============================================================
STEP 2: Precomputing StreetCLIP embeddings...
============================================================
Loading StreetCLIP model: geolocal/StreetCLIP

============================================================
Processing train split
============================================================
Using a slow image processor as `use_fast` is unset and a slow processor was saved with this model. `use_fast=True` will be the default behavior in v4.52, even if the model was saved with a slow processor. This will result in minor differences in outputs. You'll still be able to use a slow processor with `use_fast=False`.
Processing train:   0%|          | 0/1064 [00:00<?, ?it/s][2025-12-03T16:16:59.640] error: *** JOB 17091817 ON gcn118 CANCELLED AT 2025-12-03T16:16:59 DUE to SIGNAL Terminated ***
