============================================================================================== 
Warning! Mixing Conda and module environments may lead to corruption of the
user environment. 
We do not recommend users mixing those two environments unless absolutely
necessary. Note that 
SURF does not provide any support for Conda environment.
For more information, please refer to our software policy page:
https://servicedesk.surf.nl/wiki/display/WIKI/Software+policy+Snellius#SoftwarepolicySnellius-UseofAnacondaandMinicondaenvironmentsonSnellius 

Remember that many packages have already been installed on the system and can
be loaded using 
the 'module load <package__name>' command. If you are uncertain if a package is
already available 
on the system, please use 'module avail' or 'module spider' to search for it.
============================================================================================== 
============================================================
Concept Head Training Pipeline
============================================================
Job started at: Wed Dec  3 16:41:05 CET 2025
CSV data: /home/igodzwon/Project_AI/data/6921d7831744c5356b098bf7_balanced
Cached data: /scratch-shared/igodzwon/Project_AI/data/6921d7831744c5356b098bf7_balanced
Mode: global
============================================================

STEP 1: Splits already exist, skipping...

============================================================
STEP 2: Precomputing StreetCLIP embeddings...
============================================================
/home/igodzwon/.conda/envs/streetview/lib/python3.11/site-packages/transformers/utils/hub.py:110: FutureWarning: Using `TRANSFORMERS_CACHE` is deprecated and will be removed in v5 of Transformers. Use `HF_HOME` instead.
  warnings.warn(
Loading StreetCLIP model: geolocal/StreetCLIP
Model loaded on cuda

============================================================
Processing train split
============================================================
Dataset size: 34028 images
Processing train:   0%|          | 0/266 [00:00<?, ?it/s]Processing train:   0%|          | 1/266 [19:00<83:55:54, 1140.21s/it]Processing train:   1%|          | 2/266 [19:10<34:52:33, 475.58s/it] Processing train:   1%|          | 3/266 [19:23<19:18:00, 264.19s/it]Processing train:   2%|▏         | 4/266 [19:24<11:40:16, 160.37s/it]Processing train:   2%|▏         | 5/266 [19:25<7:27:52, 102.96s/it] Processing train:   2%|▏         | 6/266 [19:26<4:56:16, 68.37s/it] Processing train:   3%|▎         | 7/266 [19:27<3:20:17, 46.40s/it]Processing train:   3%|▎         | 8/266 [19:29<2:17:36, 32.00s/it]Processing train:   3%|▎         | 9/266 [19:30<1:35:47, 22.36s/it]Processing train:   4%|▍         | 10/266 [19:31<1:07:29, 15.82s/it]Processing train:   4%|▍         | 11/266 [19:32<48:10, 11.34s/it]  Processing train:   5%|▍         | 12/266 [19:33<34:53,  8.24s/it]Processing train:   5%|▍         | 13/266 [19:34<25:43,  6.10s/it]Processing train:   5%|▌         | 14/266 [19:36<19:21,  4.61s/it]Processing train:   6%|▌         | 15/266 [19:37<14:57,  3.57s/it]Processing train:   6%|▌         | 16/266 [19:38<11:52,  2.85s/it][2025-12-03T17:16:44.606] error: *** JOB 17092246 ON gcn150 CANCELLED AT 2025-12-03T17:16:44 DUE to SIGNAL Terminated ***
