============================================================================================== 
Warning! Mixing Conda and module environments may lead to corruption of the
user environment. 
We do not recommend users mixing those two environments unless absolutely
necessary. Note that 
SURF does not provide any support for Conda environment.
For more information, please refer to our software policy page:
https://servicedesk.surf.nl/wiki/display/WIKI/Software+policy+Snellius#SoftwarepolicySnellius-UseofAnacondaandMinicondaenvironmentsonSnellius 

Remember that many packages have already been installed on the system and can
be loaded using 
the 'module load <package__name>' command. If you are uncertain if a package is
already available 
on the system, please use 'module avail' or 'module spider' to search for it.
============================================================================================== 
============================================================
Concept Head Training Pipeline
============================================================
Job started at: Wed Dec  3 20:19:31 CET 2025
CSV data: /home/igodzwon/Project_AI/data/6921d7831744c5356b098bf7_balanced
Cached data: /scratch-shared/igodzwon/Project_AI/data/6921d7831744c5356b098bf7_balanced
Mode: global
============================================================

STEP 1: Splits already exist, skipping...

STEP 2: Cached embeddings already exist, skipping...

============================================================
STEP 3: Computing concept embeddings and priors...
============================================================
/home/igodzwon/.conda/envs/streetview/lib/python3.11/site-packages/transformers/utils/hub.py:110: FutureWarning: Using `TRANSFORMERS_CACHE` is deprecated and will be removed in v5 of Transformers. Use `HF_HOME` instead.
  warnings.warn(
Loading dataset from /home/igodzwon/Project_AI/data/6921d7831744c5356b098bf7_balanced/dataset.csv
Loaded 42309 samples

Found 6519 unique concepts

Loading StreetCLIP model: geolocal/StreetCLIP

Extracting and cleaning concept text descriptions...

Computing text embeddings for 6519 concepts...
Text embeddings shape: torch.Size([6519, 768])

Loading pooled embeddings from /scratch-shared/igodzwon/Project_AI/data/6921d7831744c5356b098bf7_balanced/cached_streetclip/train_pooled_embeddings.pt
Pooled embeddings shape: torch.Size([34028, 1024])
Using pooled embeddings for zero-shot scores

Computing zero-shot scores...
Traceback (most recent call last):
  File "/gpfs/home4/igodzwon/Project_AI/scripts/data_processing/compute_concept_embeddings.py", line 381, in <module>
    main()
  File "/gpfs/home4/igodzwon/Project_AI/scripts/data_processing/compute_concept_embeddings.py", line 301, in main
    zero_shot_scores = compute_zero_shot_scores(
                       ^^^^^^^^^^^^^^^^^^^^^^^^^
  File "/gpfs/home4/igodzwon/Project_AI/scripts/data_processing/compute_concept_embeddings.py", line 122, in compute_zero_shot_scores
    scores_tensor = torch.matmul(pooled, text_emb.T)  # [N, K]
                    ^^^^^^^^^^^^^^^^^^^^^^^^^^^^^^^^
RuntimeError: mat1 and mat2 shapes cannot be multiplied (34028x1024 and 768x6519)
ERROR: Failed to compute concept embeddings for train split
