============================================================================================== 
Warning! Mixing Conda and module environments may lead to corruption of the
user environment. 
We do not recommend users mixing those two environments unless absolutely
necessary. Note that 
SURF does not provide any support for Conda environment.
For more information, please refer to our software policy page:
https://servicedesk.surf.nl/wiki/display/WIKI/Software+policy+Snellius#SoftwarepolicySnellius-UseofAnacondaandMinicondaenvironmentsonSnellius 

Remember that many packages have already been installed on the system and can
be loaded using 
the 'module load <package__name>' command. If you are uncertain if a package is
already available 
on the system, please use 'module avail' or 'module spider' to search for it.
============================================================================================== 
============================================================
Concept Head Training Pipeline
============================================================
Job started at: Wed Dec  3 21:38:19 CET 2025
CSV data: /home/igodzwon/Project_AI/data/6921d7831744c5356b098bf7_balanced
Cached data: /scratch-shared/igodzwon/Project_AI/data/6921d7831744c5356b098bf7_balanced
Mode: global
============================================================

STEP 1: Splits already exist, skipping...

STEP 2: Cached embeddings already exist, skipping...

STEP 3: Concept data already exists, skipping...

============================================================
STEP 4: Training concept head...
============================================================
Mode: global
Epochs: 50
Batch size: 256
Learning rate: 1e-3
Lambda drift: 0.01
============================================================
Saved config to /home/igodzwon/Project_AI/checkpoints/concept_head/config.json

Loading concept data...
Loaded 6242 concepts
Class priors: mean=0.0202, min=0.0202, max=0.0202

Creating datasets (mode: global)...
Loading pooled embeddings from /scratch-shared/igodzwon/Project_AI/data/6921d7831744c5356b098bf7_balanced/cached_streetclip/train_pooled_embeddings.pt
Loaded 34028 pooled embeddings (dimension: 768)
Loading pooled embeddings from /scratch-shared/igodzwon/Project_AI/data/6921d7831744c5356b098bf7_balanced/cached_streetclip/val_pooled_embeddings.pt
Loaded 4254 pooled embeddings (dimension: 768)
Train samples: 34028
Val samples: 4254
Loading pooled embeddings from /scratch-shared/igodzwon/Project_AI/data/6921d7831744c5356b098bf7_balanced/cached_streetclip/test_pooled_embeddings.pt
Loaded 4254 pooled embeddings (dimension: 768)
Test samples: 4254

Creating model (mode: global)...
Detected embedding dimension: 768
Verified: Dataset embeddings match concept embeddings (768D)
Model parameters: 4,793,856

============================================================
Starting training (mode: global)...
============================================================
Epoch 0 [Train]:   0%|          | 0/133 [00:00<?, ?it/s]Epoch 0 [Train]:   0%|          | 0/133 [00:02<?, ?it/s, loss=0.7515, nnpu=0.7515, drift=0.0000]Epoch 0 [Train]:   1%|          | 1/133 [00:02<05:35,  2.54s/it, loss=0.7515, nnpu=0.7515, drift=0.0000]Epoch 0 [Train]:   1%|          | 1/133 [00:02<05:35,  2.54s/it, loss=0.7515, nnpu=0.7515, drift=0.0000]
Traceback (most recent call last):
  File "/gpfs/home4/igodzwon/Project_AI/scripts/training/train_concept_head.py", line 524, in <module>
    main()
  File "/gpfs/home4/igodzwon/Project_AI/scripts/training/train_concept_head.py", line 434, in main
    train_metrics = train_epoch(
                    ^^^^^^^^^^^^
  File "/gpfs/home4/igodzwon/Project_AI/scripts/training/train_concept_head.py", line 100, in train_epoch
    for batch_idx, (pooled, patch_tokens, labels, coords) in enumerate(pbar):
  File "/home/igodzwon/.conda/envs/streetview/lib/python3.11/site-packages/tqdm/std.py", line 1181, in __iter__
    for obj in iterable:
  File "/home/igodzwon/.conda/envs/streetview/lib/python3.11/site-packages/torch/utils/data/dataloader.py", line 732, in __next__
    data = self._next_data()
           ^^^^^^^^^^^^^^^^^
  File "/home/igodzwon/.conda/envs/streetview/lib/python3.11/site-packages/torch/utils/data/dataloader.py", line 1479, in _next_data
    return self._process_data(data, worker_id)
           ^^^^^^^^^^^^^^^^^^^^^^^^^^^^^^^^^^^
  File "/home/igodzwon/.conda/envs/streetview/lib/python3.11/site-packages/torch/utils/data/dataloader.py", line 1541, in _process_data
    data.reraise()
  File "/home/igodzwon/.conda/envs/streetview/lib/python3.11/site-packages/torch/_utils.py", line 769, in reraise
    raise exception
KeyError: Caught KeyError in DataLoader worker process 1.
Original Traceback (most recent call last):
  File "/home/igodzwon/.conda/envs/streetview/lib/python3.11/site-packages/torch/utils/data/_utils/worker.py", line 349, in _worker_loop
    data = fetcher.fetch(index)  # type: ignore[possibly-undefined]
           ^^^^^^^^^^^^^^^^^^^^
  File "/home/igodzwon/.conda/envs/streetview/lib/python3.11/site-packages/torch/utils/data/_utils/fetch.py", line 52, in fetch
    data = [self.dataset[idx] for idx in possibly_batched_index]
           ^^^^^^^^^^^^^^^^^^^^^^^^^^^^^^^^^^^^^^^^^^^^^^^^^^^^^
  File "/home/igodzwon/.conda/envs/streetview/lib/python3.11/site-packages/torch/utils/data/_utils/fetch.py", line 52, in <listcomp>
    data = [self.dataset[idx] for idx in possibly_batched_index]
            ~~~~~~~~~~~~^^^^^
  File "/gpfs/home4/igodzwon/Project_AI/src/data/dataset_concept.py", line 134, in __getitem__
    concept_idx = self.concept_to_idx[concept_name]
                  ~~~~~~~~~~~~~~~~~~~^^^^^^^^^^^^^^
KeyError: 'Länstrafiken Jämtland'

ERROR: Training failed
