============================================================================================== 
Warning! Mixing Conda and module environments may lead to corruption of the
user environment. 
We do not recommend users mixing those two environments unless absolutely
necessary. Note that 
SURF does not provide any support for Conda environment.
For more information, please refer to our software policy page:
https://servicedesk.surf.nl/wiki/display/WIKI/Software+policy+Snellius#SoftwarepolicySnellius-UseofAnacondaandMinicondaenvironmentsonSnellius 

Remember that many packages have already been installed on the system and can
be loaded using 
the 'module load <package__name>' command. If you are uncertain if a package is
already available 
on the system, please use 'module avail' or 'module spider' to search for it.
============================================================================================== 
----------------------------------------------------------------
Job started at: Sun Nov 23 21:07:35 CET 2025
Caching embeddings to: /home/igodzwon/Project_AI/data/6921d7831744c5356b098bf7_balanced/cached_embeddings_augmented
----------------------------------------------------------------
Using device: cuda
Loading backbone: geolocal/StreetCLIP
Using a slow image processor as `use_fast` is unset and a slow processor was saved with this model. `use_fast=True` will be the default behavior in v4.52, even if the model was saved with a slow processor. This will result in minor differences in outputs. You'll still be able to use a slow processor with `use_fast=False`.
Caching 20 augmented versions of training data...
--- Augmentation Pass 1/20 ---
Pass 1:   0%|          | 0/9 [00:00<?, ?it/s]Pass 1:   0%|          | 0/9 [16:58<?, ?it/s]
Traceback (most recent call last):
  File "/home/igodzwon/.conda/envs/streetview/lib/python3.11/site-packages/torch/utils/data/dataloader.py", line 1275, in _try_get_data
    data = self._data_queue.get(timeout=timeout)
           ^^^^^^^^^^^^^^^^^^^^^^^^^^^^^^^^^^^^^
  File "/home/igodzwon/.conda/envs/streetview/lib/python3.11/queue.py", line 180, in get
    self.not_empty.wait(remaining)
  File "/home/igodzwon/.conda/envs/streetview/lib/python3.11/threading.py", line 331, in wait
    gotit = waiter.acquire(True, timeout)
            ^^^^^^^^^^^^^^^^^^^^^^^^^^^^^
  File "/home/igodzwon/.conda/envs/streetview/lib/python3.11/site-packages/torch/utils/data/_utils/signal_handling.py", line 73, in handler
    _error_if_any_worker_fails()
RuntimeError: DataLoader worker (pid 3169914) is killed by signal: Killed. 

The above exception was the direct cause of the following exception:

Traceback (most recent call last):
  File "/gpfs/home4/igodzwon/Project_AI/scripts/data_processing/cache_embeddings.py", line 114, in <module>
    cache_dataset(args)
  File "/gpfs/home4/igodzwon/Project_AI/scripts/data_processing/cache_embeddings.py", line 46, in cache_dataset
    for images in tqdm(train_loader, desc=f"Pass {i+1}"):
  File "/home/igodzwon/.conda/envs/streetview/lib/python3.11/site-packages/tqdm/std.py", line 1181, in __iter__
    for obj in iterable:
  File "/home/igodzwon/.conda/envs/streetview/lib/python3.11/site-packages/torch/utils/data/dataloader.py", line 732, in __next__
    data = self._next_data()
           ^^^^^^^^^^^^^^^^^
  File "/home/igodzwon/.conda/envs/streetview/lib/python3.11/site-packages/torch/utils/data/dataloader.py", line 1482, in _next_data
    idx, data = self._get_data()
                ^^^^^^^^^^^^^^^^
  File "/home/igodzwon/.conda/envs/streetview/lib/python3.11/site-packages/torch/utils/data/dataloader.py", line 1434, in _get_data
    success, data = self._try_get_data()
                    ^^^^^^^^^^^^^^^^^^^^
  File "/home/igodzwon/.conda/envs/streetview/lib/python3.11/site-packages/torch/utils/data/dataloader.py", line 1288, in _try_get_data
    raise RuntimeError(
RuntimeError: DataLoader worker (pid(s) 3169914) exited unexpectedly
----------------------------------------------------------------
Job finished at: Sun Nov 23 21:24:43 CET 2025
[2025-11-23T21:24:43.608] error: Detected 1 oom_kill event in StepId=16913394.batch. Some of the step tasks have been OOM Killed.
